Archive member included to satisfy reference by file (symbol)

D:/software/STM32CubeIDE_1.16.1/STM32CubeIDE/plugins/com.st.stm32cube.ide.mcu.externaltools.gnu-tools-for-stm32.12.3.rel1.win32_1.0.200.202406191623/tools/bin/../lib/gcc/arm-none-eabi/12.3.1/../../../../arm-none-eabi/lib/thumb/v7-m/nofp\libc_nano.a(libc_a-exit.o)
                              D:/software/STM32CubeIDE_1.16.1/STM32CubeIDE/plugins/com.st.stm32cube.ide.mcu.externaltools.gnu-tools-for-stm32.12.3.rel1.win32_1.0.200.202406191623/tools/bin/../lib/gcc/arm-none-eabi/12.3.1/../../../../arm-none-eabi/lib/thumb/v7-m/nofp/crt0.o (exit)
D:/software/STM32CubeIDE_1.16.1/STM32CubeIDE/plugins/com.st.stm32cube.ide.mcu.externaltools.gnu-tools-for-stm32.12.3.rel1.win32_1.0.200.202406191623/tools/bin/../lib/gcc/arm-none-eabi/12.3.1/../../../../arm-none-eabi/lib/thumb/v7-m/nofp\libc_nano.a(libc_a-findfp.o)
                              D:/software/STM32CubeIDE_1.16.1/STM32CubeIDE/plugins/com.st.stm32cube.ide.mcu.externaltools.gnu-tools-for-stm32.12.3.rel1.win32_1.0.200.202406191623/tools/bin/../lib/gcc/arm-none-eabi/12.3.1/../../../../arm-none-eabi/lib/thumb/v7-m/nofp\libc_nano.a(libc_a-exit.o) (__stdio_exit_handler)
D:/software/STM32CubeIDE_1.16.1/STM32CubeIDE/plugins/com.st.stm32cube.ide.mcu.externaltools.gnu-tools-for-stm32.12.3.rel1.win32_1.0.200.202406191623/tools/bin/../lib/gcc/arm-none-eabi/12.3.1/../../../../arm-none-eabi/lib/thumb/v7-m/nofp\libc_nano.a(libc_a-fwalk.o)
                              D:/software/STM32CubeIDE_1.16.1/STM32CubeIDE/plugins/com.st.stm32cube.ide.mcu.externaltools.gnu-tools-for-stm32.12.3.rel1.win32_1.0.200.202406191623/tools/bin/../lib/gcc/arm-none-eabi/12.3.1/../../../../arm-none-eabi/lib/thumb/v7-m/nofp\libc_nano.a(libc_a-findfp.o) (_fwalk_sglue)
D:/software/STM32CubeIDE_1.16.1/STM32CubeIDE/plugins/com.st.stm32cube.ide.mcu.externaltools.gnu-tools-for-stm32.12.3.rel1.win32_1.0.200.202406191623/tools/bin/../lib/gcc/arm-none-eabi/12.3.1/../../../../arm-none-eabi/lib/thumb/v7-m/nofp\libc_nano.a(libc_a-stdio.o)
                              D:/software/STM32CubeIDE_1.16.1/STM32CubeIDE/plugins/com.st.stm32cube.ide.mcu.externaltools.gnu-tools-for-stm32.12.3.rel1.win32_1.0.200.202406191623/tools/bin/../lib/gcc/arm-none-eabi/12.3.1/../../../../arm-none-eabi/lib/thumb/v7-m/nofp\libc_nano.a(libc_a-findfp.o) (__sread)
D:/software/STM32CubeIDE_1.16.1/STM32CubeIDE/plugins/com.st.stm32cube.ide.mcu.externaltools.gnu-tools-for-stm32.12.3.rel1.win32_1.0.200.202406191623/tools/bin/../lib/gcc/arm-none-eabi/12.3.1/../../../../arm-none-eabi/lib/thumb/v7-m/nofp\libc_nano.a(libc_a-vsnprintf.o)
                              ./Core/Src/User/Init.o (vsnprintf)
D:/software/STM32CubeIDE_1.16.1/STM32CubeIDE/plugins/com.st.stm32cube.ide.mcu.externaltools.gnu-tools-for-stm32.12.3.rel1.win32_1.0.200.202406191623/tools/bin/../lib/gcc/arm-none-eabi/12.3.1/../../../../arm-none-eabi/lib/thumb/v7-m/nofp\libc_nano.a(libc_a-memset.o)
                              D:/software/STM32CubeIDE_1.16.1/STM32CubeIDE/plugins/com.st.stm32cube.ide.mcu.externaltools.gnu-tools-for-stm32.12.3.rel1.win32_1.0.200.202406191623/tools/bin/../lib/gcc/arm-none-eabi/12.3.1/../../../../arm-none-eabi/lib/thumb/v7-m/nofp/crt0.o (memset)
D:/software/STM32CubeIDE_1.16.1/STM32CubeIDE/plugins/com.st.stm32cube.ide.mcu.externaltools.gnu-tools-for-stm32.12.3.rel1.win32_1.0.200.202406191623/tools/bin/../lib/gcc/arm-none-eabi/12.3.1/../../../../arm-none-eabi/lib/thumb/v7-m/nofp\libc_nano.a(libc_a-closer.o)
                              D:/software/STM32CubeIDE_1.16.1/STM32CubeIDE/plugins/com.st.stm32cube.ide.mcu.externaltools.gnu-tools-for-stm32.12.3.rel1.win32_1.0.200.202406191623/tools/bin/../lib/gcc/arm-none-eabi/12.3.1/../../../../arm-none-eabi/lib/thumb/v7-m/nofp\libc_nano.a(libc_a-stdio.o) (_close_r)
D:/software/STM32CubeIDE_1.16.1/STM32CubeIDE/plugins/com.st.stm32cube.ide.mcu.externaltools.gnu-tools-for-stm32.12.3.rel1.win32_1.0.200.202406191623/tools/bin/../lib/gcc/arm-none-eabi/12.3.1/../../../../arm-none-eabi/lib/thumb/v7-m/nofp\libc_nano.a(libc_a-reent.o)
                              D:/software/STM32CubeIDE_1.16.1/STM32CubeIDE/plugins/com.st.stm32cube.ide.mcu.externaltools.gnu-tools-for-stm32.12.3.rel1.win32_1.0.200.202406191623/tools/bin/../lib/gcc/arm-none-eabi/12.3.1/../../../../arm-none-eabi/lib/thumb/v7-m/nofp\libc_nano.a(libc_a-closer.o) (errno)
D:/software/STM32CubeIDE_1.16.1/STM32CubeIDE/plugins/com.st.stm32cube.ide.mcu.externaltools.gnu-tools-for-stm32.12.3.rel1.win32_1.0.200.202406191623/tools/bin/../lib/gcc/arm-none-eabi/12.3.1/../../../../arm-none-eabi/lib/thumb/v7-m/nofp\libc_nano.a(libc_a-impure.o)
                              D:/software/STM32CubeIDE_1.16.1/STM32CubeIDE/plugins/com.st.stm32cube.ide.mcu.externaltools.gnu-tools-for-stm32.12.3.rel1.win32_1.0.200.202406191623/tools/bin/../lib/gcc/arm-none-eabi/12.3.1/../../../../arm-none-eabi/lib/thumb/v7-m/nofp\libc_nano.a(libc_a-vsnprintf.o) (_impure_ptr)
[...]
Memory Configuration

Name             Origin             Length             Attributes
RAM              0x20000000         0x00010000         xrw
FLASH            0x08000000         0x00080000         xr
*default*        0x00000000         0xffffffff

Linker script and memory map

LOAD D:/software/STM32CubeIDE_1.16.1/STM32CubeIDE/plugins/com.st.stm32cube.ide.mcu.externaltools.gnu-tools-for-stm32.12.3.rel1.win32_1.0.200.202406191623/tools/bin/../lib/gcc/arm-none-eabi/12.3.1/thumb/v7-m/nofp/crti.o
LOAD D:/software/STM32CubeIDE_1.16.1/STM32CubeIDE/plugins/com.st.stm32cube.ide.mcu.externaltools.gnu-tools-for-stm32.12.3.rel1.win32_1.0.200.202406191623/tools/bin/../lib/gcc/arm-none-eabi/12.3.1/thumb/v7-m/nofp/crtbegin.o
LOAD D:/software/STM32CubeIDE_1.16.1/STM32CubeIDE/plugins/com.st.stm32cube.ide.mcu.externaltools.gnu-tools-for-stm32.12.3.rel1.win32_1.0.200.202406191623/tools/bin/../lib/gcc/arm-none-eabi/12.3.1/../../../../arm-none-eabi/lib/thumb/v7-m/nofp/crt0.o
LOAD ./Core/Src/System/stm32f1xx_hal_msp.o
LOAD ./Core/Src/System/stm32f1xx_it.o
LOAD ./Core/Src/System/syscalls.o
LOAD ./Core/Src/System/sysmem.o
LOAD ./Core/Src/System/system_stm32f1xx.o
LOAD ./Core/Src/User/DMA.o
LOAD ./Core/Src/User/Fpga.o
LOAD ./Core/Src/User/Gpio.o
LOAD ./Core/Src/User/Init.o
LOAD ./Core/Src/User/Passthrough.o
LOAD ./Core/Src/User/Tim.o
LOAD ./Core/Src/User/Usart.o
LOAD ./Core/Src/User/main.o
LOAD ./Core/Startup/startup_stm32f103vetx.o
LOAD ./Drivers/SEGGER_RTT/Src/SEGGER_RTT.o
LOAD ./Drivers/SEGGER_RTT/Src/SEGGER_RTT_printf.o
LOAD ./Drivers/STM32F1xx_HAL_Driver/Src/stm32f1xx_hal.o
LOAD ./Drivers/STM32F1xx_HAL_Driver/Src/stm32f1xx_hal_cortex.o
LOAD ./Drivers/STM32F1xx_HAL_Driver/Src/stm32f1xx_hal_dma.o
LOAD ./Drivers/STM32F1xx_HAL_Driver/Src/stm32f1xx_hal_exti.o
LOAD ./Drivers/STM32F1xx_HAL_Driver/Src/stm32f1xx_hal_flash.o
LOAD ./Drivers/STM32F1xx_HAL_Driver/Src/stm32f1xx_hal_flash_ex.o
LOAD ./Drivers/STM32F1xx_HAL_Driver/Src/stm32f1xx_hal_gpio.o
LOAD ./Drivers/STM32F1xx_HAL_Driver/Src/stm32f1xx_hal_gpio_ex.o
LOAD ./Drivers/STM32F1xx_HAL_Driver/Src/stm32f1xx_hal_iwdg.o
LOAD ./Drivers/STM32F1xx_HAL_Driver/Src/stm32f1xx_hal_pwr.o
LOAD ./Drivers/STM32F1xx_HAL_Driver/Src/stm32f1xx_hal_rcc.o
LOAD ./Drivers/STM32F1xx_HAL_Driver/Src/stm32f1xx_hal_rcc_ex.o
LOAD ./Drivers/STM32F1xx_HAL_Driver/Src/stm32f1xx_hal_tim.o
LOAD ./Drivers/STM32F1xx_HAL_Driver/Src/stm32f1xx_hal_tim_ex.o
LOAD ./Drivers/STM32F1xx_HAL_Driver/Src/stm32f1xx_hal_uart.o
LOAD ./Drivers/STM32F1xx_HAL_Driver/Src/stm32f1xx_hal_wwdg.o
START GROUP
LOAD D:/software/STM32CubeIDE_1.16.1/STM32CubeIDE/plugins/com.st.stm32cube.ide.mcu.externaltools.gnu-tools-for-stm32.12.3.rel1.win32_1.0.200.202406191623/tools/bin/../lib/gcc/arm-none-eabi/12.3.1/../../../../arm-none-eabi/lib/thumb/v7-m/nofp\libc_nano.a
LOAD D:/software/STM32CubeIDE_1.16.1/STM32CubeIDE/plugins/com.st.stm32cube.ide.mcu.externaltools.gnu-tools-for-stm32.12.3.rel1.win32_1.0.200.202406191623/tools/bin/../lib/gcc/arm-none-eabi/12.3.1/../../../../arm-none-eabi/lib/thumb/v7-m/nofp\libm.a
END GROUP
START GROUP
LOAD D:/software/STM32CubeIDE_1.16.1/STM32CubeIDE/plugins/com.st.stm32cube.ide.mcu.externaltools.gnu-tools-for-stm32.12.3.rel1.win32_1.0.200.202406191623/tools/bin/../lib/gcc/arm-none-eabi/12.3.1/thumb/v7-m/nofp\libgcc.a
LOAD D:/software/STM32CubeIDE_1.16.1/STM32CubeIDE/plugins/com.st.stm32cube.ide.mcu.externaltools.gnu-tools-for-stm32.12.3.rel1.win32_1.0.200.202406191623/tools/bin/../lib/gcc/arm-none-eabi/12.3.1/../../../../arm-none-eabi/lib/thumb/v7-m/nofp\libc_nano.a
END GROUP
START GROUP
LOAD D:/software/STM32CubeIDE_1.16.1/STM32CubeIDE/plugins/com.st.stm32cube.ide.mcu.externaltools.gnu-tools-for-stm32.12.3.rel1.win32_1.0.200.202406191623/tools/bin/../lib/gcc/arm-none-eabi/12.3.1/thumb/v7-m/nofp\libgcc.a
LOAD D:/software/STM32CubeIDE_1.16.1/STM32CubeIDE/plugins/com.st.stm32cube.ide.mcu.externaltools.gnu-tools-for-stm32.12.3.rel1.win32_1.0.200.202406191623/tools/bin/../lib/gcc/arm-none-eabi/12.3.1/../../../../arm-none-eabi/lib/thumb/v7-m/nofp\libc_nano.a
LOAD D:/software/STM32CubeIDE_1.16.1/STM32CubeIDE/plugins/com.st.stm32cube.ide.mcu.externaltools.gnu-tools-for-stm32.12.3.rel1.win32_1.0.200.202406191623/tools/bin/../lib/gcc/arm-none-eabi/12.3.1/../../../../arm-none-eabi/lib/thumb/v7-m/nofp\libnosys.a
END GROUP
START GROUP
LOAD D:/software/STM32CubeIDE_1.16.1/STM32CubeIDE/plugins/com.st.stm32cube.ide.mcu.externaltools.gnu-tools-for-stm32.12.3.rel1.win32_1.0.200.202406191623/tools/bin/../lib/gcc/arm-none-eabi/12.3.1/thumb/v7-m/nofp\libgcc.a
LOAD D:/software/STM32CubeIDE_1.16.1/STM32CubeIDE/plugins/com.st.stm32cube.ide.mcu.externaltools.gnu-tools-for-stm32.12.3.rel1.win32_1.0.200.202406191623/tools/bin/../lib/gcc/arm-none-eabi/12.3.1/../../../../arm-none-eabi/lib/thumb/v7-m/nofp\libc_nano.a
LOAD D:/software/STM32CubeIDE_1.16.1/STM32CubeIDE/plugins/com.st.stm32cube.ide.mcu.externaltools.gnu-tools-for-stm32.12.3.rel1.win32_1.0.200.202406191623/tools/bin/../lib/gcc/arm-none-eabi/12.3.1/../../../../arm-none-eabi/lib/thumb/v7-m/nofp\libnosys.a
END GROUP
LOAD D:/software/STM32CubeIDE_1.16.1/STM32CubeIDE/plugins/com.st.stm32cube.ide.mcu.externaltools.gnu-tools-for-stm32.12.3.rel1.win32_1.0.200.202406191623/tools/bin/../lib/gcc/arm-none-eabi/12.3.1/thumb/v7-m/nofp/crtend.o
LOAD D:/software/STM32CubeIDE_1.16.1/STM32CubeIDE/plugins/com.st.stm32cube.ide.mcu.externaltools.gnu-tools-for-stm32.12.3.rel1.win32_1.0.200.202406191623/tools/bin/../lib/gcc/arm-none-eabi/12.3.1/thumb/v7-m/nofp/crtn.o
                0x20010000                        _estack = (ORIGIN (RAM) + LENGTH (RAM))
                0x00000200                        _Min_Heap_Size = 0x200
                0x00000400                        _Min_Stack_Size = 0x400

.isr_vector     0x08000000      0x1e4
                0x08000000                        . = ALIGN (0x4)
 *(.isr_vector)
 .isr_vector    0x08000000      0x1e4 ./Core/Startup/startup_stm32f103vetx.o
                0x08000000                g_pfnVectors
                0x080001e4                        . = ALIGN (0x4)

.text           0x080001e4     0x5ac8
                0x080001e4                        . = ALIGN (0x4)
 *(.text)
 .text          0x080001e4       0x40 D:/software/STM32CubeIDE_1.16.1/STM32CubeIDE/plugins/com.st.stm32cube.ide.mcu.externaltools.gnu-tools-for-stm32.12.3.rel1.win32_1.0.200.202406191623/tools/bin/../lib/gcc/arm-none-eabi/12.3.1/thumb/v7-m/nofp/crtbegin.o
 *(.text*)
 .text.HAL_MspInit
                0x08000224       0x5c ./Core/Src/System/stm32f1xx_hal_msp.o
                0x08000224                HAL_MspInit
 .text.NMI_Handler
                0x08000280        0x8 ./Core/Src/System/stm32f1xx_it.o
                0x08000280                NMI_Handler
 .text.HardFault_Handler
                0x08000288        0x8 ./Core/Src/System/stm32f1xx_it.o
                0x08000288                HardFault_Handler
 .text.MemManage_Handler
                0x08000290        0x8 ./Core/Src/System/stm32f1xx_it.o
                0x08000290                MemManage_Handler
 .text.BusFault_Handler
                0x08000298        0x8 ./Core/Src/System/stm32f1xx_it.o
                0x08000298                BusFault_Handler
 .text.UsageFault_Handler
                0x080002a0        0x8 ./Core/Src/System/stm32f1xx_it.o
                0x080002a0                UsageFault_Handler
 .text.SVC_Handler
                0x080002a8        0xc ./Core/Src/System/stm32f1xx_it.o
                0x080002a8                SVC_Handler
 .text.DebugMon_Handler
                0x080002b4        0xc ./Core/Src/System/stm32f1xx_it.o
                0x080002b4                DebugMon_Handler
 .text.PendSV_Handler
                0x080002c0        0xc ./Core/Src/System/stm32f1xx_it.o
                0x080002c0                PendSV_Handler
 .text.SysTick_Handler
                0x080002cc        0xc ./Core/Src/System/stm32f1xx_it.o
                0x080002cc                SysTick_Handler
 .text.USART1_IRQHandler
                0x080002d8       0x14 ./Core/Src/System/stm32f1xx_it.o
                0x080002d8                USART1_IRQHandler
 .text.UART5_IRQHandler
                0x080002ec       0x14 ./Core/Src/System/stm32f1xx_it.o
                0x080002ec                UART5_IRQHandler
 .text.TIM6_IRQHandler
                0x08000300       0x14 ./Core/Src/System/stm32f1xx_it.o
                0x08000300                TIM6_IRQHandler
 .text._sbrk    0x08000314       0x6c ./Core/Src/System/sysmem.o
                0x08000314                _sbrk
 .text.SystemInit
                0x08000380        0xc ./Core/Src/System/system_stm32f1xx.o
                0x08000380                SystemInit
 .text.MX_DMA_Init
                0x0800038c       0x3c ./Core/Src/User/DMA.o
                0x0800038c                MX_DMA_Init
 .text.FPGA_init
                0x080003c8       0x58 ./Core/Src/User/Fpga.o
                0x080003c8                FPGA_init
 .text.Fpga_Read
                0x08000420      0x24c ./Core/Src/User/Fpga.o
                0x08000420                Fpga_Read
 .text.Fpga_Write
                0x0800066c      0x2a0 ./Core/Src/User/Fpga.o
                0x0800066c                Fpga_Write
 .text.Write_Fir_Parameter
                0x0800090c      0x178 ./Core/Src/User/Fpga.o
                0x0800090c                Write_Fir_Parameter
 .text.MX_GPIO_Init
                0x08000a84      0x17c ./Core/Src/User/Gpio.o
                0x08000a84                MX_GPIO_Init
 .text.init     0x08000c00       0x34 ./Core/Src/User/Init.o
                0x08000c00                init
 .text.SystemClock_Config
                0x08000c34       0x8a ./Core/Src/User/Init.o
                0x08000c34                SystemClock_Config
 *fill*         0x08000cbe        0x2 
 .text.MX_IWDG_Init
                0x08000cc0       0x34 ./Core/Src/User/Init.o
                0x08000cc0                MX_IWDG_Init
 .text.IWDG_FEED_DOG
                0x08000cf4       0x14 ./Core/Src/User/Init.o
                0x08000cf4                IWDG_FEED_DOG
 .text.Checksum_Reverse
                0x08000d08       0xb8 ./Core/Src/User/Init.o
                0x08000d08                Checksum_Reverse
 .text.Checksum_sum
                0x08000dc0       0x42 ./Core/Src/User/Init.o
                0x08000dc0                Checksum_sum
 .text.PRINT_LOG
                0x08000e02       0x76 ./Core/Src/User/Init.o
                0x08000e02                PRINT_LOG
 .text.Error_Handler
                0x08000e78        0xc ./Core/Src/User/Init.o
                0x08000e78                Error_Handler
 .text.ETH_CMDPOLL
                0x08000e84      0x214 ./Core/Src/User/Passthrough.o
                0x08000e84                ETH_CMDPOLL
 .text.DOWN_DATAPOLL
                0x08001098       0x5c ./Core/Src/User/Passthrough.o
                0x08001098                DOWN_DATAPOLL
 .text.Sendtimestamp
                0x080010f4       0x6c ./Core/Src/User/Passthrough.o
                0x080010f4                Sendtimestamp
 .text.TIM_init
                0x08001160       0x18 ./Core/Src/User/Tim.o
                0x08001160                TIM_init
 .text.MX_TIM6_Init
                0x08001178       0x6c ./Core/Src/User/Tim.o
                0x08001178                MX_TIM6_Init
 .text.HAL_TIM_Base_MspInit
                0x080011e4       0x4c ./Core/Src/User/Tim.o
                0x080011e4                HAL_TIM_Base_MspInit
 .text.HAL_TIM_PeriodElapsedCallback
                0x08001230       0x60 ./Core/Src/User/Tim.o
                0x08001230                HAL_TIM_PeriodElapsedCallback
 .text.usart_init
                0x08001290       0x18 ./Core/Src/User/Usart.o
                0x08001290                usart_init
 .text.MX_UART4_Init
                0x080012a8       0x54 ./Core/Src/User/Usart.o
                0x080012a8                MX_UART4_Init
 .text.MX_UART5_Init
                0x080012fc       0x60 ./Core/Src/User/Usart.o
                0x080012fc                MX_UART5_Init
 .text.MX_USART1_UART_Init
                0x0800135c       0x6c ./Core/Src/User/Usart.o
                0x0800135c                MX_USART1_UART_Init
 .text.HAL_UART_MspInit
                0x080013c8      0x224 ./Core/Src/User/Usart.o
                0x080013c8                HAL_UART_MspInit
 .text.ComSendBuf
                0x080015ec       0x5c ./Core/Src/User/Usart.o
                0x080015ec                ComSendBuf
 .text.HAL_UART_RxCpltCallback
                0x08001648      0x878 ./Core/Src/User/Usart.o
                0x08001648                HAL_UART_RxCpltCallback
 .text.DMA1_Channel4_IRQHandler
                0x08001ec0       0x14 ./Core/Src/User/Usart.o
                0x08001ec0                DMA1_Channel4_IRQHandler
 .text.Downcmdsend
                0x08001ed4      0x1b4 ./Core/Src/User/Usart.o
                0x08001ed4                Downcmdsend
 .text.Downdatasend
                0x08002088      0x138 ./Core/Src/User/Usart.o
                0x08002088                Downdatasend
 .text.Resetstate
                0x080021c0       0x60 ./Core/Src/User/Usart.o
                0x080021c0                Resetstate
 .text.main     0x08002220       0x2c ./Core/Src/User/main.o
                0x08002220                main
 .text.Reset_Handler
                0x0800224c       0x48 ./Core/Startup/startup_stm32f103vetx.o
                0x0800224c                Reset_Handler
 .text.Default_Handler
                0x08002294        0x2 ./Core/Startup/startup_stm32f103vetx.o
                0x08002294                RTC_Alarm_IRQHandler
                0x08002294                EXTI2_IRQHandler
                0x08002294                TIM8_TRG_COM_IRQHandler
                0x08002294                TIM8_CC_IRQHandler
                0x08002294                TIM1_CC_IRQHandler
                0x08002294                PVD_IRQHandler
                0x08002294                SDIO_IRQHandler
                0x08002294                EXTI3_IRQHandler
                0x08002294                EXTI0_IRQHandler
                0x08002294                I2C2_EV_IRQHandler
                0x08002294                ADC1_2_IRQHandler
                0x08002294                SPI1_IRQHandler
                0x08002294                TAMPER_IRQHandler
                0x08002294                TIM8_UP_IRQHandler
                0x08002294                DMA2_Channel2_IRQHandler
                0x08002294                USART3_IRQHandler
                0x08002294                RTC_IRQHandler
                0x08002294                DMA1_Channel7_IRQHandler
                0x08002294                CAN1_RX1_IRQHandler
                0x08002294                ADC3_IRQHandler
                0x08002294                TIM4_IRQHandler
                0x08002294                DMA2_Channel1_IRQHandler
                0x08002294                I2C1_EV_IRQHandler
                0x08002294                DMA1_Channel6_IRQHandler
                0x08002294                UART4_IRQHandler
                0x08002294                TIM3_IRQHandler
                0x08002294                RCC_IRQHandler
                0x08002294                TIM1_TRG_COM_IRQHandler
                0x08002294                DMA1_Channel1_IRQHandler
                0x08002294                Default_Handler
                0x08002294                EXTI15_10_IRQHandler
                0x08002294                TIM7_IRQHandler
                0x08002294                TIM5_IRQHandler
                0x08002294                EXTI9_5_IRQHandler
                0x08002294                SPI2_IRQHandler
                0x08002294                DMA1_Channel5_IRQHandler
                0x08002294                EXTI4_IRQHandler
                0x08002294                USB_LP_CAN1_RX0_IRQHandler
                0x08002294                USB_HP_CAN1_TX_IRQHandler
                0x08002294                DMA1_Channel3_IRQHandler
                0x08002294                FSMC_IRQHandler
                0x08002294                TIM1_UP_IRQHandler
                0x08002294                WWDG_IRQHandler
                0x08002294                TIM2_IRQHandler
                0x08002294                TIM1_BRK_IRQHandler
                0x08002294                EXTI1_IRQHandler
                0x08002294                DMA2_Channel4_5_IRQHandler
                0x08002294                USART2_IRQHandler
                0x08002294                I2C2_ER_IRQHandler
                0x08002294                DMA1_Channel2_IRQHandler
                0x08002294                TIM8_BRK_IRQHandler
                0x08002294                CAN1_SCE_IRQHandler
                0x08002294                FLASH_IRQHandler
                0x08002294                SPI3_IRQHandler
                0x08002294                I2C1_ER_IRQHandler
                0x08002294                USBWakeUp_IRQHandler
                0x08002294                DMA2_Channel3_IRQHandler
 *fill*         0x08002296        0x2 
 .text._DoInit  0x08002298       0xa4 ./Drivers/SEGGER_RTT/Src/SEGGER_RTT.o
 .text._WriteBlocking
                0x0800233c       0xb4 ./Drivers/SEGGER_RTT/Src/SEGGER_RTT.o
 .text._WriteNoCheck
                0x080023f0       0x80 ./Drivers/SEGGER_RTT/Src/SEGGER_RTT.o
 .text._GetAvailWriteSpace
                0x08002470       0x44 ./Drivers/SEGGER_RTT/Src/SEGGER_RTT.o
 .text.SEGGER_RTT_WriteNoLock
                0x080024b4       0xa0 ./Drivers/SEGGER_RTT/Src/SEGGER_RTT.o
                0x080024b4                SEGGER_RTT_WriteNoLock
 .text.SEGGER_RTT_Write
                0x08002554       0x48 ./Drivers/SEGGER_RTT/Src/SEGGER_RTT.o
                0x08002554                SEGGER_RTT_Write
 .text.SEGGER_RTT_Init
                0x0800259c        0xc ./Drivers/SEGGER_RTT/Src/SEGGER_RTT.o
                0x0800259c                SEGGER_RTT_Init
 .text.HAL_Init
                0x080025a8       0x2c ./Drivers/STM32F1xx_HAL_Driver/Src/stm32f1xx_hal.o
                0x080025a8                HAL_Init
 .text.HAL_InitTick
                0x080025d4       0x60 ./Drivers/STM32F1xx_HAL_Driver/Src/stm32f1xx_hal.o
                0x080025d4                HAL_InitTick
 .text.HAL_IncTick
                0x08002634       0x24 ./Drivers/STM32F1xx_HAL_Driver/Src/stm32f1xx_hal.o
                0x08002634                HAL_IncTick
 .text.HAL_GetTick
                0x08002658       0x14 ./Drivers/STM32F1xx_HAL_Driver/Src/stm32f1xx_hal.o
                0x08002658                HAL_GetTick
 .text.__NVIC_SetPriorityGrouping
                0x0800266c       0x48 ./Drivers/STM32F1xx_HAL_Driver/Src/stm32f1xx_hal_cortex.o
 .text.__NVIC_GetPriorityGrouping
                0x080026b4       0x1c ./Drivers/STM32F1xx_HAL_Driver/Src/stm32f1xx_hal_cortex.o
 .text.__NVIC_EnableIRQ
                0x080026d0       0x38 ./Drivers/STM32F1xx_HAL_Driver/Src/stm32f1xx_hal_cortex.o
 .text.__NVIC_SetPriority
                0x08002708       0x54 ./Drivers/STM32F1xx_HAL_Driver/Src/stm32f1xx_hal_cortex.o
 .text.NVIC_EncodePriority
                0x0800275c       0x64 ./Drivers/STM32F1xx_HAL_Driver/Src/stm32f1xx_hal_cortex.o
 .text.SysTick_Config
                0x080027c0       0x44 ./Drivers/STM32F1xx_HAL_Driver/Src/stm32f1xx_hal_cortex.o
 .text.HAL_NVIC_SetPriorityGrouping
                0x08002804       0x16 ./Drivers/STM32F1xx_HAL_Driver/Src/stm32f1xx_hal_cortex.o
                0x08002804                HAL_NVIC_SetPriorityGrouping
 .text.HAL_NVIC_SetPriority
                0x0800281a       0x38 ./Drivers/STM32F1xx_HAL_Driver/Src/stm32f1xx_hal_cortex.o
                0x0800281a                HAL_NVIC_SetPriority
 .text.HAL_NVIC_EnableIRQ
                0x08002852       0x1c ./Drivers/STM32F1xx_HAL_Driver/Src/stm32f1xx_hal_cortex.o
                0x08002852                HAL_NVIC_EnableIRQ
 .text.HAL_SYSTICK_Config
                0x0800286e       0x18 ./Drivers/STM32F1xx_HAL_Driver/Src/stm32f1xx_hal_cortex.o
                0x0800286e                HAL_SYSTICK_Config
 *fill*         0x08002886        0x2 
 .text.HAL_DMA_Init
                0x08002888       0xec ./Drivers/STM32F1xx_HAL_Driver/Src/stm32f1xx_hal_dma.o
                0x08002888                HAL_DMA_Init
 .text.HAL_DMA_Start_IT
                0x08002974       0xc0 ./Drivers/STM32F1xx_HAL_Driver/Src/stm32f1xx_hal_dma.o
                0x08002974                HAL_DMA_Start_IT
 .text.HAL_DMA_Abort
                0x08002a34       0x76 ./Drivers/STM32F1xx_HAL_Driver/Src/stm32f1xx_hal_dma.o
                0x08002a34                HAL_DMA_Abort
 *fill*         0x08002aaa        0x2 
 .text.HAL_DMA_Abort_IT
                0x08002aac      0x210 ./Drivers/STM32F1xx_HAL_Driver/Src/stm32f1xx_hal_dma.o
                0x08002aac                HAL_DMA_Abort_IT
 .text.HAL_DMA_IRQHandler
                0x08002cbc      0x478 ./Drivers/STM32F1xx_HAL_Driver/Src/stm32f1xx_hal_dma.o
                0x08002cbc                HAL_DMA_IRQHandler
 .text.DMA_SetConfig
                0x08003134       0x5a ./Drivers/STM32F1xx_HAL_Driver/Src/stm32f1xx_hal_dma.o
 *fill*         0x0800318e        0x2 
 .text.HAL_GPIO_Init
                0x08003190      0x328 ./Drivers/STM32F1xx_HAL_Driver/Src/stm32f1xx_hal_gpio.o
                0x08003190                HAL_GPIO_Init
 .text.HAL_GPIO_ReadPin
                0x080034b8       0x2e ./Drivers/STM32F1xx_HAL_Driver/Src/stm32f1xx_hal_gpio.o
                0x080034b8                HAL_GPIO_ReadPin
 .text.HAL_GPIO_WritePin
                0x080034e6       0x30 ./Drivers/STM32F1xx_HAL_Driver/Src/stm32f1xx_hal_gpio.o
                0x080034e6                HAL_GPIO_WritePin
 .text.HAL_GPIO_TogglePin
                0x08003516       0x32 ./Drivers/STM32F1xx_HAL_Driver/Src/stm32f1xx_hal_gpio.o
                0x08003516                HAL_GPIO_TogglePin
 .text.HAL_IWDG_Init
                0x08003548       0x88 ./Drivers/STM32F1xx_HAL_Driver/Src/stm32f1xx_hal_iwdg.o
                0x08003548                HAL_IWDG_Init
 .text.HAL_IWDG_Refresh
                0x080035d0       0x1e ./Drivers/STM32F1xx_HAL_Driver/Src/stm32f1xx_hal_iwdg.o
                0x080035d0                HAL_IWDG_Refresh
 *fill*         0x080035ee        0x2 
 .text.HAL_RCC_OscConfig
                0x080035f0      0x504 ./Drivers/STM32F1xx_HAL_Driver/Src/stm32f1xx_hal_rcc.o
                0x080035f0                HAL_RCC_OscConfig
 .text.HAL_RCC_ClockConfig
                0x08003af4      0x1d4 ./Drivers/STM32F1xx_HAL_Driver/Src/stm32f1xx_hal_rcc.o
                0x08003af4                HAL_RCC_ClockConfig
 .text.HAL_RCC_GetSysClockFreq
                0x08003cc8       0xa8 ./Drivers/STM32F1xx_HAL_Driver/Src/stm32f1xx_hal_rcc.o
                0x08003cc8                HAL_RCC_GetSysClockFreq
 .text.HAL_RCC_GetHCLKFreq
                0x08003d70       0x14 ./Drivers/STM32F1xx_HAL_Driver/Src/stm32f1xx_hal_rcc.o
                0x08003d70                HAL_RCC_GetHCLKFreq
 .text.HAL_RCC_GetPCLK1Freq
                0x08003d84       0x28 ./Drivers/STM32F1xx_HAL_Driver/Src/stm32f1xx_hal_rcc.o
                0x08003d84                HAL_RCC_GetPCLK1Freq
 .text.HAL_RCC_GetPCLK2Freq
                0x08003dac       0x28 ./Drivers/STM32F1xx_HAL_Driver/Src/stm32f1xx_hal_rcc.o
                0x08003dac                HAL_RCC_GetPCLK2Freq
 .text.RCC_Delay
                0x08003dd4       0x3c ./Drivers/STM32F1xx_HAL_Driver/Src/stm32f1xx_hal_rcc.o
 .text.HAL_TIM_Base_Init
                0x08003e10       0x9e ./Drivers/STM32F1xx_HAL_Driver/Src/stm32f1xx_hal_tim.o
                0x08003e10                HAL_TIM_Base_Init
 *fill*         0x08003eae        0x2 
 .text.HAL_TIM_Base_Start_IT
                0x08003eb0       0xc0 ./Drivers/STM32F1xx_HAL_Driver/Src/stm32f1xx_hal_tim.o
                0x08003eb0                HAL_TIM_Base_Start_IT
 .text.HAL_TIM_IRQHandler
                0x08003f70      0x1e0 ./Drivers/STM32F1xx_HAL_Driver/Src/stm32f1xx_hal_tim.o
                0x08003f70                HAL_TIM_IRQHandler
 .text.HAL_TIM_OC_DelayElapsedCallback
                0x08004150       0x12 ./Drivers/STM32F1xx_HAL_Driver/Src/stm32f1xx_hal_tim.o
                0x08004150                HAL_TIM_OC_DelayElapsedCallback
 .text.HAL_TIM_IC_CaptureCallback
                0x08004162       0x12 ./Drivers/STM32F1xx_HAL_Driver/Src/stm32f1xx_hal_tim.o
                0x08004162                HAL_TIM_IC_CaptureCallback
 .text.HAL_TIM_PWM_PulseFinishedCallback
                0x08004174       0x12 ./Drivers/STM32F1xx_HAL_Driver/Src/stm32f1xx_hal_tim.o
                0x08004174                HAL_TIM_PWM_PulseFinishedCallback
 .text.HAL_TIM_TriggerCallback
                0x08004186       0x12 ./Drivers/STM32F1xx_HAL_Driver/Src/stm32f1xx_hal_tim.o
                0x08004186                HAL_TIM_TriggerCallback
 .text.TIM_Base_SetConfig
                0x08004198      0x10c ./Drivers/STM32F1xx_HAL_Driver/Src/stm32f1xx_hal_tim.o
                0x08004198                TIM_Base_SetConfig
 .text.HAL_TIMEx_MasterConfigSynchronization
                0x080042a4       0xd8 ./Drivers/STM32F1xx_HAL_Driver/Src/stm32f1xx_hal_tim_ex.o
                0x080042a4                HAL_TIMEx_MasterConfigSynchronization
 .text.HAL_TIMEx_CommutCallback
                0x0800437c       0x12 ./Drivers/STM32F1xx_HAL_Driver/Src/stm32f1xx_hal_tim_ex.o
                0x0800437c                HAL_TIMEx_CommutCallback
 .text.HAL_TIMEx_BreakCallback
                0x0800438e       0x12 ./Drivers/STM32F1xx_HAL_Driver/Src/stm32f1xx_hal_tim_ex.o
                0x0800438e                HAL_TIMEx_BreakCallback
 .text.HAL_UART_Init
                0x080043a0       0xa0 ./Drivers/STM32F1xx_HAL_Driver/Src/stm32f1xx_hal_uart.o
                0x080043a0                HAL_UART_Init
 .text.HAL_UART_Transmit
                0x08004440      0x116 ./Drivers/STM32F1xx_HAL_Driver/Src/stm32f1xx_hal_uart.o
                0x08004440                HAL_UART_Transmit
 .text.HAL_UART_Receive_IT
                0x08004556       0x4a ./Drivers/STM32F1xx_HAL_Driver/Src/stm32f1xx_hal_uart.o
                0x08004556                HAL_UART_Receive_IT
 .text.HAL_UART_Transmit_DMA
                0x080045a0       0xe0 ./Drivers/STM32F1xx_HAL_Driver/Src/stm32f1xx_hal_uart.o
                0x080045a0                HAL_UART_Transmit_DMA
 .text.HAL_UART_IRQHandler
                0x08004680      0x524 ./Drivers/STM32F1xx_HAL_Driver/Src/stm32f1xx_hal_uart.o
                0x08004680                HAL_UART_IRQHandler
 .text.HAL_UART_TxCpltCallback
                0x08004ba4       0x12 ./Drivers/STM32F1xx_HAL_Driver/Src/stm32f1xx_hal_uart.o
                0x08004ba4                HAL_UART_TxCpltCallback
 .text.HAL_UART_TxHalfCpltCallback
                0x08004bb6       0x12 ./Drivers/STM32F1xx_HAL_Driver/Src/stm32f1xx_hal_uart.o
                0x08004bb6                HAL_UART_TxHalfCpltCallback
 .text.HAL_UART_ErrorCallback
                0x08004bc8       0x12 ./Drivers/STM32F1xx_HAL_Driver/Src/stm32f1xx_hal_uart.o
                0x08004bc8                HAL_UART_ErrorCallback
 .text.HAL_UARTEx_RxEventCallback
                0x08004bda       0x16 ./Drivers/STM32F1xx_HAL_Driver/Src/stm32f1xx_hal_uart.o
                0x08004bda                HAL_UARTEx_RxEventCallback
 .text.UART_DMATransmitCplt
                0x08004bf0       0x9a ./Drivers/STM32F1xx_HAL_Driver/Src/stm32f1xx_hal_uart.o
 .text.UART_DMATxHalfCplt
                0x08004c8a       0x1c ./Drivers/STM32F1xx_HAL_Driver/Src/stm32f1xx_hal_uart.o
 .text.UART_DMAError
                0x08004ca6       0x94 ./Drivers/STM32F1xx_HAL_Driver/Src/stm32f1xx_hal_uart.o
 .text.UART_WaitOnFlagUntilTimeout
                0x08004d3a       0xb2 ./Drivers/STM32F1xx_HAL_Driver/Src/stm32f1xx_hal_uart.o
 .text.UART_Start_Receive_IT
                0x08004dec       0x72 ./Drivers/STM32F1xx_HAL_Driver/Src/stm32f1xx_hal_uart.o
                0x08004dec                UART_Start_Receive_IT
 .text.UART_EndTxTransfer
                0x08004e5e       0x4e ./Drivers/STM32F1xx_HAL_Driver/Src/stm32f1xx_hal_uart.o
 .text.UART_EndRxTransfer
                0x08004eac       0xc4 ./Drivers/STM32F1xx_HAL_Driver/Src/stm32f1xx_hal_uart.o
 .text.UART_DMAAbortOnError
                0x08004f70       0x28 ./Drivers/STM32F1xx_HAL_Driver/Src/stm32f1xx_hal_uart.o
 .text.UART_Transmit_IT
                0x08004f98       0x9e ./Drivers/STM32F1xx_HAL_Driver/Src/stm32f1xx_hal_uart.o
 .text.UART_EndTransmit_IT
                0x08005036       0x30 ./Drivers/STM32F1xx_HAL_Driver/Src/stm32f1xx_hal_uart.o
 .text.UART_Receive_IT
                0x08005066      0x17c ./Drivers/STM32F1xx_HAL_Driver/Src/stm32f1xx_hal_uart.o
 *fill*         0x080051e2        0x2 
 .text.UART_SetConfig
                0x080051e4      0x11c ./Drivers/STM32F1xx_HAL_Driver/Src/stm32f1xx_hal_uart.o
 .text._vsnprintf_r
                0x08005300       0x56 D:/software/STM32CubeIDE_1.16.1/STM32CubeIDE/plugins/com.st.stm32cube.ide.mcu.externaltools.gnu-tools-for-stm32.12.3.rel1.win32_1.0.200.202406191623/tools/bin/../lib/gcc/arm-none-eabi/12.3.1/../../../../arm-none-eabi/lib/thumb/v7-m/nofp\libc_nano.a(libc_a-vsnprintf.o)
                0x08005300                _vsniprintf_r
                0x08005300                _vsnprintf_r
 *fill*         0x08005356        0x2 
 .text.vsnprintf
                0x08005358       0x1c D:/software/STM32CubeIDE_1.16.1/STM32CubeIDE/plugins/com.st.stm32cube.ide.mcu.externaltools.gnu-tools-for-stm32.12.3.rel1.win32_1.0.200.202406191623/tools/bin/../lib/gcc/arm-none-eabi/12.3.1/../../../../arm-none-eabi/lib/thumb/v7-m/nofp\libc_nano.a(libc_a-vsnprintf.o)
                0x08005358                vsniprintf
                0x08005358                vsnprintf
 .text.memset   0x08005374       0x10 D:/software/STM32CubeIDE_1.16.1/STM32CubeIDE/plugins/com.st.stm32cube.ide.mcu.externaltools.gnu-tools-for-stm32.12.3.rel1.win32_1.0.200.202406191623/tools/bin/../lib/gcc/arm-none-eabi/12.3.1/../../../../arm-none-eabi/lib/thumb/v7-m/nofp\libc_nano.a(libc_a-memset.o)
                0x08005374                memset
 .text.__errno  0x08005384        0xc D:/software/STM32CubeIDE_1.16.1/STM32CubeIDE/plugins/com.st.stm32cube.ide.mcu.externaltools.gnu-tools-for-stm32.12.3.rel1.win32_1.0.200.202406191623/tools/bin/../lib/gcc/arm-none-eabi/12.3.1/../../../../arm-none-eabi/lib/thumb/v7-m/nofp\libc_nano.a(libc_a-errno.o)
                0x08005384                __errno
 .text.__libc_init_array
                0x08005390       0x48 D:/software/STM32CubeIDE_1.16.1/STM32CubeIDE/plugins/com.st.stm32cube.ide.mcu.externaltools.gnu-tools-for-stm32.12.3.rel1.win32_1.0.200.202406191623/tools/bin/../lib/gcc/arm-none-eabi/12.3.1/../../../../arm-none-eabi/lib/thumb/v7-m/nofp\libc_nano.a(libc_a-init.o)
                0x08005390                __libc_init_array
 .text.__retarget_lock_acquire_recursive
                0x080053d8        0x2 D:/software/STM32CubeIDE_1.16.1/STM32CubeIDE/plugins/com.st.stm32cube.ide.mcu.externaltools.gnu-tools-for-stm32.12.3.rel1.win32_1.0.200.202406191623/tools/bin/../lib/gcc/arm-none-eabi/12.3.1/../../../../arm-none-eabi/lib/thumb/v7-m/nofp\libc_nano.a(libc_a-lock.o)
                0x080053d8                __retarget_lock_acquire_recursive
 .text.__retarget_lock_release_recursive
                0x080053da        0x2 D:/software/STM32CubeIDE_1.16.1/STM32CubeIDE/plugins/com.st.stm32cube.ide.mcu.externaltools.gnu-tools-for-stm32.12.3.rel1.win32_1.0.200.202406191623/tools/bin/../lib/gcc/arm-none-eabi/12.3.1/../../../../arm-none-eabi/lib/thumb/v7-m/nofp\libc_nano.a(libc_a-lock.o)
                0x080053da                __retarget_lock_release_recursive
 .text.memcpy   0x080053dc       0x1c D:/software/STM32CubeIDE_1.16.1/STM32CubeIDE/plugins/com.st.stm32cube.ide.mcu.externaltools.gnu-tools-for-stm32.12.3.rel1.win32_1.0.200.202406191623/tools/bin/../lib/gcc/arm-none-eabi/12.3.1/../../../../arm-none-eabi/lib/thumb/v7-m/nofp\libc_nano.a(libc_a-memcpy-stub.o)
                0x080053dc                memcpy
 .text._free_r  0x080053f8       0x90 D:/software/STM32CubeIDE_1.16.1/STM32CubeIDE/plugins/com.st.stm32cube.ide.mcu.externaltools.gnu-tools-for-stm32.12.3.rel1.win32_1.0.200.202406191623/tools/bin/../lib/gcc/arm-none-eabi/12.3.1/../../../../arm-none-eabi/lib/thumb/v7-m/nofp\libc_nano.a(libc_a-freer.o)
                0x080053f8                _free_r
 .text.sbrk_aligned
                0x08005488       0x44 D:/software/STM32CubeIDE_1.16.1/STM32CubeIDE/plugins/com.st.stm32cube.ide.mcu.externaltools.gnu-tools-for-stm32.12.3.rel1.win32_1.0.200.202406191623/tools/bin/../lib/gcc/arm-none-eabi/12.3.1/../../../../arm-none-eabi/lib/thumb/v7-m/nofp\libc_nano.a(libc_a-mallocr.o)
 .text._malloc_r
                0x080054cc      0x100 D:/software/STM32CubeIDE_1.16.1/STM32CubeIDE/plugins/com.st.stm32cube.ide.mcu.externaltools.gnu-tools-for-stm32.12.3.rel1.win32_1.0.200.202406191623/tools/bin/../lib/gcc/arm-none-eabi/12.3.1/../../../../arm-none-eabi/lib/thumb/v7-m/nofp\libc_nano.a(libc_a-mallocr.o)
                0x080054cc                _malloc_r
 .text.__malloc_lock
                0x080055cc        0xc D:/software/STM32CubeIDE_1.16.1/STM32CubeIDE/plugins/com.st.stm32cube.ide.mcu.externaltools.gnu-tools-for-stm32.12.3.rel1.win32_1.0.200.202406191623/tools/bin/../lib/gcc/arm-none-eabi/12.3.1/../../../../arm-none-eabi/lib/thumb/v7-m/nofp\libc_nano.a(libc_a-mlock.o)
                0x080055cc                __malloc_lock
 .text.__malloc_unlock
                0x080055d8        0xc D:/software/STM32CubeIDE_1.16.1/STM32CubeIDE/plugins/com.st.stm32cube.ide.mcu.externaltools.gnu-tools-for-stm32.12.3.rel1.win32_1.0.200.202406191623/tools/bin/../lib/gcc/arm-none-eabi/12.3.1/../../../../arm-none-eabi/lib/thumb/v7-m/nofp\libc_nano.a(libc_a-mlock.o)
                0x080055d8                __malloc_unlock
 .text.__ssputs_r
                0x080055e4       0xb6 D:/software/STM32CubeIDE_1.16.1/STM32CubeIDE/plugins/com.st.stm32cube.ide.mcu.externaltools.gnu-tools-for-stm32.12.3.rel1.win32_1.0.200.202406191623/tools/bin/../lib/gcc/arm-none-eabi/12.3.1/../../../../arm-none-eabi/lib/thumb/v7-m/nofp\libc_nano.a(libc_a-nano-svfprintf.o)
                0x080055e4                __ssputs_r
 *fill*         0x0800569a        0x2 
 .text._svfprintf_r
                0x0800569c      0x1f8 D:/software/STM32CubeIDE_1.16.1/STM32CubeIDE/plugins/com.st.stm32cube.ide.mcu.externaltools.gnu-tools-for-stm32.12.3.rel1.win32_1.0.200.202406191623/tools/bin/../lib/gcc/arm-none-eabi/12.3.1/../../../../arm-none-eabi/lib/thumb/v7-m/nofp\libc_nano.a(libc_a-nano-svfprintf.o)
                0x0800569c                _svfiprintf_r
                0x0800569c                _svfprintf_r
 .text._printf_common
                0x08005894       0xe4 D:/software/STM32CubeIDE_1.16.1/STM32CubeIDE/plugins/com.st.stm32cube.ide.mcu.externaltools.gnu-tools-for-stm32.12.3.rel1.win32_1.0.200.202406191623/tools/bin/../lib/gcc/arm-none-eabi/12.3.1/../../../../arm-none-eabi/lib/thumb/v7-m/nofp\libc_nano.a(libc_a-nano-vfprintf_i.o)
                0x08005894                _printf_common
 .text._printf_i
                0x08005978      0x240 D:/software/STM32CubeIDE_1.16.1/STM32CubeIDE/plugins/com.st.stm32cube.ide.mcu.externaltools.gnu-tools-for-stm32.12.3.rel1.win32_1.0.200.202406191623/tools/bin/../lib/gcc/arm-none-eabi/12.3.1/../../../../arm-none-eabi/lib/thumb/v7-m/nofp\libc_nano.a(libc_a-nano-vfprintf_i.o)
                0x08005978                _printf_i
 .text.memmove  0x08005bb8       0x34 D:/software/STM32CubeIDE_1.16.1/STM32CubeIDE/plugins/com.st.stm32cube.ide.mcu.externaltools.gnu-tools-for-stm32.12.3.rel1.win32_1.0.200.202406191623/tools/bin/../lib/gcc/arm-none-eabi/12.3.1/../../../../arm-none-eabi/lib/thumb/v7-m/nofp\libc_nano.a(libc_a-memmove.o)
                0x08005bb8                memmove
 .text._sbrk_r  0x08005bec       0x20 D:/software/STM32CubeIDE_1.16.1/STM32CubeIDE/plugins/com.st.stm32cube.ide.mcu.externaltools.gnu-tools-for-stm32.12.3.rel1.win32_1.0.200.202406191623/tools/bin/../lib/gcc/arm-none-eabi/12.3.1/../../../../arm-none-eabi/lib/thumb/v7-m/nofp\libc_nano.a(libc_a-sbrkr.o)
                0x08005bec                _sbrk_r
 .text.memchr   0x08005c0c       0x1c D:/software/STM32CubeIDE_1.16.1/STM32CubeIDE/plugins/com.st.stm32cube.ide.mcu.externaltools.gnu-tools-for-stm32.12.3.rel1.win32_1.0.200.202406191623/tools/bin/../lib/gcc/arm-none-eabi/12.3.1/../../../../arm-none-eabi/lib/thumb/v7-m/nofp\libc_nano.a(libc_a-memchr-stub.o)
                0x08005c0c                memchr
 .text._realloc_r
                0x08005c28       0x5c D:/software/STM32CubeIDE_1.16.1/STM32CubeIDE/plugins/com.st.stm32cube.ide.mcu.externaltools.gnu-tools-for-stm32.12.3.rel1.win32_1.0.200.202406191623/tools/bin/../lib/gcc/arm-none-eabi/12.3.1/../../../../arm-none-eabi/lib/thumb/v7-m/nofp\libc_nano.a(libc_a-reallocr.o)
                0x08005c28                _realloc_r
 .text._malloc_usable_size_r
                0x08005c84       0x10 D:/software/STM32CubeIDE_1.16.1/STM32CubeIDE/plugins/com.st.stm32cube.ide.mcu.externaltools.gnu-tools-for-stm32.12.3.rel1.win32_1.0.200.202406191623/tools/bin/../lib/gcc/arm-none-eabi/12.3.1/../../../../arm-none-eabi/lib/thumb/v7-m/nofp\libc_nano.a(libc_a-msizer.o)
                0x08005c84                _malloc_usable_size_r
 *(.glue_7)
 .glue_7        0x08005c94        0x0 linker stubs
 *(.glue_7t)
 .glue_7t       0x08005c94        0x0 linker stubs
 *(.eh_frame)
 .eh_frame      0x08005c94        0x0 D:/software/STM32CubeIDE_1.16.1/STM32CubeIDE/plugins/com.st.stm32cube.ide.mcu.externaltools.gnu-tools-for-stm32.12.3.rel1.win32_1.0.200.202406191623/tools/bin/../lib/gcc/arm-none-eabi/12.3.1/thumb/v7-m/nofp/crtbegin.o
 *(.init)
 .init          0x08005c94        0x4 D:/software/STM32CubeIDE_1.16.1/STM32CubeIDE/plugins/com.st.stm32cube.ide.mcu.externaltools.gnu-tools-for-stm32.12.3.rel1.win32_1.0.200.202406191623/tools/bin/../lib/gcc/arm-none-eabi/12.3.1/thumb/v7-m/nofp/crti.o
                0x08005c94                _init
 .init          0x08005c98        0x8 D:/software/STM32CubeIDE_1.16.1/STM32CubeIDE/plugins/com.st.stm32cube.ide.mcu.externaltools.gnu-tools-for-stm32.12.3.rel1.win32_1.0.200.202406191623/tools/bin/../lib/gcc/arm-none-eabi/12.3.1/thumb/v7-m/nofp/crtn.o
 *(.fini)
 .fini          0x08005ca0        0x4 D:/software/STM32CubeIDE_1.16.1/STM32CubeIDE/plugins/com.st.stm32cube.ide.mcu.externaltools.gnu-tools-for-stm32.12.3.rel1.win32_1.0.200.202406191623/tools/bin/../lib/gcc/arm-none-eabi/12.3.1/thumb/v7-m/nofp/crti.o
                0x08005ca0                _fini
 .fini          0x08005ca4        0x8 D:/software/STM32CubeIDE_1.16.1/STM32CubeIDE/plugins/com.st.stm32cube.ide.mcu.externaltools.gnu-tools-for-stm32.12.3.rel1.win32_1.0.200.202406191623/tools/bin/../lib/gcc/arm-none-eabi/12.3.1/thumb/v7-m/nofp/crtn.o
                0x08005cac                        . = ALIGN (0x4)
                0x08005cac                        _etext = .

.vfp11_veneer   0x08005cac        0x0
 .vfp11_veneer  0x08005cac        0x0 linker stubs

.v4_bx          0x08005cac        0x0
 .v4_bx         0x08005cac        0x0 linker stubs

.iplt           0x08005cac        0x0
 .iplt          0x08005cac        0x0 D:/software/STM32CubeIDE_1.16.1/STM32CubeIDE/plugins/com.st.stm32cube.ide.mcu.externaltools.gnu-tools-for-stm32.12.3.rel1.win32_1.0.200.202406191623/tools/bin/../lib/gcc/arm-none-eabi/12.3.1/thumb/v7-m/nofp/crtbegin.o

.rodata         0x08005cac      0x4c4
                0x08005cac                        . = ALIGN (0x4)
 *(.rodata)
 .rodata        0x08005cac        0xb ./Core/Src/User/Init.o
 *fill*         0x08005cb7        0x1 
 .rodata        0x08005cb8       0x42 ./Core/Src/User/Passthrough.o
 *fill*         0x08005cfa        0x2 
 .rodata        0x08005cfc       0x17 ./Drivers/SEGGER_RTT/Src/SEGGER_RTT.o
 *(.rodata*)
 *fill*         0x08005d13        0x1 
 .rodata.AHBPrescTable
                0x08005d14       0x10 ./Core/Src/System/system_stm32f1xx.o
                0x08005d14                AHBPrescTable
 .rodata.APBPrescTable
                0x08005d24        0x8 ./Core/Src/System/system_stm32f1xx.o
                0x08005d24                APBPrescTable
 .rodata.FIR_Parameter
                0x08005d2c      0x3fc ./Core/Src/User/Fpga.o
                0x08005d2c                FIR_Parameter
 .rodata.aPLLMULFactorTable.1
                0x08006128       0x10 ./Drivers/STM32F1xx_HAL_Driver/Src/stm32f1xx_hal_rcc.o
 .rodata.aPredivFactorTable.0
                0x08006138        0x2 ./Drivers/STM32F1xx_HAL_Driver/Src/stm32f1xx_hal_rcc.o
 .rodata._svfprintf_r.str1.1
                0x0800613a       0x11 D:/software/STM32CubeIDE_1.16.1/STM32CubeIDE/plugins/com.st.stm32cube.ide.mcu.externaltools.gnu-tools-for-stm32.12.3.rel1.win32_1.0.200.202406191623/tools/bin/../lib/gcc/arm-none-eabi/12.3.1/../../../../arm-none-eabi/lib/thumb/v7-m/nofp\libc_nano.a(libc_a-nano-svfprintf.o)
 .rodata._printf_i.str1.1
                0x0800614b       0x22 D:/software/STM32CubeIDE_1.16.1/STM32CubeIDE/plugins/com.st.stm32cube.ide.mcu.externaltools.gnu-tools-for-stm32.12.3.rel1.win32_1.0.200.202406191623/tools/bin/../lib/gcc/arm-none-eabi/12.3.1/../../../../arm-none-eabi/lib/thumb/v7-m/nofp\libc_nano.a(libc_a-nano-vfprintf_i.o)
                0x08006170                        . = ALIGN (0x4)
 *fill*         0x0800616d        0x3 

.ARM.extab      0x08006170        0x0
                0x08006170                        . = ALIGN (0x4)
 *(.ARM.extab* .gnu.linkonce.armextab.*)
                0x08006170                        . = ALIGN (0x4)

.ARM            0x08006170        0x0
                0x08006170                        . = ALIGN (0x4)
                0x08006170                        __exidx_start = .
 *(.ARM.exidx*)
                0x08006170                        __exidx_end = .
                0x08006170                        . = ALIGN (0x4)

.preinit_array  0x08006170        0x0
                0x08006170                        . = ALIGN (0x4)
                0x08006170                        PROVIDE (__preinit_array_start = .)
 *(.preinit_array*)
                0x08006170                        PROVIDE (__preinit_array_end = .)
                0x08006170                        . = ALIGN (0x4)

.init_array     0x08006170        0x4
                0x08006170                        . = ALIGN (0x4)
                0x08006170                        PROVIDE (__init_array_start = .)
 *(SORT_BY_NAME(.init_array.*))
 *(.init_array*)
 .init_array    0x08006170        0x4 D:/software/STM32CubeIDE_1.16.1/STM32CubeIDE/plugins/com.st.stm32cube.ide.mcu.externaltools.gnu-tools-for-stm32.12.3.rel1.win32_1.0.200.202406191623/tools/bin/../lib/gcc/arm-none-eabi/12.3.1/thumb/v7-m/nofp/crtbegin.o
                0x08006174                        PROVIDE (__init_array_end = .)
                0x08006174                        . = ALIGN (0x4)

.fini_array     0x08006174        0x4
                0x08006174                        . = ALIGN (0x4)
                [!provide]                        PROVIDE (__fini_array_start = .)
 *(SORT_BY_NAME(.fini_array.*))
 *(.fini_array*)
 .fini_array    0x08006174        0x4 D:/software/STM32CubeIDE_1.16.1/STM32CubeIDE/plugins/com.st.stm32cube.ide.mcu.externaltools.gnu-tools-for-stm32.12.3.rel1.win32_1.0.200.202406191623/tools/bin/../lib/gcc/arm-none-eabi/12.3.1/thumb/v7-m/nofp/crtbegin.o
                [!provide]                        PROVIDE (__fini_array_end = .)
                0x08006178                        . = ALIGN (0x4)
                0x08006178                        _sidata = LOADADDR (.data)

.rel.dyn        0x08006178        0x0
 .rel.iplt      0x08006178        0x0 D:/software/STM32CubeIDE_1.16.1/STM32CubeIDE/plugins/com.st.stm32cube.ide.mcu.externaltools.gnu-tools-for-stm32.12.3.rel1.win32_1.0.200.202406191623/tools/bin/../lib/gcc/arm-none-eabi/12.3.1/thumb/v7-m/nofp/crtbegin.o

.data           0x20000000       0x60 load address 0x08006178
                0x20000000                        . = ALIGN (0x4)
                0x20000000                        _sdata = .
 *(.data)
 *(.data*)
 .data.SystemCoreClock
                0x20000000        0x4 ./Core/Src/System/system_stm32f1xx.o
                0x20000000                SystemCoreClock
 .data.Sampleperiod
                0x20000004        0x2 ./Core/Src/User/Passthrough.o
                0x20000004                Sampleperiod
 .data.Sertableactflag
                0x20000006        0x1 ./Core/Src/User/Passthrough.o
                0x20000006                Sertableactflag
 *fill*         0x20000007        0x1 
 .data.uwTickPrio
                0x20000008        0x4 ./Drivers/STM32F1xx_HAL_Driver/Src/stm32f1xx_hal.o
                0x20000008                uwTickPrio
 .data.uwTickFreq
                0x2000000c        0x1 ./Drivers/STM32F1xx_HAL_Driver/Src/stm32f1xx_hal.o
                0x2000000c                uwTickFreq
 *fill*         0x2000000d        0x3 
 .data._impure_ptr
                0x20000010        0x4 D:/software/STM32CubeIDE_1.16.1/STM32CubeIDE/plugins/com.st.stm32cube.ide.mcu.externaltools.gnu-tools-for-stm32.12.3.rel1.win32_1.0.200.202406191623/tools/bin/../lib/gcc/arm-none-eabi/12.3.1/../../../../arm-none-eabi/lib/thumb/v7-m/nofp\libc_nano.a(libc_a-impure.o)
                0x20000010                _impure_ptr
 .data._impure_data
                0x20000014       0x4c D:/software/STM32CubeIDE_1.16.1/STM32CubeIDE/plugins/com.st.stm32cube.ide.mcu.externaltools.gnu-tools-for-stm32.12.3.rel1.win32_1.0.200.202406191623/tools/bin/../lib/gcc/arm-none-eabi/12.3.1/../../../../arm-none-eabi/lib/thumb/v7-m/nofp\libc_nano.a(libc_a-impure.o)
                0x20000014                _impure_data
 *(.RamFunc)
 *(.RamFunc*)
                0x20000060                        . = ALIGN (0x4)
                0x20000060                        _edata = .

.igot.plt       0x20000060        0x0 load address 0x080061d8
 .igot.plt      0x20000060        0x0 D:/software/STM32CubeIDE_1.16.1/STM32CubeIDE/plugins/com.st.stm32cube.ide.mcu.externaltools.gnu-tools-for-stm32.12.3.rel1.win32_1.0.200.202406191623/tools/bin/../lib/gcc/arm-none-eabi/12.3.1/thumb/v7-m/nofp/crtbegin.o
                0x20000060                        . = ALIGN (0x4)

.bss            0x20000060      0xd88 load address 0x080061d8
                0x20000060                        _sbss = .
                0x20000060                        __bss_start__ = _sbss
 *(.bss)
 .bss           0x20000060       0x1c D:/software/STM32CubeIDE_1.16.1/STM32CubeIDE/plugins/com.st.stm32cube.ide.mcu.externaltools.gnu-tools-for-stm32.12.3.rel1.win32_1.0.200.202406191623/tools/bin/../lib/gcc/arm-none-eabi/12.3.1/thumb/v7-m/nofp/crtbegin.o
 *(.bss*)
 .bss.__sbrk_heap_end
                0x2000007c        0x4 ./Core/Src/System/sysmem.o
 .bss.GPIO_InitStruct
                0x20000080       0x10 ./Core/Src/User/Fpga.o
                0x20000080                GPIO_InitStruct
 .bss.fp_online
                0x20000090        0x1 ./Core/Src/User/Fpga.o
                0x20000090                fp_online
 *fill*         0x20000091        0x3 
 .bss.iwdg      0x20000094        0xc ./Core/Src/User/Init.o
                0x20000094                iwdg
 .bss.ToolID    0x200000a0        0x1 ./Core/Src/User/Passthrough.o
                0x200000a0                ToolID
 .bss.Subsetnumber
                0x200000a1        0x1 ./Core/Src/User/Passthrough.o
                0x200000a1                Subsetnumber
 .bss.Tool_Datalen
                0x200000a2        0x2 ./Core/Src/User/Passthrough.o
                0x200000a2                Tool_Datalen
 .bss.Delaytime
                0x200000a4        0x2 ./Core/Src/User/Passthrough.o
                0x200000a4                Delaytime
 .bss.Teleset   0x200000a6        0x1 ./Core/Src/User/Passthrough.o
                0x200000a6                Teleset
 .bss.Data_reserve
                0x200000a7        0x1 ./Core/Src/User/Passthrough.o
                0x200000a7                Data_reserve
 .bss.Sertableactlen
                0x200000a8        0x2 ./Core/Src/User/Passthrough.o
                0x200000a8                Sertableactlen
 .bss.Contralcmdlen
                0x200000aa        0x2 ./Core/Src/User/Passthrough.o
                0x200000aa                Contralcmdlen
 .bss.resendtpe
                0x200000ac        0x1 ./Core/Src/User/Passthrough.o
                0x200000ac                resendtpe
 .bss.TOOLCONTRALCMD
                0x200000ad        0x1 ./Core/Src/User/Passthrough.o
                0x200000ad                TOOLCONTRALCMD
 *fill*         0x200000ae        0x2 
 .bss.Timestampbuf
                0x200000b0        0xa ./Core/Src/User/Passthrough.o
                0x200000b0                Timestampbuf
 *fill*         0x200000ba        0x2 
 .bss.htim6     0x200000bc       0x48 ./Core/Src/User/Tim.o
                0x200000bc                htim6
 .bss.isdowndcmdreport
                0x20000104        0x2 ./Core/Src/User/Tim.o
                0x20000104                isdowndcmdreport
 .bss.istimestampreport
                0x20000106        0x1 ./Core/Src/User/Tim.o
                0x20000106                istimestampreport
 *fill*         0x20000107        0x1 
 .bss.Report_Timestamp
                0x20000108        0x4 ./Core/Src/User/Tim.o
                0x20000108                Report_Timestamp
 .bss.Downdatatimeoutnum
                0x2000010c        0x2 ./Core/Src/User/Tim.o
                0x2000010c                Downdatatimeoutnum
 *fill*         0x2000010e        0x2 
 .bss.Uart1_RxBuff
                0x20000110        0x1 ./Core/Src/User/Usart.o
                0x20000110                Uart1_RxBuff
 *fill*         0x20000111        0x3 
 .bss.Uart5_RxBuff
                0x20000114        0x1 ./Core/Src/User/Usart.o
                0x20000114                Uart5_RxBuff
 *fill*         0x20000115        0x3 
 .bss.huart4    0x20000118       0x48 ./Core/Src/User/Usart.o
                0x20000118                huart4
 .bss.huart5    0x20000160       0x48 ./Core/Src/User/Usart.o
                0x20000160                huart5
 .bss.huart1    0x200001a8       0x48 ./Core/Src/User/Usart.o
                0x200001a8                huart1
 .bss.hdma_usart1_tx
                0x200001f0       0x44 ./Core/Src/User/Usart.o
                0x200001f0                hdma_usart1_tx
 .bss.ETHdata   0x20000234      0x218 ./Core/Src/User/Usart.o
                0x20000234                ETHdata
 .bss.DOWNdata  0x2000044c      0x20a ./Core/Src/User/Usart.o
                0x2000044c                DOWNdata
 .bss.Totaltype
                0x20000656        0x1 ./Core/Src/User/Usart.o
                0x20000656                Totaltype
 .bss.Timestampnum
                0x20000657        0x1 ./Core/Src/User/Usart.o
                0x20000657                Timestampnum
 .bss.Downtoolctrlcmdback
                0x20000658        0x1 ./Core/Src/User/Usart.o
                0x20000658                Downtoolctrlcmdback
 *fill*         0x20000659        0x3 
 .bss.Downcmdbuf
                0x2000065c       0x1e ./Core/Src/User/Usart.o
                0x2000065c                Downcmdbuf
 *fill*         0x2000067a        0x2 
 .bss.Downdataloadbuf
                0x2000067c      0x100 ./Core/Src/User/Usart.o
                0x2000067c                Downdataloadbuf
 .bss.Sertableactbuf
                0x2000077c       0x32 ./Core/Src/User/Usart.o
                0x2000077c                Sertableactbuf
 *fill*         0x200007ae        0x2 
 .bss.Contralcmdbuf
                0x200007b0       0x32 ./Core/Src/User/Usart.o
                0x200007b0                Contralcmdbuf
 *fill*         0x200007e2        0x2 
 .bss._SEGGER_RTT
                0x200007e4       0xa8 ./Drivers/SEGGER_RTT/Src/SEGGER_RTT.o
                0x200007e4                _SEGGER_RTT
 .bss._acUpBuffer
                0x2000088c      0x400 ./Drivers/SEGGER_RTT/Src/SEGGER_RTT.o
 .bss._acDownBuffer
                0x20000c8c       0x10 ./Drivers/SEGGER_RTT/Src/SEGGER_RTT.o
 .bss.uwTick    0x20000c9c        0x4 ./Drivers/STM32F1xx_HAL_Driver/Src/stm32f1xx_hal.o
                0x20000c9c                uwTick
 .bss.__sf      0x20000ca0      0x138 D:/software/STM32CubeIDE_1.16.1/STM32CubeIDE/plugins/com.st.stm32cube.ide.mcu.externaltools.gnu-tools-for-stm32.12.3.rel1.win32_1.0.200.202406191623/tools/bin/../lib/gcc/arm-none-eabi/12.3.1/../../../../arm-none-eabi/lib/thumb/v7-m/nofp\libc_nano.a(libc_a-findfp.o)
                0x20000ca0                __sf
 .bss.errno     0x20000dd8        0x4 D:/software/STM32CubeIDE_1.16.1/STM32CubeIDE/plugins/com.st.stm32cube.ide.mcu.externaltools.gnu-tools-for-stm32.12.3.rel1.win32_1.0.200.202406191623/tools/bin/../lib/gcc/arm-none-eabi/12.3.1/../../../../arm-none-eabi/lib/thumb/v7-m/nofp\libc_nano.a(libc_a-reent.o)
                0x20000dd8                errno
 .bss.__lock___malloc_recursive_mutex
                0x20000ddc        0x1 D:/software/STM32CubeIDE_1.16.1/STM32CubeIDE/plugins/com.st.stm32cube.ide.mcu.externaltools.gnu-tools-for-stm32.12.3.rel1.win32_1.0.200.202406191623/tools/bin/../lib/gcc/arm-none-eabi/12.3.1/../../../../arm-none-eabi/lib/thumb/v7-m/nofp\libc_nano.a(libc_a-lock.o)
                0x20000ddc                __lock___malloc_recursive_mutex
 *fill*         0x20000ddd        0x3 
 .bss.__malloc_sbrk_start
                0x20000de0        0x4 D:/software/STM32CubeIDE_1.16.1/STM32CubeIDE/plugins/com.st.stm32cube.ide.mcu.externaltools.gnu-tools-for-stm32.12.3.rel1.win32_1.0.200.202406191623/tools/bin/../lib/gcc/arm-none-eabi/12.3.1/../../../../arm-none-eabi/lib/thumb/v7-m/nofp\libc_nano.a(libc_a-mallocr.o)
                0x20000de0                __malloc_sbrk_start
 .bss.__malloc_free_list
                0x20000de4        0x4 D:/software/STM32CubeIDE_1.16.1/STM32CubeIDE/plugins/com.st.stm32cube.ide.mcu.externaltools.gnu-tools-for-stm32.12.3.rel1.win32_1.0.200.202406191623/tools/bin/../lib/gcc/arm-none-eabi/12.3.1/../../../../arm-none-eabi/lib/thumb/v7-m/nofp\libc_nano.a(libc_a-mallocr.o)
                0x20000de4                __malloc_free_list
 *(COMMON)
                0x20000de8                        . = ALIGN (0x4)
                0x20000de8                        _ebss = .
                0x20000de8                        __bss_end__ = _ebss

._user_heap_stack
                0x20000de8      0x600 load address 0x080061d8
                0x20000de8                        . = ALIGN (0x8)
                [!provide]                        PROVIDE (end = .)
                0x20000de8                        PROVIDE (_end = .)
                0x20000fe8                        . = (. + _Min_Heap_Size)
 *fill*         0x20000de8      0x200 
                0x200013e8                        . = (. + _Min_Stack_Size)
 *fill*         0x20000fe8      0x400 
                0x200013e8                        . = ALIGN (0x8)

/DISCARD/
 libc.a(*)
 libm.a(*)
 libgcc.a(*)

.ARM.attributes
                0x00000000       0x29
 *(.ARM.attributes)
 .ARM.attributes
                0x00000000       0x1d D:/software/STM32CubeIDE_1.16.1/STM32CubeIDE/plugins/com.st.stm32cube.ide.mcu.externaltools.gnu-tools-for-stm32.12.3.rel1.win32_1.0.200.202406191623/tools/bin/../lib/gcc/arm-none-eabi/12.3.1/thumb/v7-m/nofp/crti.o
 .ARM.attributes
                0x0000001d       0x2d D:/software/STM32CubeIDE_1.16.1/STM32CubeIDE/plugins/com.st.stm32cube.ide.mcu.externaltools.gnu-tools-for-stm32.12.3.rel1.win32_1.0.200.202406191623/tools/bin/../lib/gcc/arm-none-eabi/12.3.1/thumb/v7-m/nofp/crtbegin.o
 .ARM.attributes
                0x0000004a       0x2d ./Core/Src/System/stm32f1xx_hal_msp.o
 .ARM.attributes
                0x00000077       0x2d ./Core/Src/System/stm32f1xx_it.o
 .ARM.attributes
                0x000000a4       0x2d ./Core/Src/System/sysmem.o
 .ARM.attributes
                0x000000d1       0x2d ./Core/Src/System/system_stm32f1xx.o
 .ARM.attributes
                0x000000fe       0x2d ./Core/Src/User/DMA.o
 .ARM.attributes
                0x0000012b       0x2d ./Core/Src/User/Fpga.o
 .ARM.attributes
                0x00000158       0x2d ./Core/Src/User/Gpio.o
 .ARM.attributes
                0x00000185       0x2d ./Core/Src/User/Init.o
 .ARM.attributes
                0x000001b2       0x2d ./Core/Src/User/Passthrough.o
 .ARM.attributes
                0x000001df       0x2d ./Core/Src/User/Tim.o
 .ARM.attributes
                0x0000020c       0x2d ./Core/Src/User/Usart.o
 .ARM.attributes
                0x00000239       0x2d ./Core/Src/User/main.o
 .ARM.attributes
                0x00000266       0x21 ./Core/Startup/startup_stm32f103vetx.o
 .ARM.attributes
                0x00000287       0x2d ./Drivers/SEGGER_RTT/Src/SEGGER_RTT.o
 .ARM.attributes
                0x000002b4       0x2d ./Drivers/STM32F1xx_HAL_Driver/Src/stm32f1xx_hal.o
 .ARM.attributes
                0x000002e1       0x2d ./Drivers/STM32F1xx_HAL_Driver/Src/stm32f1xx_hal_cortex.o
 .ARM.attributes
                0x0000030e       0x2d ./Drivers/STM32F1xx_HAL_Driver/Src/stm32f1xx_hal_dma.o
 .ARM.attributes
                0x0000033b       0x2d ./Drivers/STM32F1xx_HAL_Driver/Src/stm32f1xx_hal_gpio.o
 .ARM.attributes
                0x00000368       0x2d ./Drivers/STM32F1xx_HAL_Driver/Src/stm32f1xx_hal_iwdg.o
 .ARM.attributes
                0x00000395       0x2d ./Drivers/STM32F1xx_HAL_Driver/Src/stm32f1xx_hal_rcc.o
 .ARM.attributes
                0x000003c2       0x2d ./Drivers/STM32F1xx_HAL_Driver/Src/stm32f1xx_hal_tim.o
 .ARM.attributes
                0x000003ef       0x2d ./Drivers/STM32F1xx_HAL_Driver/Src/stm32f1xx_hal_tim_ex.o
 .ARM.attributes
                0x0000041c       0x2d ./Drivers/STM32F1xx_HAL_Driver/Src/stm32f1xx_hal_uart.o
 .ARM.attributes
                0x00000449       0x2d D:/software/STM32CubeIDE_1.16.1/STM32CubeIDE/plugins/com.st.stm32cube.ide.mcu.externaltools.gnu-tools-for-stm32.12.3.rel1.win32_1.0.200.202406191623/tools/bin/../lib/gcc/arm-none-eabi/12.3.1/../../../../arm-none-eabi/lib/thumb/v7-m/nofp\libc_nano.a(libc_a-findfp.o)
 .ARM.attributes
                0x00000476       0x2d D:/software/STM32CubeIDE_1.16.1/STM32CubeIDE/plugins/com.st.stm32cube.ide.mcu.externaltools.gnu-tools-for-stm32.12.3.rel1.win32_1.0.200.202406191623/tools/bin/../lib/gcc/arm-none-eabi/12.3.1/../../../../arm-none-eabi/lib/thumb/v7-m/nofp\libc_nano.a(libc_a-vsnprintf.o)
 .ARM.attributes
                0x000004a3       0x2d D:/software/STM32CubeIDE_1.16.1/STM32CubeIDE/plugins/com.st.stm32cube.ide.mcu.externaltools.gnu-tools-for-stm32.12.3.rel1.win32_1.0.200.202406191623/tools/bin/../lib/gcc/arm-none-eabi/12.3.1/../../../../arm-none-eabi/lib/thumb/v7-m/nofp\libc_nano.a(libc_a-memset.o)
 .ARM.attributes
                0x000004d0       0x2d D:/software/STM32CubeIDE_1.16.1/STM32CubeIDE/plugins/com.st.stm32cube.ide.mcu.externaltools.gnu-tools-for-stm32.12.3.rel1.win32_1.0.200.202406191623/tools/bin/../lib/gcc/arm-none-eabi/12.3.1/../../../../arm-none-eabi/lib/thumb/v7-m/nofp\libc_nano.a(libc_a-reent.o)
 .ARM.attributes
                0x000004fd       0x2d D:/software/STM32CubeIDE_1.16.1/STM32CubeIDE/plugins/com.st.stm32cube.ide.mcu.externaltools.gnu-tools-for-stm32.12.3.rel1.win32_1.0.200.202406191623/tools/bin/../lib/gcc/arm-none-eabi/12.3.1/../../../../arm-none-eabi/lib/thumb/v7-m/nofp\libc_nano.a(libc_a-impure.o)
 .ARM.attributes
                0x0000052a       0x2d D:/software/STM32CubeIDE_1.16.1/STM32CubeIDE/plugins/com.st.stm32cube.ide.mcu.externaltools.gnu-tools-for-stm32.12.3.rel1.win32_1.0.200.202406191623/tools/bin/../lib/gcc/arm-none-eabi/12.3.1/../../../../arm-none-eabi/lib/thumb/v7-m/nofp\libc_nano.a(libc_a-errno.o)
 .ARM.attributes
                0x00000557       0x2d D:/software/STM32CubeIDE_1.16.1/STM32CubeIDE/plugins/com.st.stm32cube.ide.mcu.externaltools.gnu-tools-for-stm32.12.3.rel1.win32_1.0.200.202406191623/tools/bin/../lib/gcc/arm-none-eabi/12.3.1/../../../../arm-none-eabi/lib/thumb/v7-m/nofp\libc_nano.a(libc_a-init.o)
 .ARM.attributes
                0x00000584       0x2d D:/software/STM32CubeIDE_1.16.1/STM32CubeIDE/plugins/com.st.stm32cube.ide.mcu.externaltools.gnu-tools-for-stm32.12.3.rel1.win32_1.0.200.202406191623/tools/bin/../lib/gcc/arm-none-eabi/12.3.1/../../../../arm-none-eabi/lib/thumb/v7-m/nofp\libc_nano.a(libc_a-lock.o)
 .ARM.attributes
                0x000005b1       0x2d D:/software/STM32CubeIDE_1.16.1/STM32CubeIDE/plugins/com.st.stm32cube.ide.mcu.externaltools.gnu-tools-for-stm32.12.3.rel1.win32_1.0.200.202406191623/tools/bin/../lib/gcc/arm-none-eabi/12.3.1/../../../../arm-none-eabi/lib/thumb/v7-m/nofp\libc_nano.a(libc_a-memcpy-stub.o)
 .ARM.attributes
                0x000005de       0x2d D:/software/STM32CubeIDE_1.16.1/STM32CubeIDE/plugins/com.st.stm32cube.ide.mcu.externaltools.gnu-tools-for-stm32.12.3.rel1.win32_1.0.200.202406191623/tools/bin/../lib/gcc/arm-none-eabi/12.3.1/../../../../arm-none-eabi/lib/thumb/v7-m/nofp\libc_nano.a(libc_a-freer.o)
 .ARM.attributes
                0x0000060b       0x2d D:/software/STM32CubeIDE_1.16.1/STM32CubeIDE/plugins/com.st.stm32cube.ide.mcu.externaltools.gnu-tools-for-stm32.12.3.rel1.win32_1.0.200.202406191623/tools/bin/../lib/gcc/arm-none-eabi/12.3.1/../../../../arm-none-eabi/lib/thumb/v7-m/nofp\libc_nano.a(libc_a-mallocr.o)
 .ARM.attributes
                0x00000638       0x2d D:/software/STM32CubeIDE_1.16.1/STM32CubeIDE/plugins/com.st.stm32cube.ide.mcu.externaltools.gnu-tools-for-stm32.12.3.rel1.win32_1.0.200.202406191623/tools/bin/../lib/gcc/arm-none-eabi/12.3.1/../../../../arm-none-eabi/lib/thumb/v7-m/nofp\libc_nano.a(libc_a-mlock.o)
 .ARM.attributes
                0x00000665       0x2d D:/software/STM32CubeIDE_1.16.1/STM32CubeIDE/plugins/com.st.stm32cube.ide.mcu.externaltools.gnu-tools-for-stm32.12.3.rel1.win32_1.0.200.202406191623/tools/bin/../lib/gcc/arm-none-eabi/12.3.1/../../../../arm-none-eabi/lib/thumb/v7-m/nofp\libc_nano.a(libc_a-nano-svfprintf.o)
 .ARM.attributes
                0x00000692       0x2d D:/software/STM32CubeIDE_1.16.1/STM32CubeIDE/plugins/com.st.stm32cube.ide.mcu.externaltools.gnu-tools-for-stm32.12.3.rel1.win32_1.0.200.202406191623/tools/bin/../lib/gcc/arm-none-eabi/12.3.1/../../../../arm-none-eabi/lib/thumb/v7-m/nofp\libc_nano.a(libc_a-nano-vfprintf_i.o)
 .ARM.attributes
                0x000006bf       0x2d D:/software/STM32CubeIDE_1.16.1/STM32CubeIDE/plugins/com.st.stm32cube.ide.mcu.externaltools.gnu-tools-for-stm32.12.3.rel1.win32_1.0.200.202406191623/tools/bin/../lib/gcc/arm-none-eabi/12.3.1/../../../../arm-none-eabi/lib/thumb/v7-m/nofp\libc_nano.a(libc_a-memmove.o)
 .ARM.attributes
                0x000006ec       0x2d D:/software/STM32CubeIDE_1.16.1/STM32CubeIDE/plugins/com.st.stm32cube.ide.mcu.externaltools.gnu-tools-for-stm32.12.3.rel1.win32_1.0.200.202406191623/tools/bin/../lib/gcc/arm-none-eabi/12.3.1/../../../../arm-none-eabi/lib/thumb/v7-m/nofp\libc_nano.a(libc_a-sbrkr.o)
 .ARM.attributes
                0x00000719       0x2d D:/software/STM32CubeIDE_1.16.1/STM32CubeIDE/plugins/com.st.stm32cube.ide.mcu.externaltools.gnu-tools-for-stm32.12.3.rel1.win32_1.0.200.202406191623/tools/bin/../lib/gcc/arm-none-eabi/12.3.1/../../../../arm-none-eabi/lib/thumb/v7-m/nofp\libc_nano.a(libc_a-memchr-stub.o)
 .ARM.attributes
                0x00000746       0x2d D:/software/STM32CubeIDE_1.16.1/STM32CubeIDE/plugins/com.st.stm32cube.ide.mcu.externaltools.gnu-tools-for-stm32.12.3.rel1.win32_1.0.200.202406191623/tools/bin/../lib/gcc/arm-none-eabi/12.3.1/../../../../arm-none-eabi/lib/thumb/v7-m/nofp\libc_nano.a(libc_a-reallocr.o)
 .ARM.attributes
                0x00000773       0x2d D:/software/STM32CubeIDE_1.16.1/STM32CubeIDE/plugins/com.st.stm32cube.ide.mcu.externaltools.gnu-tools-for-stm32.12.3.rel1.win32_1.0.200.202406191623/tools/bin/../lib/gcc/arm-none-eabi/12.3.1/../../../../arm-none-eabi/lib/thumb/v7-m/nofp\libc_nano.a(libc_a-msizer.o)
 .ARM.attributes
                0x000007a0       0x1d D:/software/STM32CubeIDE_1.16.1/STM32CubeIDE/plugins/com.st.stm32cube.ide.mcu.externaltools.gnu-tools-for-stm32.12.3.rel1.win32_1.0.200.202406191623/tools/bin/../lib/gcc/arm-none-eabi/12.3.1/thumb/v7-m/nofp/crtn.o
OUTPUT(CCT_Uphole_V1.2.elf elf32-littlearm)
LOAD linker stubs
LOAD D:/software/STM32CubeIDE_1.16.1/STM32CubeIDE/plugins/com.st.stm32cube.ide.mcu.externaltools.gnu-tools-for-stm32.12.3.rel1.win32_1.0.200.202406191623/tools/bin/../lib/gcc/arm-none-eabi/12.3.1/../../../../arm-none-eabi/lib/thumb/v7-m/nofp\libc.a
LOAD D:/software/STM32CubeIDE_1.16.1/STM32CubeIDE/plugins/com.st.stm32cube.ide.mcu.externaltools.gnu-tools-for-stm32.12.3.rel1.win32_1.0.200.202406191623/tools/bin/../lib/gcc/arm-none-eabi/12.3.1/../../../../arm-none-eabi/lib/thumb/v7-m/nofp\libm.a
LOAD D:/software/STM32CubeIDE_1.16.1/STM32CubeIDE/plugins/com.st.stm32cube.ide.mcu.externaltools.gnu-tools-for-stm32.12.3.rel1.win32_1.0.200.202406191623/tools/bin/../lib/gcc/arm-none-eabi/12.3.1/thumb/v7-m/nofp\libgcc.a

.debug_info     0x00000000     0xe2cd
 .debug_info    0x00000000      0x1f8 ./Core/Src/System/stm32f1xx_hal_msp.o
 .debug_info    0x000001f8      0x971 ./Core/Src/System/stm32f1xx_it.o
 .debug_info    0x00000b69      0x168 ./Core/Src/System/sysmem.o
 .debug_info    0x00000cd1      0x222 ./Core/Src/System/system_stm32f1xx.o
 .debug_info    0x00000ef3      0x33c ./Core/Src/User/DMA.o
 .debug_info    0x0000122f      0x3a9 ./Core/Src/User/Fpga.o
 .debug_info    0x000015d8      0x2f6 ./Core/Src/User/Gpio.o
 .debug_info    0x000018ce      0x5c2 ./Core/Src/User/Init.o
 .debug_info    0x00001e90      0x45d ./Core/Src/User/Passthrough.o
 .debug_info    0x000022ed      0xa50 ./Core/Src/User/Tim.o
 .debug_info    0x00002d3d      0xfd9 ./Core/Src/User/Usart.o
 .debug_info    0x00003d16      0x176 ./Core/Src/User/main.o
 .debug_info    0x00003e8c       0x30 ./Core/Startup/startup_stm32f103vetx.o
 .debug_info    0x00003ebc      0xeae ./Drivers/SEGGER_RTT/Src/SEGGER_RTT.o
 .debug_info    0x00004d6a      0x76a ./Drivers/STM32F1xx_HAL_Driver/Src/stm32f1xx_hal.o
 .debug_info    0x000054d4      0xaed ./Drivers/STM32F1xx_HAL_Driver/Src/stm32f1xx_hal_cortex.o
 .debug_info    0x00005fc1      0x6d2 ./Drivers/STM32F1xx_HAL_Driver/Src/stm32f1xx_hal_dma.o
 .debug_info    0x00006693      0x5ab ./Drivers/STM32F1xx_HAL_Driver/Src/stm32f1xx_hal_gpio.o
 .debug_info    0x00006c3e      0x1d9 ./Drivers/STM32F1xx_HAL_Driver/Src/stm32f1xx_hal_iwdg.o
 .debug_info    0x00006e17      0x7d5 ./Drivers/STM32F1xx_HAL_Driver/Src/stm32f1xx_hal_rcc.o
 .debug_info    0x000075ec     0x2959 ./Drivers/STM32F1xx_HAL_Driver/Src/stm32f1xx_hal_tim.o
 .debug_info    0x00009f45     0x149b ./Drivers/STM32F1xx_HAL_Driver/Src/stm32f1xx_hal_tim_ex.o
 .debug_info    0x0000b3e0     0x2eed ./Drivers/STM32F1xx_HAL_Driver/Src/stm32f1xx_hal_uart.o

.debug_abbrev   0x00000000     0x29cb
 .debug_abbrev  0x00000000       0xdb ./Core/Src/System/stm32f1xx_hal_msp.o
 .debug_abbrev  0x000000db      0x19a ./Core/Src/System/stm32f1xx_it.o
 .debug_abbrev  0x00000275       0xbc ./Core/Src/System/sysmem.o
 .debug_abbrev  0x00000331      0x13f ./Core/Src/System/system_stm32f1xx.o
 .debug_abbrev  0x00000470       0xfc ./Core/Src/User/DMA.o
 .debug_abbrev  0x0000056c      0x210 ./Core/Src/User/Fpga.o
 .debug_abbrev  0x0000077c      0x13f ./Core/Src/User/Gpio.o
 .debug_abbrev  0x000008bb      0x290 ./Core/Src/User/Init.o
 .debug_abbrev  0x00000b4b      0x14f ./Core/Src/User/Passthrough.o
 .debug_abbrev  0x00000c9a      0x23d ./Core/Src/User/Tim.o
 .debug_abbrev  0x00000ed7      0x32b ./Core/Src/User/Usart.o
 .debug_abbrev  0x00001202       0xda ./Core/Src/User/main.o
 .debug_abbrev  0x000012dc       0x24 ./Core/Startup/startup_stm32f103vetx.o
 .debug_abbrev  0x00001300      0x22d ./Drivers/SEGGER_RTT/Src/SEGGER_RTT.o
 .debug_abbrev  0x0000152d      0x201 ./Drivers/STM32F1xx_HAL_Driver/Src/stm32f1xx_hal.o
 .debug_abbrev  0x0000172e      0x2f8 ./Drivers/STM32F1xx_HAL_Driver/Src/stm32f1xx_hal_cortex.o
 .debug_abbrev  0x00001a26      0x20b ./Drivers/STM32F1xx_HAL_Driver/Src/stm32f1xx_hal_dma.o
 .debug_abbrev  0x00001c31      0x1ca ./Drivers/STM32F1xx_HAL_Driver/Src/stm32f1xx_hal_gpio.o
 .debug_abbrev  0x00001dfb      0x12c ./Drivers/STM32F1xx_HAL_Driver/Src/stm32f1xx_hal_iwdg.o
 .debug_abbrev  0x00001f27      0x2b3 ./Drivers/STM32F1xx_HAL_Driver/Src/stm32f1xx_hal_rcc.o
 .debug_abbrev  0x000021da      0x277 ./Drivers/STM32F1xx_HAL_Driver/Src/stm32f1xx_hal_tim.o
 .debug_abbrev  0x00002451      0x282 ./Drivers/STM32F1xx_HAL_Driver/Src/stm32f1xx_hal_tim_ex.o
 .debug_abbrev  0x000026d3      0x2f8 ./Drivers/STM32F1xx_HAL_Driver/Src/stm32f1xx_hal_uart.o

.debug_aranges  0x00000000      0xea0
 .debug_aranges
                0x00000000       0x20 ./Core/Src/System/stm32f1xx_hal_msp.o
 .debug_aranges
                0x00000020       0x78 ./Core/Src/System/stm32f1xx_it.o
 .debug_aranges
                0x00000098       0x20 ./Core/Src/System/sysmem.o
 .debug_aranges
                0x000000b8       0x28 ./Core/Src/System/system_stm32f1xx.o
 .debug_aranges
                0x000000e0       0x20 ./Core/Src/User/DMA.o
 .debug_aranges
                0x00000100       0x38 ./Core/Src/User/Fpga.o
 .debug_aranges
                0x00000138       0x20 ./Core/Src/User/Gpio.o
 .debug_aranges
                0x00000158       0x58 ./Core/Src/User/Init.o
 .debug_aranges
                0x000001b0       0x30 ./Core/Src/User/Passthrough.o
 .debug_aranges
                0x000001e0       0x40 ./Core/Src/User/Tim.o
 .debug_aranges
                0x00000220       0x80 ./Core/Src/User/Usart.o
 .debug_aranges
                0x000002a0       0x20 ./Core/Src/User/main.o
 .debug_aranges
                0x000002c0       0x28 ./Core/Startup/startup_stm32f103vetx.o
 .debug_aranges
                0x000002e8      0x108 ./Drivers/SEGGER_RTT/Src/SEGGER_RTT.o
 .debug_aranges
                0x000003f0       0xe0 ./Drivers/STM32F1xx_HAL_Driver/Src/stm32f1xx_hal.o
 .debug_aranges
                0x000004d0      0x100 ./Drivers/STM32F1xx_HAL_Driver/Src/stm32f1xx_hal_cortex.o
 .debug_aranges
                0x000005d0       0x80 ./Drivers/STM32F1xx_HAL_Driver/Src/stm32f1xx_hal_dma.o
 .debug_aranges
                0x00000650       0x58 ./Drivers/STM32F1xx_HAL_Driver/Src/stm32f1xx_hal_gpio.o
 .debug_aranges
                0x000006a8       0x28 ./Drivers/STM32F1xx_HAL_Driver/Src/stm32f1xx_hal_iwdg.o
 .debug_aranges
                0x000006d0       0x90 ./Drivers/STM32F1xx_HAL_Driver/Src/stm32f1xx_hal_rcc.o
 .debug_aranges
                0x00000760      0x3d0 ./Drivers/STM32F1xx_HAL_Driver/Src/stm32f1xx_hal_tim.o
 .debug_aranges
                0x00000b30      0x168 ./Drivers/STM32F1xx_HAL_Driver/Src/stm32f1xx_hal_tim_ex.o
 .debug_aranges
                0x00000c98      0x208 ./Drivers/STM32F1xx_HAL_Driver/Src/stm32f1xx_hal_uart.o

.debug_rnglists
                0x00000000      0xb4c
 .debug_rnglists
                0x00000000       0x13 ./Core/Src/System/stm32f1xx_hal_msp.o
 .debug_rnglists
                0x00000013       0x55 ./Core/Src/System/stm32f1xx_it.o
 .debug_rnglists
                0x00000068       0x13 ./Core/Src/System/sysmem.o
 .debug_rnglists
                0x0000007b       0x1a ./Core/Src/System/system_stm32f1xx.o
 .debug_rnglists
                0x00000095       0x13 ./Core/Src/User/DMA.o
 .debug_rnglists
                0x000000a8       0x28 ./Core/Src/User/Fpga.o
 .debug_rnglists
                0x000000d0       0x14 ./Core/Src/User/Gpio.o
 .debug_rnglists
                0x000000e4       0x3f ./Core/Src/User/Init.o
 .debug_rnglists
                0x00000123       0x20 ./Core/Src/User/Passthrough.o
 .debug_rnglists
                0x00000143       0x2b ./Core/Src/User/Tim.o
 .debug_rnglists
                0x0000016e       0x60 ./Core/Src/User/Usart.o
 .debug_rnglists
                0x000001ce       0x13 ./Core/Src/User/main.o
 .debug_rnglists
                0x000001e1       0x19 ./Core/Startup/startup_stm32f103vetx.o
 .debug_rnglists
                0x000001fa       0xd0 ./Drivers/SEGGER_RTT/Src/SEGGER_RTT.o
 .debug_rnglists
                0x000002ca       0xa3 ./Drivers/STM32F1xx_HAL_Driver/Src/stm32f1xx_hal.o
 .debug_rnglists
                0x0000036d       0xbb ./Drivers/STM32F1xx_HAL_Driver/Src/stm32f1xx_hal_cortex.o
 .debug_rnglists
                0x00000428       0x64 ./Drivers/STM32F1xx_HAL_Driver/Src/stm32f1xx_hal_dma.o
 .debug_rnglists
                0x0000048c       0x3f ./Drivers/STM32F1xx_HAL_Driver/Src/stm32f1xx_hal_gpio.o
 .debug_rnglists
                0x000004cb       0x1a ./Drivers/STM32F1xx_HAL_Driver/Src/stm32f1xx_hal_iwdg.o
 .debug_rnglists
                0x000004e5       0x6c ./Drivers/STM32F1xx_HAL_Driver/Src/stm32f1xx_hal_rcc.o
 .debug_rnglists
                0x00000551      0x31a ./Drivers/STM32F1xx_HAL_Driver/Src/stm32f1xx_hal_tim.o
 .debug_rnglists
                0x0000086b      0x125 ./Drivers/STM32F1xx_HAL_Driver/Src/stm32f1xx_hal_tim_ex.o
 .debug_rnglists
                0x00000990      0x1bc ./Drivers/STM32F1xx_HAL_Driver/Src/stm32f1xx_hal_uart.o

.debug_macro    0x00000000    0x1b833
 .debug_macro   0x00000000      0x2f8 ./Core/Src/System/stm32f1xx_hal_msp.o
 .debug_macro   0x000002f8      0xaa8 ./Core/Src/System/stm32f1xx_hal_msp.o
 .debug_macro   0x00000da0      0x221 ./Core/Src/System/stm32f1xx_hal_msp.o
 .debug_macro   0x00000fc1       0x2e ./Core/Src/System/stm32f1xx_hal_msp.o
 .debug_macro   0x00000fef       0x22 ./Core/Src/System/stm32f1xx_hal_msp.o
 .debug_macro   0x00001011       0x22 ./Core/Src/System/stm32f1xx_hal_msp.o
 .debug_macro   0x00001033       0x8e ./Core/Src/System/stm32f1xx_hal_msp.o
 .debug_macro   0x000010c1       0x51 ./Core/Src/System/stm32f1xx_hal_msp.o
 .debug_macro   0x00001112      0x103 ./Core/Src/System/stm32f1xx_hal_msp.o
 .debug_macro   0x00001215       0x6a ./Core/Src/System/stm32f1xx_hal_msp.o
 .debug_macro   0x0000127f      0x1df ./Core/Src/System/stm32f1xx_hal_msp.o
 .debug_macro   0x0000145e       0x1c ./Core/Src/System/stm32f1xx_hal_msp.o
 .debug_macro   0x0000147a       0x22 ./Core/Src/System/stm32f1xx_hal_msp.o
 .debug_macro   0x0000149c       0xbd ./Core/Src/System/stm32f1xx_hal_msp.o
 .debug_macro   0x00001559      0xd23 ./Core/Src/System/stm32f1xx_hal_msp.o
 .debug_macro   0x0000227c     0xfd8c ./Core/Src/System/stm32f1xx_hal_msp.o
 .debug_macro   0x00012008       0x6d ./Core/Src/System/stm32f1xx_hal_msp.o
 .debug_macro   0x00012075     0x34a2 ./Core/Src/System/stm32f1xx_hal_msp.o
 .debug_macro   0x00015517      0x189 ./Core/Src/System/stm32f1xx_hal_msp.o
 .debug_macro   0x000156a0       0x5c ./Core/Src/System/stm32f1xx_hal_msp.o
 .debug_macro   0x000156fc      0x5bc ./Core/Src/System/stm32f1xx_hal_msp.o
 .debug_macro   0x00015cb8      0x4d5 ./Core/Src/System/stm32f1xx_hal_msp.o
 .debug_macro   0x0001618d      0x1cb ./Core/Src/System/stm32f1xx_hal_msp.o
 .debug_macro   0x00016358      0x114 ./Core/Src/System/stm32f1xx_hal_msp.o
 .debug_macro   0x0001646c      0x1ea ./Core/Src/System/stm32f1xx_hal_msp.o
 .debug_macro   0x00016656       0x27 ./Core/Src/System/stm32f1xx_hal_msp.o
 .debug_macro   0x0001667d      0x144 ./Core/Src/System/stm32f1xx_hal_msp.o
 .debug_macro   0x000167c1      0x1bc ./Core/Src/System/stm32f1xx_hal_msp.o
 .debug_macro   0x0001697d       0x30 ./Core/Src/System/stm32f1xx_hal_msp.o
 .debug_macro   0x000169ad       0x3c ./Core/Src/System/stm32f1xx_hal_msp.o
 .debug_macro   0x000169e9       0x57 ./Core/Src/System/stm32f1xx_hal_msp.o
 .debug_macro   0x00016a40       0x87 ./Core/Src/System/stm32f1xx_hal_msp.o
 .debug_macro   0x00016ac7      0x24f ./Core/Src/System/stm32f1xx_hal_msp.o
 .debug_macro   0x00016d16       0x78 ./Core/Src/System/stm32f1xx_hal_msp.o
 .debug_macro   0x00016d8e      0x140 ./Core/Src/System/stm32f1xx_hal_msp.o
 .debug_macro   0x00016ece      0x8ed ./Core/Src/System/stm32f1xx_hal_msp.o
 .debug_macro   0x000177bb      0x28e ./Core/Src/System/stm32f1xx_hal_msp.o
 .debug_macro   0x00017a49       0xb5 ./Core/Src/System/stm32f1xx_hal_msp.o
 .debug_macro   0x00017afe       0x58 ./Core/Src/System/stm32f1xx_hal_msp.o
 .debug_macro   0x00017b56       0x22 ./Core/Src/System/stm32f1xx_hal_msp.o
 .debug_macro   0x00017b78       0x4f ./Core/Src/System/stm32f1xx_hal_msp.o
 .debug_macro   0x00017bc7      0x115 ./Core/Src/System/stm32f1xx_hal_msp.o
 .debug_macro   0x00017cdc       0x58 ./Core/Src/System/stm32f1xx_hal_msp.o
 .debug_macro   0x00017d34       0x61 ./Core/Src/System/stm32f1xx_hal_msp.o
 .debug_macro   0x00017d95       0x24 ./Core/Src/System/stm32f1xx_hal_msp.o
 .debug_macro   0x00017db9       0x43 ./Core/Src/System/stm32f1xx_hal_msp.o
 .debug_macro   0x00017dfc       0x34 ./Core/Src/System/stm32f1xx_hal_msp.o
 .debug_macro   0x00017e30       0x16 ./Core/Src/System/stm32f1xx_hal_msp.o
 .debug_macro   0x00017e46       0x35 ./Core/Src/System/stm32f1xx_hal_msp.o
 .debug_macro   0x00017e7b      0x369 ./Core/Src/System/stm32f1xx_hal_msp.o
 .debug_macro   0x000181e4       0x16 ./Core/Src/System/stm32f1xx_hal_msp.o
 .debug_macro   0x000181fa       0x43 ./Core/Src/System/stm32f1xx_hal_msp.o
 .debug_macro   0x0001823d       0x34 ./Core/Src/System/stm32f1xx_hal_msp.o
 .debug_macro   0x00018271       0x10 ./Core/Src/System/stm32f1xx_hal_msp.o
 .debug_macro   0x00018281       0x58 ./Core/Src/System/stm32f1xx_hal_msp.o
 .debug_macro   0x000182d9       0x8e ./Core/Src/System/stm32f1xx_hal_msp.o
 .debug_macro   0x00018367       0x1c ./Core/Src/System/stm32f1xx_hal_msp.o
 .debug_macro   0x00018383      0x177 ./Core/Src/System/stm32f1xx_hal_msp.o
 .debug_macro   0x000184fa       0x16 ./Core/Src/System/stm32f1xx_hal_msp.o
 .debug_macro   0x00018510       0x16 ./Core/Src/System/stm32f1xx_hal_msp.o
 .debug_macro   0x00018526      0x146 ./Core/Src/System/stm32f1xx_hal_msp.o
 .debug_macro   0x0001866c       0xac ./Core/Src/System/stm32f1xx_hal_msp.o
 .debug_macro   0x00018718      0x302 ./Core/Src/System/stm32f1xx_it.o
 .debug_macro   0x00018a1a       0xff ./Core/Src/System/sysmem.o
 .debug_macro   0x00018b19      0x23c ./Core/Src/System/sysmem.o
 .debug_macro   0x00018d55      0x1ad ./Core/Src/System/system_stm32f1xx.o
 .debug_macro   0x00018f02      0x2f8 ./Core/Src/User/DMA.o
 .debug_macro   0x000191fa      0x2ff ./Core/Src/User/Fpga.o
 .debug_macro   0x000194f9      0x2f8 ./Core/Src/User/Gpio.o
 .debug_macro   0x000197f1      0x2f8 ./Core/Src/User/Init.o
 .debug_macro   0x00019ae9      0x2f8 ./Core/Src/User/Passthrough.o
 .debug_macro   0x00019de1      0x2f8 ./Core/Src/User/Tim.o
 .debug_macro   0x0001a0d9      0x2f8 ./Core/Src/User/Usart.o
 .debug_macro   0x0001a3d1      0x2f8 ./Core/Src/User/main.o
 .debug_macro   0x0001a6c9      0x176 ./Drivers/SEGGER_RTT/Src/SEGGER_RTT.o
 .debug_macro   0x0001a83f       0x10 ./Drivers/SEGGER_RTT/Src/SEGGER_RTT.o
 .debug_macro   0x0001a84f       0x20 ./Drivers/SEGGER_RTT/Src/SEGGER_RTT.o
 .debug_macro   0x0001a86f      0x1d1 ./Drivers/STM32F1xx_HAL_Driver/Src/stm32f1xx_hal.o
 .debug_macro   0x0001aa40      0x1ad ./Drivers/STM32F1xx_HAL_Driver/Src/stm32f1xx_hal_cortex.o
 .debug_macro   0x0001abed      0x1ad ./Drivers/STM32F1xx_HAL_Driver/Src/stm32f1xx_hal_dma.o
 .debug_macro   0x0001ad9a      0x218 ./Drivers/STM32F1xx_HAL_Driver/Src/stm32f1xx_hal_gpio.o
 .debug_macro   0x0001afb2      0x1b9 ./Drivers/STM32F1xx_HAL_Driver/Src/stm32f1xx_hal_iwdg.o
 .debug_macro   0x0001b16b      0x1bf ./Drivers/STM32F1xx_HAL_Driver/Src/stm32f1xx_hal_rcc.o
 .debug_macro   0x0001b32a      0x1ae ./Drivers/STM32F1xx_HAL_Driver/Src/stm32f1xx_hal_tim.o
 .debug_macro   0x0001b4d8      0x1ad ./Drivers/STM32F1xx_HAL_Driver/Src/stm32f1xx_hal_tim_ex.o
 .debug_macro   0x0001b685      0x1ae ./Drivers/STM32F1xx_HAL_Driver/Src/stm32f1xx_hal_uart.o

.debug_line     0x00000000    0x151b1
 .debug_line    0x00000000      0x9ff ./Core/Src/System/stm32f1xx_hal_msp.o
 .debug_line    0x000009ff      0xb08 ./Core/Src/System/stm32f1xx_it.o
 .debug_line    0x00001507      0x661 ./Core/Src/System/sysmem.o
 .debug_line    0x00001b68      0x791 ./Core/Src/System/system_stm32f1xx.o
 .debug_line    0x000022f9      0x9ee ./Core/Src/User/DMA.o
 .debug_line    0x00002ce7      0xca5 ./Core/Src/User/Fpga.o
 .debug_line    0x0000398c      0xa3b ./Core/Src/User/Gpio.o
 .debug_line    0x000043c7      0xba5 ./Core/Src/User/Init.o
 .debug_line    0x00004f6c      0xb99 ./Core/Src/User/Passthrough.o
 .debug_line    0x00005b05      0xa8b ./Core/Src/User/Tim.o
 .debug_line    0x00006590     0x1267 ./Core/Src/User/Usart.o
 .debug_line    0x000077f7      0xa0a ./Core/Src/User/main.o
 .debug_line    0x00008201       0x79 ./Core/Startup/startup_stm32f103vetx.o
 .debug_line    0x0000827a      0xe43 ./Drivers/SEGGER_RTT/Src/SEGGER_RTT.o
 .debug_line    0x000090bd      0x9b7 ./Drivers/STM32F1xx_HAL_Driver/Src/stm32f1xx_hal.o
 .debug_line    0x00009a74      0xba3 ./Drivers/STM32F1xx_HAL_Driver/Src/stm32f1xx_hal_cortex.o
 .debug_line    0x0000a617     0x12e2 ./Drivers/STM32F1xx_HAL_Driver/Src/stm32f1xx_hal_dma.o
 .debug_line    0x0000b8f9      0xa78 ./Drivers/STM32F1xx_HAL_Driver/Src/stm32f1xx_hal_gpio.o
 .debug_line    0x0000c371      0x782 ./Drivers/STM32F1xx_HAL_Driver/Src/stm32f1xx_hal_iwdg.o
 .debug_line    0x0000caf3      0xdc0 ./Drivers/STM32F1xx_HAL_Driver/Src/stm32f1xx_hal_rcc.o
 .debug_line    0x0000d8b3     0x36fc ./Drivers/STM32F1xx_HAL_Driver/Src/stm32f1xx_hal_tim.o
 .debug_line    0x00010faf     0x196c ./Drivers/STM32F1xx_HAL_Driver/Src/stm32f1xx_hal_tim_ex.o
 .debug_line    0x0001291b     0x2896 ./Drivers/STM32F1xx_HAL_Driver/Src/stm32f1xx_hal_uart.o

.debug_str      0x00000000    0x9a44a
 .debug_str     0x00000000    0x95dec ./Core/Src/System/stm32f1xx_hal_msp.o
                              0x96210 (size before relaxing)
 .debug_str     0x00095dec      0x731 ./Core/Src/System/stm32f1xx_it.o
                              0x9697e (size before relaxing)
 .debug_str     0x0009651d      0x4e3 ./Core/Src/System/sysmem.o
                               0x6076 (size before relaxing)
 .debug_str     0x00096a00       0x85 ./Core/Src/System/system_stm32f1xx.o
                              0x91f1e (size before relaxing)
 .debug_str     0x00096a85      0x351 ./Core/Src/User/DMA.o
                              0x965bd (size before relaxing)
 .debug_str     0x00096dd6      0x135 ./Core/Src/User/Fpga.o
                              0x962c1 (size before relaxing)
 .debug_str     0x00096f0b       0x25 ./Core/Src/User/Gpio.o
                              0x9627a (size before relaxing)
 .debug_str     0x00096f30      0x2a2 ./Core/Src/User/Init.o
                              0x9648c (size before relaxing)
 .debug_str     0x000971d2      0x235 ./Core/Src/User/Passthrough.o
                              0x963d0 (size before relaxing)
 .debug_str     0x00097407      0x142 ./Core/Src/User/Tim.o
                              0x96c2c (size before relaxing)
 .debug_str     0x00097549      0x1d7 ./Core/Src/User/Usart.o
                              0x96dc0 (size before relaxing)
 .debug_str     0x00097720       0x1d ./Core/Src/User/main.o
                              0x961ff (size before relaxing)
 .debug_str     0x0009773d       0x44 ./Core/Startup/startup_stm32f103vetx.o
                                 0x7a (size before relaxing)
 .debug_str     0x00097781      0x67c ./Drivers/SEGGER_RTT/Src/SEGGER_RTT.o
                               0x7406 (size before relaxing)
 .debug_str     0x00097dfd      0x38e ./Drivers/STM32F1xx_HAL_Driver/Src/stm32f1xx_hal.o
                              0x9272e (size before relaxing)
 .debug_str     0x0009818b      0x294 ./Drivers/STM32F1xx_HAL_Driver/Src/stm32f1xx_hal_cortex.o
                              0x9267a (size before relaxing)
 .debug_str     0x0009841f      0x206 ./Drivers/STM32F1xx_HAL_Driver/Src/stm32f1xx_hal_dma.o
                              0x922c0 (size before relaxing)
 .debug_str     0x00098625      0x2bd ./Drivers/STM32F1xx_HAL_Driver/Src/stm32f1xx_hal_gpio.o
                              0x9229d (size before relaxing)
 .debug_str     0x000988e2       0xe3 ./Drivers/STM32F1xx_HAL_Driver/Src/stm32f1xx_hal_iwdg.o
                              0x91fe2 (size before relaxing)
 .debug_str     0x000989c5      0x229 ./Drivers/STM32F1xx_HAL_Driver/Src/stm32f1xx_hal_rcc.o
                              0x92346 (size before relaxing)
 .debug_str     0x00098bee      0xe1a ./Drivers/STM32F1xx_HAL_Driver/Src/stm32f1xx_hal_tim.o
                              0x93348 (size before relaxing)
 .debug_str     0x00099a08      0x493 ./Drivers/STM32F1xx_HAL_Driver/Src/stm32f1xx_hal_tim_ex.o
                              0x92b54 (size before relaxing)
 .debug_str     0x00099e9b      0x5af ./Drivers/STM32F1xx_HAL_Driver/Src/stm32f1xx_hal_uart.o
                              0x929b7 (size before relaxing)

.comment        0x00000000       0x43
 .comment       0x00000000       0x43 ./Core/Src/System/stm32f1xx_hal_msp.o
                                 0x44 (size before relaxing)
 .comment       0x00000043       0x44 ./Core/Src/System/stm32f1xx_it.o
 .comment       0x00000043       0x44 ./Core/Src/System/sysmem.o
 .comment       0x00000043       0x44 ./Core/Src/System/system_stm32f1xx.o
 .comment       0x00000043       0x44 ./Core/Src/User/DMA.o
 .comment       0x00000043       0x44 ./Core/Src/User/Fpga.o
 .comment       0x00000043       0x44 ./Core/Src/User/Gpio.o
 .comment       0x00000043       0x44 ./Core/Src/User/Init.o
 .comment       0x00000043       0x44 ./Core/Src/User/Passthrough.o
 .comment       0x00000043       0x44 ./Core/Src/User/Tim.o
 .comment       0x00000043       0x44 ./Core/Src/User/Usart.o
 .comment       0x00000043       0x44 ./Core/Src/User/main.o
 .comment       0x00000043       0x44 ./Drivers/SEGGER_RTT/Src/SEGGER_RTT.o
 .comment       0x00000043       0x44 ./Drivers/STM32F1xx_HAL_Driver/Src/stm32f1xx_hal.o
 .comment       0x00000043       0x44 ./Drivers/STM32F1xx_HAL_Driver/Src/stm32f1xx_hal_cortex.o
 .comment       0x00000043       0x44 ./Drivers/STM32F1xx_HAL_Driver/Src/stm32f1xx_hal_dma.o
 .comment       0x00000043       0x44 ./Drivers/STM32F1xx_HAL_Driver/Src/stm32f1xx_hal_gpio.o
 .comment       0x00000043       0x44 ./Drivers/STM32F1xx_HAL_Driver/Src/stm32f1xx_hal_iwdg.o
 .comment       0x00000043       0x44 ./Drivers/STM32F1xx_HAL_Driver/Src/stm32f1xx_hal_rcc.o
 .comment       0x00000043       0x44 ./Drivers/STM32F1xx_HAL_Driver/Src/stm32f1xx_hal_tim.o
 .comment       0x00000043       0x44 ./Drivers/STM32F1xx_HAL_Driver/Src/stm32f1xx_hal_tim_ex.o
 .comment       0x00000043       0x44 ./Drivers/STM32F1xx_HAL_Driver/Src/stm32f1xx_hal_uart.o

.debug_frame    0x00000000     0x3fac
 .debug_frame   0x00000000       0x38 ./Core/Src/System/stm32f1xx_hal_msp.o
 .debug_frame   0x00000038      0x158 ./Core/Src/System/stm32f1xx_it.o
 .debug_frame   0x00000190       0x34 ./Core/Src/System/sysmem.o
 .debug_frame   0x000001c4       0x58 ./Core/Src/System/system_stm32f1xx.o
 .debug_frame   0x0000021c       0x34 ./Core/Src/User/DMA.o
 .debug_frame   0x00000250       0xa8 ./Core/Src/User/Fpga.o
 .debug_frame   0x000002f8       0x34 ./Core/Src/User/Gpio.o
 .debug_frame   0x0000032c      0x12c ./Core/Src/User/Init.o
 .debug_frame   0x00000458       0x6c ./Core/Src/User/Passthrough.o
 .debug_frame   0x000004c4       0xc0 ./Core/Src/User/Tim.o
 .debug_frame   0x00000584      0x1c4 ./Core/Src/User/Usart.o
 .debug_frame   0x00000748       0x2c ./Core/Src/User/main.o
 .debug_frame   0x00000774      0x450 ./Drivers/SEGGER_RTT/Src/SEGGER_RTT.o
 .debug_frame   0x00000bc4      0x334 ./Drivers/STM32F1xx_HAL_Driver/Src/stm32f1xx_hal.o
 .debug_frame   0x00000ef8      0x428 ./Drivers/STM32F1xx_HAL_Driver/Src/stm32f1xx_hal_cortex.o
 .debug_frame   0x00001320      0x20c ./Drivers/STM32F1xx_HAL_Driver/Src/stm32f1xx_hal_dma.o
 .debug_frame   0x0000152c      0x14c ./Drivers/STM32F1xx_HAL_Driver/Src/stm32f1xx_hal_gpio.o
 .debug_frame   0x00001678       0x5c ./Drivers/STM32F1xx_HAL_Driver/Src/stm32f1xx_hal_iwdg.o
 .debug_frame   0x000016d4      0x218 ./Drivers/STM32F1xx_HAL_Driver/Src/stm32f1xx_hal_rcc.o
 .debug_frame   0x000018ec     0x11b8 ./Drivers/STM32F1xx_HAL_Driver/Src/stm32f1xx_hal_tim.o
 .debug_frame   0x00002aa4      0x638 ./Drivers/STM32F1xx_HAL_Driver/Src/stm32f1xx_hal_tim_ex.o
 .debug_frame   0x000030dc      0x944 ./Drivers/STM32F1xx_HAL_Driver/Src/stm32f1xx_hal_uart.o
 .debug_frame   0x00003a20      0x144 D:/software/STM32CubeIDE_1.16.1/STM32CubeIDE/plugins/com.st.stm32cube.ide.mcu.externaltools.gnu-tools-for-stm32.12.3.rel1.win32_1.0.200.202406191623/tools/bin/../lib/gcc/arm-none-eabi/12.3.1/../../../../arm-none-eabi/lib/thumb/v7-m/nofp\libc_nano.a(libc_a-findfp.o)
 .debug_frame   0x00003b64       0x4c D:/software/STM32CubeIDE_1.16.1/STM32CubeIDE/plugins/com.st.stm32cube.ide.mcu.externaltools.gnu-tools-for-stm32.12.3.rel1.win32_1.0.200.202406191623/tools/bin/../lib/gcc/arm-none-eabi/12.3.1/../../../../arm-none-eabi/lib/thumb/v7-m/nofp\libc_nano.a(libc_a-vsnprintf.o)
 .debug_frame   0x00003bb0       0x20 D:/software/STM32CubeIDE_1.16.1/STM32CubeIDE/plugins/com.st.stm32cube.ide.mcu.externaltools.gnu-tools-for-stm32.12.3.rel1.win32_1.0.200.202406191623/tools/bin/../lib/gcc/arm-none-eabi/12.3.1/../../../../arm-none-eabi/lib/thumb/v7-m/nofp\libc_nano.a(libc_a-memset.o)
 .debug_frame   0x00003bd0       0x38 D:/software/STM32CubeIDE_1.16.1/STM32CubeIDE/plugins/com.st.stm32cube.ide.mcu.externaltools.gnu-tools-for-stm32.12.3.rel1.win32_1.0.200.202406191623/tools/bin/../lib/gcc/arm-none-eabi/12.3.1/../../../../arm-none-eabi/lib/thumb/v7-m/nofp\libc_nano.a(libc_a-reent.o)
 .debug_frame   0x00003c08       0x20 D:/software/STM32CubeIDE_1.16.1/STM32CubeIDE/plugins/com.st.stm32cube.ide.mcu.externaltools.gnu-tools-for-stm32.12.3.rel1.win32_1.0.200.202406191623/tools/bin/../lib/gcc/arm-none-eabi/12.3.1/../../../../arm-none-eabi/lib/thumb/v7-m/nofp\libc_nano.a(libc_a-errno.o)
 .debug_frame   0x00003c28       0x2c D:/software/STM32CubeIDE_1.16.1/STM32CubeIDE/plugins/com.st.stm32cube.ide.mcu.externaltools.gnu-tools-for-stm32.12.3.rel1.win32_1.0.200.202406191623/tools/bin/../lib/gcc/arm-none-eabi/12.3.1/../../../../arm-none-eabi/lib/thumb/v7-m/nofp\libc_nano.a(libc_a-init.o)
 .debug_frame   0x00003c54       0xb0 D:/software/STM32CubeIDE_1.16.1/STM32CubeIDE/plugins/com.st.stm32cube.ide.mcu.externaltools.gnu-tools-for-stm32.12.3.rel1.win32_1.0.200.202406191623/tools/bin/../lib/gcc/arm-none-eabi/12.3.1/../../../../arm-none-eabi/lib/thumb/v7-m/nofp\libc_nano.a(libc_a-lock.o)
 .debug_frame   0x00003d04       0x28 D:/software/STM32CubeIDE_1.16.1/STM32CubeIDE/plugins/com.st.stm32cube.ide.mcu.externaltools.gnu-tools-for-stm32.12.3.rel1.win32_1.0.200.202406191623/tools/bin/../lib/gcc/arm-none-eabi/12.3.1/../../../../arm-none-eabi/lib/thumb/v7-m/nofp\libc_nano.a(libc_a-memcpy-stub.o)
 .debug_frame   0x00003d2c       0x38 D:/software/STM32CubeIDE_1.16.1/STM32CubeIDE/plugins/com.st.stm32cube.ide.mcu.externaltools.gnu-tools-for-stm32.12.3.rel1.win32_1.0.200.202406191623/tools/bin/../lib/gcc/arm-none-eabi/12.3.1/../../../../arm-none-eabi/lib/thumb/v7-m/nofp\libc_nano.a(libc_a-freer.o)
 .debug_frame   0x00003d64       0x50 D:/software/STM32CubeIDE_1.16.1/STM32CubeIDE/plugins/com.st.stm32cube.ide.mcu.externaltools.gnu-tools-for-stm32.12.3.rel1.win32_1.0.200.202406191623/tools/bin/../lib/gcc/arm-none-eabi/12.3.1/../../../../arm-none-eabi/lib/thumb/v7-m/nofp\libc_nano.a(libc_a-mallocr.o)
 .debug_frame   0x00003db4       0x30 D:/software/STM32CubeIDE_1.16.1/STM32CubeIDE/plugins/com.st.stm32cube.ide.mcu.externaltools.gnu-tools-for-stm32.12.3.rel1.win32_1.0.200.202406191623/tools/bin/../lib/gcc/arm-none-eabi/12.3.1/../../../../arm-none-eabi/lib/thumb/v7-m/nofp\libc_nano.a(libc_a-mlock.o)
 .debug_frame   0x00003de4       0x90 D:/software/STM32CubeIDE_1.16.1/STM32CubeIDE/plugins/com.st.stm32cube.ide.mcu.externaltools.gnu-tools-for-stm32.12.3.rel1.win32_1.0.200.202406191623/tools/bin/../lib/gcc/arm-none-eabi/12.3.1/../../../../arm-none-eabi/lib/thumb/v7-m/nofp\libc_nano.a(libc_a-nano-svfprintf.o)
 .debug_frame   0x00003e74       0x60 D:/software/STM32CubeIDE_1.16.1/STM32CubeIDE/plugins/com.st.stm32cube.ide.mcu.externaltools.gnu-tools-for-stm32.12.3.rel1.win32_1.0.200.202406191623/tools/bin/../lib/gcc/arm-none-eabi/12.3.1/../../../../arm-none-eabi/lib/thumb/v7-m/nofp\libc_nano.a(libc_a-nano-vfprintf_i.o)
 .debug_frame   0x00003ed4       0x28 D:/software/STM32CubeIDE_1.16.1/STM32CubeIDE/plugins/com.st.stm32cube.ide.mcu.externaltools.gnu-tools-for-stm32.12.3.rel1.win32_1.0.200.202406191623/tools/bin/../lib/gcc/arm-none-eabi/12.3.1/../../../../arm-none-eabi/lib/thumb/v7-m/nofp\libc_nano.a(libc_a-memmove.o)
 .debug_frame   0x00003efc       0x2c D:/software/STM32CubeIDE_1.16.1/STM32CubeIDE/plugins/com.st.stm32cube.ide.mcu.externaltools.gnu-tools-for-stm32.12.3.rel1.win32_1.0.200.202406191623/tools/bin/../lib/gcc/arm-none-eabi/12.3.1/../../../../arm-none-eabi/lib/thumb/v7-m/nofp\libc_nano.a(libc_a-sbrkr.o)
 .debug_frame   0x00003f28       0x28 D:/software/STM32CubeIDE_1.16.1/STM32CubeIDE/plugins/com.st.stm32cube.ide.mcu.externaltools.gnu-tools-for-stm32.12.3.rel1.win32_1.0.200.202406191623/tools/bin/../lib/gcc/arm-none-eabi/12.3.1/../../../../arm-none-eabi/lib/thumb/v7-m/nofp\libc_nano.a(libc_a-memchr-stub.o)
 .debug_frame   0x00003f50       0x3c D:/software/STM32CubeIDE_1.16.1/STM32CubeIDE/plugins/com.st.stm32cube.ide.mcu.externaltools.gnu-tools-for-stm32.12.3.rel1.win32_1.0.200.202406191623/tools/bin/../lib/gcc/arm-none-eabi/12.3.1/../../../../arm-none-eabi/lib/thumb/v7-m/nofp\libc_nano.a(libc_a-reallocr.o)
 .debug_frame   0x00003f8c       0x20 D:/software/STM32CubeIDE_1.16.1/STM32CubeIDE/plugins/com.st.stm32cube.ide.mcu.externaltools.gnu-tools-for-stm32.12.3.rel1.win32_1.0.200.202406191623/tools/bin/../lib/gcc/arm-none-eabi/12.3.1/../../../../arm-none-eabi/lib/thumb/v7-m/nofp\libc_nano.a(libc_a-msizer.o)

.debug_line_str
                0x00000000       0x5e
 .debug_line_str
                0x00000000       0x5e ./Core/Startup/startup_stm32f103vetx.o