Component: ARM Compiler 5.06 update 6 (build 750) Tool: armlink [4d35ed]

==============================================================================

Section Cross References

    startup_stm32f10x_hd.o(RESET) refers to startup_stm32f10x_hd.o(STACK) for __initial_sp
    startup_stm32f10x_hd.o(RESET) refers to startup_stm32f10x_hd.o(.text) for Reset_Handler
    startup_stm32f10x_hd.o(RESET) refers to stm32f10x_it.o(i.NMI_Handler) for NMI_Handler
    startup_stm32f10x_hd.o(RESET) refers to stm32f10x_it.o(i.HardFault_Handler) for HardFault_Handler
    startup_stm32f10x_hd.o(RESET) refers to stm32f10x_it.o(i.MemManage_Handler) for MemManage_Handler
    startup_stm32f10x_hd.o(RESET) refers to stm32f10x_it.o(i.BusFault_Handler) for BusFault_Handler
    startup_stm32f10x_hd.o(RESET) refers to stm32f10x_it.o(i.UsageFault_Handler) for UsageFault_Handler
    startup_stm32f10x_hd.o(RESET) refers to stm32f10x_it.o(i.SVC_Handler) for SVC_Handler
    startup_stm32f10x_hd.o(RESET) refers to stm32f10x_it.o(i.DebugMon_Handler) for DebugMon_Handler
    startup_stm32f10x_hd.o(RESET) refers to stm32f10x_it.o(i.PendSV_Handler) for PendSV_Handler
    startup_stm32f10x_hd.o(RESET) refers to bsp_timer.o(i.SysTick_Handler) for SysTick_Handler
    startup_stm32f10x_hd.o(RESET) refers to bsp_timer.o(i.TIM2_IRQHandler) for TIM2_IRQHandler
    startup_stm32f10x_hd.o(RESET) refers to bsp_uart_fifo.o(i.USART1_IRQHandler) for USART1_IRQHandler
    startup_stm32f10x_hd.o(RESET) refers to bsp_uart_fifo.o(i.USART2_IRQHandler) for USART2_IRQHandler
    startup_stm32f10x_hd.o(RESET) refers to bsp_uart_fifo.o(i.USART3_IRQHandler) for USART3_IRQHandler
    startup_stm32f10x_hd.o(RESET) refers to bsp_uart_fifo.o(i.UART5_IRQHandler) for UART5_IRQHandler
    startup_stm32f10x_hd.o(.text) refers to system_stm32f10x.o(i.SystemInit) for SystemInit
    startup_stm32f10x_hd.o(.text) refers to entry.o(.ARM.Collect$$$$00000000) for __main
    system_stm32f10x.o(i.SetSysClock) refers to system_stm32f10x.o(i.SetSysClockTo72) for SetSysClockTo72
    system_stm32f10x.o(i.SystemCoreClockUpdate) refers to system_stm32f10x.o(.data) for SystemCoreClock
    system_stm32f10x.o(i.SystemInit) refers to system_stm32f10x.o(i.SetSysClock) for SetSysClock
    stm32f10x_gpio.o(i.GPIO_AFIODeInit) refers to stm32f10x_rcc.o(i.RCC_APB2PeriphResetCmd) for RCC_APB2PeriphResetCmd
    stm32f10x_gpio.o(i.GPIO_DeInit) refers to stm32f10x_rcc.o(i.RCC_APB2PeriphResetCmd) for RCC_APB2PeriphResetCmd
    stm32f10x_rcc.o(i.RCC_GetClocksFreq) refers to stm32f10x_rcc.o(.data) for APBAHBPrescTable
    stm32f10x_rcc.o(i.RCC_WaitForHSEStartUp) refers to stm32f10x_rcc.o(i.RCC_GetFlagStatus) for RCC_GetFlagStatus
    stm32f10x_tim.o(i.TIM_DeInit) refers to stm32f10x_rcc.o(i.RCC_APB2PeriphResetCmd) for RCC_APB2PeriphResetCmd
    stm32f10x_tim.o(i.TIM_DeInit) refers to stm32f10x_rcc.o(i.RCC_APB1PeriphResetCmd) for RCC_APB1PeriphResetCmd
    stm32f10x_tim.o(i.TIM_ETRClockMode1Config) refers to stm32f10x_tim.o(i.TIM_ETRConfig) for TIM_ETRConfig
    stm32f10x_tim.o(i.TIM_ETRClockMode2Config) refers to stm32f10x_tim.o(i.TIM_ETRConfig) for TIM_ETRConfig
    stm32f10x_tim.o(i.TIM_ICInit) refers to stm32f10x_tim.o(i.TI1_Config) for TI1_Config
    stm32f10x_tim.o(i.TIM_ICInit) refers to stm32f10x_tim.o(i.TIM_SetIC1Prescaler) for TIM_SetIC1Prescaler
    stm32f10x_tim.o(i.TIM_ICInit) refers to stm32f10x_tim.o(i.TI2_Config) for TI2_Config
    stm32f10x_tim.o(i.TIM_ICInit) refers to stm32f10x_tim.o(i.TIM_SetIC2Prescaler) for TIM_SetIC2Prescaler
    stm32f10x_tim.o(i.TIM_ICInit) refers to stm32f10x_tim.o(i.TI3_Config) for TI3_Config
    stm32f10x_tim.o(i.TIM_ICInit) refers to stm32f10x_tim.o(i.TIM_SetIC3Prescaler) for TIM_SetIC3Prescaler
    stm32f10x_tim.o(i.TIM_ICInit) refers to stm32f10x_tim.o(i.TI4_Config) for TI4_Config
    stm32f10x_tim.o(i.TIM_ICInit) refers to stm32f10x_tim.o(i.TIM_SetIC4Prescaler) for TIM_SetIC4Prescaler
    stm32f10x_tim.o(i.TIM_ITRxExternalClockConfig) refers to stm32f10x_tim.o(i.TIM_SelectInputTrigger) for TIM_SelectInputTrigger
    stm32f10x_tim.o(i.TIM_PWMIConfig) refers to stm32f10x_tim.o(i.TI1_Config) for TI1_Config
    stm32f10x_tim.o(i.TIM_PWMIConfig) refers to stm32f10x_tim.o(i.TIM_SetIC1Prescaler) for TIM_SetIC1Prescaler
    stm32f10x_tim.o(i.TIM_PWMIConfig) refers to stm32f10x_tim.o(i.TI2_Config) for TI2_Config
    stm32f10x_tim.o(i.TIM_PWMIConfig) refers to stm32f10x_tim.o(i.TIM_SetIC2Prescaler) for TIM_SetIC2Prescaler
    stm32f10x_tim.o(i.TIM_TIxExternalClockConfig) refers to stm32f10x_tim.o(i.TI2_Config) for TI2_Config
    stm32f10x_tim.o(i.TIM_TIxExternalClockConfig) refers to stm32f10x_tim.o(i.TI1_Config) for TI1_Config
    stm32f10x_tim.o(i.TIM_TIxExternalClockConfig) refers to stm32f10x_tim.o(i.TIM_SelectInputTrigger) for TIM_SelectInputTrigger
    stm32f10x_usart.o(i.USART_DeInit) refers to stm32f10x_rcc.o(i.RCC_APB2PeriphResetCmd) for RCC_APB2PeriphResetCmd
[...]
    SetSysClockTo72                          0x08003b61   Thumb Code   214  system_stm32f10x.o(i.SetSysClockTo72)
    i.SysTick_Handler                        0x08003c40   Section        0  bsp_timer.o(i.SysTick_Handler)
    i.SysTick_ISR                            0x08003d2c   Section        0  bsp_timer.o(i.SysTick_ISR)
    i.SystemInit                             0x08003db0   Section        0  system_stm32f10x.o(i.SystemInit)
    i.TIM2_IRQHandler                        0x08003e10   Section        0  bsp_timer.o(i.TIM2_IRQHandler)
    i.TIM_ClearITPendingBit                  0x08003eac   Section        0  stm32f10x_tim.o(i.TIM_ClearITPendingBit)
    i.TIM_Cmd                                0x08003eb2   Section        0  stm32f10x_tim.o(i.TIM_Cmd)
    i.TIM_GetITStatus                        0x08003eca   Section        0  stm32f10x_tim.o(i.TIM_GetITStatus)
    i.TIM_ITConfig                           0x08003eec   Section        0  stm32f10x_tim.o(i.TIM_ITConfig)
    i.TIM_TimeBaseInit                       0x08003f00   Section        0  stm32f10x_tim.o(i.TIM_TimeBaseInit)
    i.Text_ResetLCD                          0x08003fa4   Section        0  vgus_lcd.o(i.Text_ResetLCD)
    i.Torque_acq                             0x08003fc8   Section        0  ersc_ht_250ms.o(i.Torque_acq)
    i.TwoBytesReverse                        0x080042ac   Section        0  eth_datastorage.o(i.TwoBytesReverse)
    i.UART5_IRQHandler                       0x080042bc   Section        0  bsp_uart_fifo.o(i.UART5_IRQHandler)
    i.USART1_IRQHandler                      0x080042cc   Section        0  bsp_uart_fifo.o(i.USART1_IRQHandler)
    i.USART2_IRQHandler                      0x080042dc   Section        0  bsp_uart_fifo.o(i.USART2_IRQHandler)
    i.USART3_IRQHandler                      0x080042ec   Section        0  bsp_uart_fifo.o(i.USART3_IRQHandler)
    i.USART_ClearFlag                        0x080042fc   Section        0  stm32f10x_usart.o(i.USART_ClearFlag)
    i.USART_Cmd                              0x0800430e   Section        0  stm32f10x_usart.o(i.USART_Cmd)
    i.USART_GetITStatus                      0x08004326   Section        0  stm32f10x_usart.o(i.USART_GetITStatus)
    i.USART_ITConfig                         0x0800437a   Section        0  stm32f10x_usart.o(i.USART_ITConfig)
    i.USART_Init                             0x080043c4   Section        0  stm32f10x_usart.o(i.USART_Init)
    i.USART_ReceiveData                      0x0800449c   Section        0  stm32f10x_usart.o(i.USART_ReceiveData)
    i.USART_SendData                         0x080044a6   Section        0  stm32f10x_usart.o(i.USART_SendData)
    i.UartGetChar                            0x080044ae   Section        0  bsp_uart_fifo.o(i.UartGetChar)
    UartGetChar                              0x080044af   Thumb Code    74  bsp_uart_fifo.o(i.UartGetChar)
    i.UartIRQ                                0x080044f8   Section        0  bsp_uart_fifo.o(i.UartIRQ)
    UartIRQ                                  0x080044f9   Thumb Code   230  bsp_uart_fifo.o(i.UartIRQ)
    i.UartSend                               0x080045de   Section        0  bsp_uart_fifo.o(i.UartSend)
    UartSend                                 0x080045df   Thumb Code   146  bsp_uart_fifo.o(i.UartSend)
    i.UartVarInit                            0x08004670   Section        0  bsp_uart_fifo.o(i.UartVarInit)
    UartVarInit                              0x08004671   Thumb Code   176  bsp_uart_fifo.o(i.UartVarInit)
    i.UsageFault_Handler                     0x0800476c   Section        0  stm32f10x_it.o(i.UsageFault_Handler)
    i.VGUS_Init                              0x08004770   Section        0  vgus_lcd.o(i.VGUS_Init)
    i.WriteGmmaCntToFpga                     0x08004778   Section        0  bsp_fpga.o(i.WriteGmmaCntToFpga)
    i.__0printf$2                            0x080047cc   Section        0  printf2.o(i.__0printf$2)
    i.__ARM_fpclassify                       0x080047ec   Section        0  fpclassify.o(i.__ARM_fpclassify)
    i.__kernel_poly                          0x08004814   Section        0  poly.o(i.__kernel_poly)
    i.__mathlib_dbl_divzero                  0x080048c0   Section        0  dunder.o(i.__mathlib_dbl_divzero)
    i.__mathlib_dbl_infnan2                  0x080048d0   Section        0  dunder.o(i.__mathlib_dbl_infnan2)
    i.__mathlib_dbl_invalid                  0x080048d4   Section        0  dunder.o(i.__mathlib_dbl_invalid)
    i.__mathlib_dbl_overflow                 0x080048e0   Section        0  dunder.o(i.__mathlib_dbl_overflow)
    i.__mathlib_dbl_underflow                0x080048f0   Section        0  dunder.o(i.__mathlib_dbl_underflow)
    i.__scatterload_copy                     0x08004900   Section       14  handlers.o(i.__scatterload_copy)
    i.__scatterload_null                     0x0800490e   Section        2  handlers.o(i.__scatterload_null)
    i.__scatterload_zeroinit                 0x08004910   Section       14  handlers.o(i.__scatterload_zeroinit)
    i.__set_PRIMASK                          0x0800491e   Section        0  bsp_uart_fifo.o(i.__set_PRIMASK)
    __set_PRIMASK                            0x0800491f   Thumb Code     6  bsp_uart_fifo.o(i.__set_PRIMASK)
    i.__set_PRIMASK                          0x08004924   Section        0  bsp_timer.o(i.__set_PRIMASK)
    __set_PRIMASK                            0x08004925   Thumb Code     6  bsp_timer.o(i.__set_PRIMASK)
    i.__set_errno                            0x0800492c   Section        0  errno.o(i.__set_errno)
    i._printf_core                           0x08004938   Section        0  printf2.o(i._printf_core)
    _printf_core                             0x08004939   Thumb Code   214  printf2.o(i._printf_core)
    i.bit_processHandle                      0x08004a0e   Section        0  vgus_lcd.o(i.bit_processHandle)
    bit_processHandle                        0x08004a0f   Thumb Code    56  vgus_lcd.o(i.bit_processHandle)
    i.bsp_CheckTimer                         0x08004a48   Section        0  bsp_timer.o(i.bsp_CheckTimer)
    i.bsp_DelayMS                            0x08004a7c   Section        0  bsp_timer.o(i.bsp_DelayMS)
    i.bsp_DelayUS                            0x08004ac0   Section        0  bsp_timer.o(i.bsp_DelayUS)
    i.bsp_DetectKey                          0x08004b14   Section        0  bsp_key.o(i.bsp_DetectKey)
    bsp_DetectKey                            0x08004b15   Thumb Code   198  bsp_key.o(i.bsp_DetectKey)
    i.bsp_GetKey                             0x08004be0   Section        0  bsp_key.o(i.bsp_GetKey)
    i.bsp_Idle                               0x08004c14   Section        0  bsp.o(i.bsp_Idle)
    i.bsp_Init                               0x08004c16   Section        0  bsp.o(i.bsp_Init)
    i.bsp_InitHardTimer                      0x08004c40   Section        0  bsp_timer.o(i.bsp_InitHardTimer)
    i.bsp_InitKey                            0x08004ca8   Section        0  bsp_key.o(i.bsp_InitKey)
    i.bsp_InitKeyHard                        0x08004cb4   Section        0  bsp_key.o(i.bsp_InitKeyHard)
    bsp_InitKeyHard                          0x08004cb5   Thumb Code   118  bsp_key.o(i.bsp_InitKeyHard)
    i.bsp_InitKeyVar                         0x08004d30   Section        0  bsp_key.o(i.bsp_InitKeyVar)
    bsp_InitKeyVar                           0x08004d31   Thumb Code   108  bsp_key.o(i.bsp_InitKeyVar)
    i.bsp_InitLed                            0x08004dbc   Section        0  bsp_led.o(i.bsp_InitLed)
    i.bsp_InitTimer                          0x08004e04   Section        0  bsp_timer.o(i.bsp_InitTimer)
    i.bsp_InitUart                           0x08004ea4   Section        0  bsp_uart_fifo.o(i.bsp_InitUart)
    i.bsp_KeyScan                            0x08004eb8   Section        0  bsp_key.o(i.bsp_KeyScan)
    i.bsp_LedOff                             0x08004ed0   Section        0  bsp_led.o(i.bsp_LedOff)
    i.bsp_LedOn                              0x08004ef0   Section        0  bsp_led.o(i.bsp_LedOn)
    i.bsp_PutKey                             0x08004f10   Section        0  bsp_key.o(i.bsp_PutKey)
    i.bsp_RunPer10ms                         0x08004f30   Section        0  bsp.o(i.bsp_RunPer10ms)
    i.bsp_RunPer1ms                          0x08004f38   Section        0  bsp.o(i.bsp_RunPer1ms)
    i.bsp_SoftTimerDec                       0x08004f3a   Section        0  bsp_timer.o(i.bsp_SoftTimerDec)
    bsp_SoftTimerDec                         0x08004f3b   Thumb Code    28  bsp_timer.o(i.bsp_SoftTimerDec)
    i.bsp_StartAutoTimer                     0x08004f58   Section        0  bsp_timer.o(i.bsp_StartAutoTimer)
    i.byteBufInit                            0x08004ff4   Section        0  eth_datastorage.o(i.byteBufInit)
    i.comGetChar                             0x08005014   Section        0  bsp_uart_fifo.o(i.comGetChar)
    i.comSendBuf                             0x08005032   Section        0  bsp_uart_fifo.o(i.comSendBuf)
    i.comSendChar                            0x08005060   Section        0  bsp_uart_fifo.o(i.comSendChar)
    i.core_lengthHandle                      0x08005070   Section        0  vgus_lcd.o(i.core_lengthHandle)
    core_lengthHandle                        0x08005071   Thumb Code    58  vgus_lcd.o(i.core_lengthHandle)
    i.fputc                                  0x080050aa   Section        0  bsp_uart_fifo.o(i.fputc)
    i.init_key                               0x080050bc   Section        0  bsp_key.o(i.init_key)
    i.main                                   0x0800518c   Section        0  main.o(i.main)
    i.onButtonUpdata_Rect                    0x08005278   Section        0  vgus_lcd.o(i.onButtonUpdata_Rect)
    i.onDisplacementUpdata_Rect              0x0800545c   Section        0  vgus_lcd.o(i.onDisplacementUpdata_Rect)
    i.onDisplacementUpdata_Text              0x08005478   Section        0  vgus_lcd.o(i.onDisplacementUpdata_Text)
    i.onTimeUpdata                           0x0800551c   Section        0  vgus_lcd.o(i.onTimeUpdata)
    i.pow                                    0x0800556c   Section        0  pow.o(i.pow)
    i.send_key_cmd                           0x08005f44   Section        0  ersc_ht_250ms.o(i.send_key_cmd)
    i.senddatatoETH                          0x080060ec   Section        0  eth_datastorage.o(i.senddatatoETH)
    i.sqrt                                   0x08006440   Section        0  sqrt.o(i.sqrt)
    .constdata                               0x0800648c   Section      512  bp_datasotrage.o(.constdata)
    auchCRCHi                                0x0800648c   Data         256  bp_datasotrage.o(.constdata)
    auchCRCLo                                0x0800658c   Data         256  bp_datasotrage.o(.constdata)
    .constdata                               0x0800668c   Section      122  vgus_lcd.o(.constdata)
    common_header                            0x0800668c   Data           2  vgus_lcd.o(.constdata)
    button_table                             0x0800668e   Data         120  vgus_lcd.o(.constdata)
    .constdata                               0x08006706   Section       66  bsp_timer.o(.constdata)
    __FUNCTION__                             0x08006706   Data          18  bsp_timer.o(.constdata)
    __FUNCTION__                             0x08006718   Data          15  bsp_timer.o(.constdata)
    __FUNCTION__                             0x08006727   Data          19  bsp_timer.o(.constdata)
    __FUNCTION__                             0x0800673a   Data          14  bsp_timer.o(.constdata)
    .constdata                               0x08006748   Section      136  pow.o(.constdata)
    bp                                       0x08006748   Data          16  pow.o(.constdata)
    dp_h                                     0x08006758   Data          16  pow.o(.constdata)
    dp_l                                     0x08006768   Data          16  pow.o(.constdata)
    L                                        0x08006778   Data          48  pow.o(.constdata)
    P                                        0x080067a8   Data          40  pow.o(.constdata)
    .constdata                               0x080067d0   Section        8  qnan.o(.constdata)
    .data                                    0x20000000   Section       20  system_stm32f10x.o(.data)
    .data                                    0x20000014   Section       20  stm32f10x_rcc.o(.data)
    APBAHBPrescTable                         0x20000014   Data          16  stm32f10x_rcc.o(.data)
    ADCPrescTable                            0x20000024   Data           4  stm32f10x_rcc.o(.data)
    .data                                    0x20000028   Section        3  main.o(.data)
    .data                                    0x2000002c   Section       81  ersc_ht_250ms.o(.data)
    .data                                    0x2000007e   Section       24  ersc_ht_datastorage.o(.data)
    .data                                    0x20000096   Section       20  eth_datastorage.o(.data)
    .data                                    0x200000aa   Section       16  bp_datasotrage.o(.data)
    .data                                    0x200000bc   Section       83  bsp_timer.o(.data)
    s_uiDelayCount                           0x200000bc   Data           4  bsp_timer.o(.data)
    s_ucTimeOutFlag                          0x200000c0   Data           1  bsp_timer.o(.data)
    s_TIM_CallBack1                          0x200000c8   Data           4  bsp_timer.o(.data)
    s_TIM_CallBack2                          0x200000cc   Data           4  bsp_timer.o(.data)
    s_TIM_CallBack3                          0x200000d0   Data           4  bsp_timer.o(.data)
    s_TIM_CallBack4                          0x200000d4   Data           4  bsp_timer.o(.data)
    s_count                                  0x2000010e   Data           1  bsp_timer.o(.data)
    .data                                    0x20000110   Section       41  bsp_adc.o(.data)
    .data                                    0x2000013a   Section       10  bsp_fpga.o(.data)
    gmma_index                               0x2000013a   Data           1  bsp_fpga.o(.data)
    gmma_buf                                 0x2000013c   Data           8  bsp_fpga.o(.data)
    .data                                    0x20000144   Section        4  stdout.o(.data)
    .data                                    0x20000148   Section        4  errno.o(.data)
    _errno                                   0x20000148   Data           4  errno.o(.data)
    .bss                                     0x2000014c   Section       45  ersc_ht_250ms.o(.bss)
    .bss                                     0x20000179   Section       85  ersc_ht_datastorage.o(.bss)
    .bss                                     0x200001ce   Section      279  eth_datastorage.o(.bss)
    .bss                                     0x200002e6   Section      238  bp_datasotrage.o(.bss)
    .bss                                     0x200003d4   Section     8352  bsp_uart_fifo.o(.bss)
    g_tUart1                                 0x200003d4   Data          40  bsp_uart_fifo.o(.bss)
    g_TxBuf1                                 0x200003fc   Data        1024  bsp_uart_fifo.o(.bss)
    g_tUart2                                 0x20000bfc   Data          40  bsp_uart_fifo.o(.bss)
    g_TxBuf2                                 0x20000c24   Data        1024  bsp_uart_fifo.o(.bss)
    g_RxBuf2                                 0x20001024   Data        1024  bsp_uart_fifo.o(.bss)
    g_tUart3                                 0x20001424   Data          40  bsp_uart_fifo.o(.bss)
    g_TxBuf3                                 0x2000144c   Data        1024  bsp_uart_fifo.o(.bss)
    g_RxBuf3                                 0x2000184c   Data        1024  bsp_uart_fifo.o(.bss)
    g_tUart5                                 0x20001c4c   Data          40  bsp_uart_fifo.o(.bss)
    g_TxBuf5                                 0x20001c74   Data        1024  bsp_uart_fifo.o(.bss)
    g_RxBuf5                                 0x20002074   Data        1024  bsp_uart_fifo.o(.bss)
    .bss                                     0x20002474   Section       48  bsp_timer.o(.bss)
    s_tTmr                                   0x20002474   Data          48  bsp_timer.o(.bss)
    .bss                                     0x200024a4   Section      119  bsp_key.o(.bss)
    .bss                                     0x2000251c   Section     2592  bsp_adc.o(.bss)
    voltage                                  0x20002528   Data          20  bsp_adc.o(.bss)
    STACK                                    0x20002f40   Section    16384  startup_stm32f10x_hd.o(STACK)

    Global Symbols

    Symbol Name                              Value     Ov Type        Size  Object(Section)

    BuildAttributes$$THM_ISAv4$P$D$K$B$S$PE$A:L22UL41UL21$X:L11$S22US41US21$IEEE1$IW$USESV6$~STKCKD$USESV7$~SHL$OTIME$ROPI$IEEEX$EBA8$MICROLIB$REQ8$PRES8$EABIv2 0x00000000   Number         0  anon$$obj.o ABSOLUTE
    __ARM_use_no_argv                        0x00000000   Number         0  main.o ABSOLUTE
    _printf_a                                0x00000000   Number         0  stubs.o ABSOLUTE
    _printf_c                                0x00000000   Number         0  stubs.o ABSOLUTE
    _printf_charcount                        0x00000000   Number         0  stubs.o ABSOLUTE
    _printf_d                                0x00000000   Number         0  stubs.o ABSOLUTE
    _printf_e                                0x00000000   Number         0  stubs.o ABSOLUTE
    _printf_f                                0x00000000   Number         0  stubs.o ABSOLUTE
    _printf_flags                            0x00000000   Number         0  stubs.o ABSOLUTE
    _printf_fp_dec                           0x00000000   Number         0  stubs.o ABSOLUTE
    _printf_fp_hex                           0x00000000   Number         0  stubs.o ABSOLUTE
    _printf_g                                0x00000000   Number         0  stubs.o ABSOLUTE
    _printf_i                                0x00000000   Number         0  stubs.o ABSOLUTE
    _printf_int_dec                          0x00000000   Number         0  stubs.o ABSOLUTE
    _printf_l                                0x00000000   Number         0  stubs.o ABSOLUTE
    _printf_lc                               0x00000000   Number         0  stubs.o ABSOLUTE
    _printf_ll                               0x00000000   Number         0  stubs.o ABSOLUTE
    _printf_lld                              0x00000000   Number         0  stubs.o ABSOLUTE
    _printf_lli                              0x00000000   Number         0  stubs.o ABSOLUTE
    _printf_llo                              0x00000000   Number         0  stubs.o ABSOLUTE
    _printf_llu                              0x00000000   Number         0  stubs.o ABSOLUTE
    _printf_llx                              0x00000000   Number         0  stubs.o ABSOLUTE
    _printf_longlong_dec                     0x00000000   Number         0  stubs.o ABSOLUTE
    _printf_longlong_hex                     0x00000000   Number         0  stubs.o ABSOLUTE
    _printf_longlong_oct                     0x00000000   Number         0  stubs.o ABSOLUTE
    _printf_ls                               0x00000000   Number         0  stubs.o ABSOLUTE
    _printf_mbtowc                           0x00000000   Number         0  stubs.o ABSOLUTE
    _printf_n                                0x00000000   Number         0  stubs.o ABSOLUTE
    _printf_o                                0x00000000   Number         0  stubs.o ABSOLUTE
    _printf_p                                0x00000000   Number         0  stubs.o ABSOLUTE
    _printf_percent                          0x00000000   Number         0  stubs.o ABSOLUTE
    _printf_pre_padding                      0x00000000   Number         0  stubs.o ABSOLUTE
    _printf_return_value                     0x00000000   Number         0  stubs.o ABSOLUTE
    _printf_s                                0x00000000   Number         0  stubs.o ABSOLUTE
    _printf_sizespec                         0x00000000   Number         0  stubs.o ABSOLUTE
    _printf_str                              0x00000000   Number         0  stubs.o ABSOLUTE
    _printf_truncate_signed                  0x00000000   Number         0  stubs.o ABSOLUTE
    _printf_truncate_unsigned                0x00000000   Number         0  stubs.o ABSOLUTE
    _printf_u                                0x00000000   Number         0  stubs.o ABSOLUTE
    _printf_wc                               0x00000000   Number         0  stubs.o ABSOLUTE
    _printf_wctomb                           0x00000000   Number         0  stubs.o ABSOLUTE
    _printf_widthprec                        0x00000000   Number         0  stubs.o ABSOLUTE
    _printf_x                                0x00000000   Number         0  stubs.o ABSOLUTE
    __cpp_initialize__aeabi_                  - Undefined Weak Reference
    __cxa_finalize                            - Undefined Weak Reference
    _clock_init                               - Undefined Weak Reference
    _microlib_exit                            - Undefined Weak Reference
    __Vectors_Size                           0x00000130   Number         0  startup_stm32f10x_hd.o ABSOLUTE
    __Vectors                                0x08000000   Data           4  startup_stm32f10x_hd.o(RESET)
    __Vectors_End                            0x08000130   Data           0  startup_stm32f10x_hd.o(RESET)
    __main                                   0x08000131   Thumb Code     0  entry.o(.ARM.Collect$$$$00000000)
    _main_stk                                0x08000131   Thumb Code     0  entry2.o(.ARM.Collect$$$$00000001)
    _main_scatterload                        0x08000135   Thumb Code     0  entry5.o(.ARM.Collect$$$$00000004)
    __main_after_scatterload                 0x08000139   Thumb Code     0  entry5.o(.ARM.Collect$$$$00000004)
    _main_clock                              0x08000139   Thumb Code     0  entry7b.o(.ARM.Collect$$$$00000008)
    _main_cpp_init                           0x08000139   Thumb Code     0  entry8b.o(.ARM.Collect$$$$0000000A)
    _main_init                               0x08000139   Thumb Code     0  entry9a.o(.ARM.Collect$$$$0000000B)
    __rt_final_cpp                           0x08000141   Thumb Code     0  entry10a.o(.ARM.Collect$$$$0000000D)
    __rt_final_exit                          0x08000141   Thumb Code     0  entry11a.o(.ARM.Collect$$$$0000000F)
    Reset_Handler                            0x08000145   Thumb Code     8  startup_stm32f10x_hd.o(.text)
    ADC1_2_IRQHandler                        0x0800015f   Thumb Code     0  startup_stm32f10x_hd.o(.text)
    ADC3_IRQHandler                          0x0800015f   Thumb Code     0  startup_stm32f10x_hd.o(.text)
    CAN1_RX1_IRQHandler                      0x0800015f   Thumb Code     0  startup_stm32f10x_hd.o(.text)
    CAN1_SCE_IRQHandler                      0x0800015f   Thumb Code     0  startup_stm32f10x_hd.o(.text)
    DMA1_Channel1_IRQHandler                 0x0800015f   Thumb Code     0  startup_stm32f10x_hd.o(.text)
    DMA1_Channel2_IRQHandler                 0x0800015f   Thumb Code     0  startup_stm32f10x_hd.o(.text)
    DMA1_Channel3_IRQHandler                 0x0800015f   Thumb Code     0  startup_stm32f10x_hd.o(.text)
    DMA1_Channel4_IRQHandler                 0x0800015f   Thumb Code     0  startup_stm32f10x_hd.o(.text)
    DMA1_Channel5_IRQHandler                 0x0800015f   Thumb Code     0  startup_stm32f10x_hd.o(.text)
    DMA1_Channel6_IRQHandler                 0x0800015f   Thumb Code     0  startup_stm32f10x_hd.o(.text)
    DMA1_Channel7_IRQHandler                 0x0800015f   Thumb Code     0  startup_stm32f10x_hd.o(.text)
    DMA2_Channel1_IRQHandler                 0x0800015f   Thumb Code     0  startup_stm32f10x_hd.o(.text)
    DMA2_Channel2_IRQHandler                 0x0800015f   Thumb Code     0  startup_stm32f10x_hd.o(.text)
    DMA2_Channel3_IRQHandler                 0x0800015f   Thumb Code     0  startup_stm32f10x_hd.o(.text)
    DMA2_Channel4_5_IRQHandler               0x0800015f   Thumb Code     0  startup_stm32f10x_hd.o(.text)
    EXTI0_IRQHandler                         0x0800015f   Thumb Code     0  startup_stm32f10x_hd.o(.text)
    EXTI15_10_IRQHandler                     0x0800015f   Thumb Code     0  startup_stm32f10x_hd.o(.text)
    EXTI1_IRQHandler                         0x0800015f   Thumb Code     0  startup_stm32f10x_hd.o(.text)
    EXTI2_IRQHandler                         0x0800015f   Thumb Code     0  startup_stm32f10x_hd.o(.text)
    EXTI3_IRQHandler                         0x0800015f   Thumb Code     0  startup_stm32f10x_hd.o(.text)
    EXTI4_IRQHandler                         0x0800015f   Thumb Code     0  startup_stm32f10x_hd.o(.text)
    EXTI9_5_IRQHandler                       0x0800015f   Thumb Code     0  startup_stm32f10x_hd.o(.text)
    FLASH_IRQHandler                         0x0800015f   Thumb Code     0  startup_stm32f10x_hd.o(.text)
    FSMC_IRQHandler                          0x0800015f   Thumb Code     0  startup_stm32f10x_hd.o(.text)
    I2C1_ER_IRQHandler                       0x0800015f   Thumb Code     0  startup_stm32f10x_hd.o(.text)
    I2C1_EV_IRQHandler                       0x0800015f   Thumb Code     0  startup_stm32f10x_hd.o(.text)
    I2C2_ER_IRQHandler                       0x0800015f   Thumb Code     0  startup_stm32f10x_hd.o(.text)
    I2C2_EV_IRQHandler                       0x0800015f   Thumb Code     0  startup_stm32f10x_hd.o(.text)
    PVD_IRQHandler                           0x0800015f   Thumb Code     0  startup_stm32f10x_hd.o(.text)
    RCC_IRQHandler                           0x0800015f   Thumb Code     0  startup_stm32f10x_hd.o(.text)
    RTCAlarm_IRQHandler                      0x0800015f   Thumb Code     0  startup_stm32f10x_hd.o(.text)
    RTC_IRQHandler                           0x0800015f   Thumb Code     0  startup_stm32f10x_hd.o(.text)
    SDIO_IRQHandler                          0x0800015f   Thumb Code     0  startup_stm32f10x_hd.o(.text)
    SPI1_IRQHandler                          0x0800015f   Thumb Code     0  startup_stm32f10x_hd.o(.text)
    SPI2_IRQHandler                          0x0800015f   Thumb Code     0  startup_stm32f10x_hd.o(.text)
    SPI3_IRQHandler                          0x0800015f   Thumb Code     0  startup_stm32f10x_hd.o(.text)
    TAMPER_IRQHandler                        0x0800015f   Thumb Code     0  startup_stm32f10x_hd.o(.text)
    TIM1_BRK_IRQHandler                      0x0800015f   Thumb Code     0  startup_stm32f10x_hd.o(.text)
    TIM1_CC_IRQHandler                       0x0800015f   Thumb Code     0  startup_stm32f10x_hd.o(.text)
    TIM1_TRG_COM_IRQHandler                  0x0800015f   Thumb Code     0  startup_stm32f10x_hd.o(.text)
    TIM1_UP_IRQHandler                       0x0800015f   Thumb Code     0  startup_stm32f10x_hd.o(.text)
    TIM3_IRQHandler                          0x0800015f   Thumb Code     0  startup_stm32f10x_hd.o(.text)
    TIM4_IRQHandler                          0x0800015f   Thumb Code     0  startup_stm32f10x_hd.o(.text)
    TIM5_IRQHandler                          0x0800015f   Thumb Code     0  startup_stm32f10x_hd.o(.text)
    TIM6_IRQHandler                          0x0800015f   Thumb Code     0  startup_stm32f10x_hd.o(.text)
    TIM7_IRQHandler                          0x0800015f   Thumb Code     0  startup_stm32f10x_hd.o(.text)
    TIM8_BRK_IRQHandler                      0x0800015f   Thumb Code     0  startup_stm32f10x_hd.o(.text)
    TIM8_CC_IRQHandler                       0x0800015f   Thumb Code     0  startup_stm32f10x_hd.o(.text)
    TIM8_TRG_COM_IRQHandler                  0x0800015f   Thumb Code     0  startup_stm32f10x_hd.o(.text)
    TIM8_UP_IRQHandler                       0x0800015f   Thumb Code     0  startup_stm32f10x_hd.o(.text)
    UART4_IRQHandler                         0x0800015f   Thumb Code     0  startup_stm32f10x_hd.o(.text)
    USBWakeUp_IRQHandler                     0x0800015f   Thumb Code     0  startup_stm32f10x_hd.o(.text)
    USB_HP_CAN1_TX_IRQHandler                0x0800015f   Thumb Code     0  startup_stm32f10x_hd.o(.text)
    USB_LP_CAN1_RX0_IRQHandler               0x0800015f   Thumb Code     0  startup_stm32f10x_hd.o(.text)
    WWDG_IRQHandler                          0x0800015f   Thumb Code     0  startup_stm32f10x_hd.o(.text)
    strlen                                   0x08000169   Thumb Code    14  strlen.o(.text)
    __aeabi_fadd                             0x08000177   Thumb Code   164  fadd.o(.text)
    __aeabi_fsub                             0x0800021b   Thumb Code     6  fadd.o(.text)
    __aeabi_frsub                            0x08000221   Thumb Code     6  fadd.o(.text)
    __aeabi_fmul                             0x08000227   Thumb Code   100  fmul.o(.text)
    __aeabi_fdiv                             0x0800028b   Thumb Code   124  fdiv.o(.text)
    __aeabi_dadd                             0x08000307   Thumb Code   322  dadd.o(.text)
    __aeabi_dsub                             0x08000449   Thumb Code     6  dadd.o(.text)
    __aeabi_drsub                            0x0800044f   Thumb Code     6  dadd.o(.text)
    __aeabi_dmul                             0x08000455   Thumb Code   228  dmul.o(.text)
    __aeabi_ddiv                             0x08000539   Thumb Code   222  ddiv.o(.text)
    __aeabi_ui2f                             0x08000617   Thumb Code    10  ffltui.o(.text)
    __aeabi_i2d                              0x08000621   Thumb Code    34  dflti.o(.text)
    __aeabi_ui2d                             0x08000643   Thumb Code    26  dfltui.o(.text)
    __aeabi_f2iz                             0x0800065d   Thumb Code    50  ffixi.o(.text)
    __aeabi_f2uiz                            0x0800068f   Thumb Code    40  ffixui.o(.text)
    __aeabi_d2iz                             0x080006b7   Thumb Code    62  dfixi.o(.text)
    __aeabi_d2uiz                            0x080006f5   Thumb Code    50  dfixui.o(.text)
    __aeabi_f2d                              0x08000727   Thumb Code    38  f2d.o(.text)
    __aeabi_d2f                              0x0800074d   Thumb Code    56  d2f.o(.text)
    __aeabi_cfrcmple                         0x08000785   Thumb Code    20  cfrcmple.o(.text)
    __aeabi_llsl                             0x08000799   Thumb Code    30  llshl.o(.text)
    _ll_shift_l                              0x08000799   Thumb Code     0  llshl.o(.text)
    __aeabi_llsr                             0x080007b7   Thumb Code    32  llushr.o(.text)
    _ll_ushift_r                             0x080007b7   Thumb Code     0  llushr.o(.text)
    __aeabi_lasr                             0x080007d7   Thumb Code    36  llsshr.o(.text)
    _ll_sshift_r                             0x080007d7   Thumb Code     0  llsshr.o(.text)
    __I$use$fp                               0x080007fb   Thumb Code     0  iusefp.o(.text)
    _float_round                             0x080007fb   Thumb Code    18  fepilogue.o(.text)
    _float_epilogue                          0x0800080d   Thumb Code    92  fepilogue.o(.text)
    _double_round                            0x08000869   Thumb Code    30  depilogue.o(.text)
    _double_epilogue                         0x08000887   Thumb Code   156  depilogue.o(.text)
    __ARM_scalbn                             0x08000923   Thumb Code    46  dscalb.o(.text)
    scalbn                                   0x08000923   Thumb Code     0  dscalb.o(.text)
    _dsqrt                                   0x08000951   Thumb Code   162  dsqrt.o(.text)
    __aeabi_cdrcmple                         0x080009f5   Thumb Code    48  cdrcmple.o(.text)
    __scatterload                            0x08000a25   Thumb Code    28  init.o(.text)
    __scatterload_rt2                        0x08000a25   Thumb Code     0  init.o(.text)
    __decompress                             0x08000a49   Thumb Code     0  __dczerorl2.o(.text)
    __decompress1                            0x08000a49   Thumb Code    86  __dczerorl2.o(.text)
    ADC_Cmd                                  0x08000a9f   Thumb Code    22  stm32f10x_adc.o(i.ADC_Cmd)
    ADC_Ctrl_Current_acqdata                 0x08000ab5   Thumb Code   210  bsp_adc.o(i.ADC_Ctrl_Current_acqdata)
    ADC_DMACmd                               0x08000bad   Thumb Code    22  stm32f10x_adc.o(i.ADC_DMACmd)
    ADC_GetCalibrationStatus                 0x08000bc3   Thumb Code    20  stm32f10x_adc.o(i.ADC_GetCalibrationStatus)
    ADC_GetResetCalibrationStatus            0x08000bd7   Thumb Code    20  stm32f10x_adc.o(i.ADC_GetResetCalibrationStatus)
    ADC_Init                                 0x08000bed   Thumb Code    70  stm32f10x_adc.o(i.ADC_Init)
    ADC_Motor_Current_acqdata                0x08000c3d   Thumb Code   444  bsp_adc.o(i.ADC_Motor_Current_acqdata)
    ADC_RegularChannelConfig                 0x08000e45   Thumb Code   184  stm32f10x_adc.o(i.ADC_RegularChannelConfig)
    ADC_ResetCalibration                     0x08000efd   Thumb Code    10  stm32f10x_adc.o(i.ADC_ResetCalibration)
    ADC_SoftwareStartConvCmd                 0x08000f07   Thumb Code    22  stm32f10x_adc.o(i.ADC_SoftwareStartConvCmd)
    ADC_StartCalibration                     0x08000f1d   Thumb Code    10  stm32f10x_adc.o(i.ADC_StartCalibration)
    ADCx_Init                                0x08000f75   Thumb Code    12  bsp_adc.o(i.ADCx_Init)
    BP_data_storage                          0x080010a9   Thumb Code   348  bp_datasotrage.o(i.BP_data_storage)
    BusFault_Handler                         0x08001221   Thumb Code     4  stm32f10x_it.o(i.BusFault_Handler)
    ButtonClear                              0x08001225   Thumb Code   206  vgus_lcd.o(i.ButtonClear)
    ButtonDeepGreen                          0x080012f9   Thumb Code   222  vgus_lcd.o(i.ButtonDeepGreen)
    ButtonRed                                0x080013dd   Thumb Code   222  vgus_lcd.o(i.ButtonRed)
    CheckSum                                 0x080014f9   Thumb Code    28  ersc_ht_datastorage.o(i.CheckSum)
    CmdSendToUnderGround                     0x08001515   Thumb Code    48  eth_datastorage.o(i.CmdSendToUnderGround)
    ComToUart                                0x08001555   Thumb Code    44  bsp_uart_fifo.o(i.ComToUart)
    DMA_Cmd                                  0x0800160d   Thumb Code    24  stm32f10x_dma.o(i.DMA_Cmd)
    DMA_DeInit                               0x08001625   Thumb Code   324  stm32f10x_dma.o(i.DMA_DeInit)
    DMA_Init                                 0x08001771   Thumb Code    60  stm32f10x_dma.o(i.DMA_Init)
    Data_request                             0x080017ad   Thumb Code   126  bp_datasotrage.o(i.Data_request)
    DebugMon_Handler                         0x08001839   Thumb Code     2  stm32f10x_it.o(i.DebugMon_Handler)
    Downdata_storage                         0x0800183d   Thumb Code   952  ersc_ht_datastorage.o(i.Downdata_storage)
    ETH_DistStatusUpdata                     0x08001c81   Thumb Code   458  ersc_ht_250ms.o(i.ETH_DistStatusUpdata)
    ETH_StatusResponse                       0x08001e91   Thumb Code   280  ersc_ht_250ms.o(i.ETH_StatusResponse)
    ETH_data_storage                         0x08001fb1   Thumb Code   266  eth_datastorage.o(i.ETH_data_storage)
    Fpga_Read                                0x080020e1   Thumb Code   272  bsp_fpga.o(i.Fpga_Read)
    Fpga_Write                               0x08002205   Thumb Code   588  bsp_fpga.o(i.Fpga_Write)
    GPIO_FPGA_Configuration                  0x08002465   Thumb Code   234  bsp_fpga.o(i.GPIO_FPGA_Configuration)
    GPIO_Init                                0x08002565   Thumb Code   278  stm32f10x_gpio.o(i.GPIO_Init)
    GPIO_PinRemapConfig                      0x0800267d   Thumb Code   138  stm32f10x_gpio.o(i.GPIO_PinRemapConfig)
    GPIO_ReadInputDataBit                    0x0800270d   Thumb Code    18  stm32f10x_gpio.o(i.GPIO_ReadInputDataBit)
    GPIO_ResetBits                           0x0800271f   Thumb Code     4  stm32f10x_gpio.o(i.GPIO_ResetBits)
    GPIO_SetBits                             0x08002723   Thumb Code     4  stm32f10x_gpio.o(i.GPIO_SetBits)
    HT_250ms_Timerout                        0x08002729   Thumb Code    46  ersc_ht_250ms.o(i.HT_250ms_Timerout)
    HardFault_Handler                        0x0800275d   Thumb Code    40  stm32f10x_it.o(i.HardFault_Handler)
    Initialvoltagevalue                      0x080029f5   Thumb Code   196  bsp_adc.o(i.Initialvoltagevalue)
    KeyDistStatusUpdata                      0x08002b55   Thumb Code   692  ersc_ht_250ms.o(i.KeyDistStatusUpdata)
    KeyStatusResponse                        0x08002e61   Thumb Code   540  ersc_ht_250ms.o(i.KeyStatusResponse)
    Key_NoresponseRefresh_Colorblock         0x0800308d   Thumb Code   240  ersc_ht_250ms.o(i.Key_NoresponseRefresh_Colorblock)
    LCD_Updata                               0x08003195   Thumb Code   382  vgus_lcd.o(i.LCD_Updata)
    MemManage_Handler                        0x08003339   Thumb Code     4  stm32f10x_it.o(i.MemManage_Handler)
    NMI_Handler                              0x0800333d   Thumb Code     2  stm32f10x_it.o(i.NMI_Handler)
    NVIC_Init                                0x08003341   Thumb Code   100  misc.o(i.NVIC_Init)
    NVIC_PriorityGroupConfig                 0x080033b1   Thumb Code    10  misc.o(i.NVIC_PriorityGroupConfig)
    PendSV_Handler                           0x080033c5   Thumb Code     2  stm32f10x_it.o(i.PendSV_Handler)
    RCC_ADCCLKConfig                         0x08003429   Thumb Code    18  stm32f10x_rcc.o(i.RCC_ADCCLKConfig)
    RCC_AHBPeriphClockCmd                    0x08003441   Thumb Code    26  stm32f10x_rcc.o(i.RCC_AHBPeriphClockCmd)
    RCC_APB1PeriphClockCmd                   0x08003461   Thumb Code    26  stm32f10x_rcc.o(i.RCC_APB1PeriphClockCmd)
    RCC_APB2PeriphClockCmd                   0x08003481   Thumb Code    26  stm32f10x_rcc.o(i.RCC_APB2PeriphClockCmd)
    RCC_GetClocksFreq                        0x080034a1   Thumb Code   192  stm32f10x_rcc.o(i.RCC_GetClocksFreq)
    RS485_InitTXE                            0x08003575   Thumb Code    38  bsp_uart_fifo.o(i.RS485_InitTXE)
    RS485_ReciveNew                          0x080035a1   Thumb Code     2  bsp_uart_fifo.o(i.RS485_ReciveNew)
    RS485_SendBefor                          0x080035a5   Thumb Code     8  bsp_uart_fifo.o(i.RS485_SendBefor)
    RS485_SendOver                           0x080035b1   Thumb Code     8  bsp_uart_fifo.o(i.RS485_SendOver)
    RectangleFill                            0x080035bd   Thumb Code   168  vgus_lcd.o(i.RectangleFill)
    RefreshNumber                            0x08003669   Thumb Code   136  vgus_lcd.o(i.RefreshNumber)
    RefreshText                              0x080036f5   Thumb Code   214  vgus_lcd.o(i.RefreshText)
    ResetLCD                                 0x080037d1   Thumb Code   336  vgus_lcd.o(i.ResetLCD)
    SVC_Handler                              0x08003921   Thumb Code     2  stm32f10x_it.o(i.SVC_Handler)
    Send_datatoBP                            0x08003925   Thumb Code   428  bp_datasotrage.o(i.Send_datatoBP)
    Sendkeycmd                               0x08003ae1   Thumb Code   116  bp_datasotrage.o(i.Sendkeycmd)
    SysTick_Handler                          0x08003c41   Thumb Code   174  bsp_timer.o(i.SysTick_Handler)
    SysTick_ISR                              0x08003d2d   Thumb Code   110  bsp_timer.o(i.SysTick_ISR)
    SystemInit                               0x08003db1   Thumb Code    78  system_stm32f10x.o(i.SystemInit)
    TIM2_IRQHandler                          0x08003e11   Thumb Code   140  bsp_timer.o(i.TIM2_IRQHandler)
    TIM_ClearITPendingBit                    0x08003ead   Thumb Code     6  stm32f10x_tim.o(i.TIM_ClearITPendingBit)
    TIM_Cmd                                  0x08003eb3   Thumb Code    24  stm32f10x_tim.o(i.TIM_Cmd)
    TIM_GetITStatus                          0x08003ecb   Thumb Code    34  stm32f10x_tim.o(i.TIM_GetITStatus)
    TIM_ITConfig                             0x08003eed   Thumb Code    18  stm32f10x_tim.o(i.TIM_ITConfig)
    TIM_TimeBaseInit                         0x08003f01   Thumb Code   122  stm32f10x_tim.o(i.TIM_TimeBaseInit)
    Text_ResetLCD                            0x08003fa5   Thumb Code    32  vgus_lcd.o(i.Text_ResetLCD)
    Torque_acq                               0x08003fc9   Thumb Code   664  ersc_ht_250ms.o(i.Torque_acq)
    TwoBytesReverse                          0x080042ad   Thumb Code    14  eth_datastorage.o(i.TwoBytesReverse)
    UART5_IRQHandler                         0x080042bd   Thumb Code    10  bsp_uart_fifo.o(i.UART5_IRQHandler)
    USART1_IRQHandler                        0x080042cd   Thumb Code    10  bsp_uart_fifo.o(i.USART1_IRQHandler)
    USART2_IRQHandler                        0x080042dd   Thumb Code    10  bsp_uart_fifo.o(i.USART2_IRQHandler)
    USART3_IRQHandler                        0x080042ed   Thumb Code    10  bsp_uart_fifo.o(i.USART3_IRQHandler)
    USART_ClearFlag                          0x080042fd   Thumb Code    18  stm32f10x_usart.o(i.USART_ClearFlag)
    USART_Cmd                                0x0800430f   Thumb Code    24  stm32f10x_usart.o(i.USART_Cmd)
    USART_GetITStatus                        0x08004327   Thumb Code    84  stm32f10x_usart.o(i.USART_GetITStatus)
    USART_ITConfig                           0x0800437b   Thumb Code    74  stm32f10x_usart.o(i.USART_ITConfig)
    USART_Init                               0x080043c5   Thumb Code   210  stm32f10x_usart.o(i.USART_Init)
    USART_ReceiveData                        0x0800449d   Thumb Code    10  stm32f10x_usart.o(i.USART_ReceiveData)
    USART_SendData                           0x080044a7   Thumb Code     8  stm32f10x_usart.o(i.USART_SendData)
    UsageFault_Handler                       0x0800476d   Thumb Code     4  stm32f10x_it.o(i.UsageFault_Handler)
    VGUS_Init                                0x08004771   Thumb Code     8  vgus_lcd.o(i.VGUS_Init)
    WriteGmmaCntToFpga                       0x08004779   Thumb Code    76  bsp_fpga.o(i.WriteGmmaCntToFpga)
    __0printf$2                              0x080047cd   Thumb Code    22  printf2.o(i.__0printf$2)
    __1printf$2                              0x080047cd   Thumb Code     0  printf2.o(i.__0printf$2)
    __2printf                                0x080047cd   Thumb Code     0  printf2.o(i.__0printf$2)
    __ARM_fpclassify                         0x080047ed   Thumb Code    40  fpclassify.o(i.__ARM_fpclassify)
    __kernel_poly                            0x08004815   Thumb Code   170  poly.o(i.__kernel_poly)
    __mathlib_dbl_divzero                    0x080048c1   Thumb Code    12  dunder.o(i.__mathlib_dbl_divzero)
    __mathlib_dbl_infnan2                    0x080048d1   Thumb Code     4  dunder.o(i.__mathlib_dbl_infnan2)
    __mathlib_dbl_invalid                    0x080048d5   Thumb Code    12  dunder.o(i.__mathlib_dbl_invalid)
    __mathlib_dbl_overflow                   0x080048e1   Thumb Code    14  dunder.o(i.__mathlib_dbl_overflow)
    __mathlib_dbl_underflow                  0x080048f1   Thumb Code    10  dunder.o(i.__mathlib_dbl_underflow)
    __scatterload_copy                       0x08004901   Thumb Code    14  handlers.o(i.__scatterload_copy)
    __scatterload_null                       0x0800490f   Thumb Code     2  handlers.o(i.__scatterload_null)
    __scatterload_zeroinit                   0x08004911   Thumb Code    14  handlers.o(i.__scatterload_zeroinit)
    __set_errno                              0x0800492d   Thumb Code     6  errno.o(i.__set_errno)
    bsp_CheckTimer                           0x08004a49   Thumb Code    48  bsp_timer.o(i.bsp_CheckTimer)
    bsp_DelayMS                              0x08004a7d   Thumb Code    58  bsp_timer.o(i.bsp_DelayMS)
    bsp_DelayUS                              0x08004ac1   Thumb Code    76  bsp_timer.o(i.bsp_DelayUS)
    bsp_GetKey                               0x08004be1   Thumb Code    46  bsp_key.o(i.bsp_GetKey)
    bsp_Idle                                 0x08004c15   Thumb Code     2  bsp.o(i.bsp_Idle)
    bsp_Init                                 0x08004c17   Thumb Code    40  bsp.o(i.bsp_Init)
    bsp_InitHardTimer                        0x08004c41   Thumb Code    96  bsp_timer.o(i.bsp_InitHardTimer)
    bsp_InitKey                              0x08004ca9   Thumb Code    12  bsp_key.o(i.bsp_InitKey)
    bsp_InitLed                              0x08004dbd   Thumb Code    66  bsp_led.o(i.bsp_InitLed)
    bsp_InitTimer                            0x08004e05   Thumb Code   142  bsp_timer.o(i.bsp_InitTimer)
    bsp_InitUart                             0x08004ea5   Thumb Code    20  bsp_uart_fifo.o(i.bsp_InitUart)
    bsp_KeyScan                              0x08004eb9   Thumb Code    22  bsp_key.o(i.bsp_KeyScan)
    bsp_LedOff                               0x08004ed1   Thumb Code    28  bsp_led.o(i.bsp_LedOff)
    bsp_LedOn                                0x08004ef1   Thumb Code    28  bsp_led.o(i.bsp_LedOn)
    bsp_PutKey                               0x08004f11   Thumb Code    28  bsp_key.o(i.bsp_PutKey)
    bsp_RunPer10ms                           0x08004f31   Thumb Code     8  bsp.o(i.bsp_RunPer10ms)
    bsp_RunPer1ms                            0x08004f39   Thumb Code     2  bsp.o(i.bsp_RunPer1ms)
    bsp_StartAutoTimer                       0x08004f59   Thumb Code    84  bsp_timer.o(i.bsp_StartAutoTimer)
    byteBufInit                              0x08004ff5   Thumb Code    32  eth_datastorage.o(i.byteBufInit)
    comGetChar                               0x08005015   Thumb Code    30  bsp_uart_fifo.o(i.comGetChar)
    comSendBuf                               0x08005033   Thumb Code    46  bsp_uart_fifo.o(i.comSendBuf)
    comSendChar                              0x08005061   Thumb Code    16  bsp_uart_fifo.o(i.comSendChar)
    fputc                                    0x080050ab   Thumb Code    18  bsp_uart_fifo.o(i.fputc)
    init_key                                 0x080050bd   Thumb Code   204  bsp_key.o(i.init_key)
    main                                     0x0800518d   Thumb Code   202  main.o(i.main)
    onButtonUpdata_Rect                      0x08005279   Thumb Code   480  vgus_lcd.o(i.onButtonUpdata_Rect)
    onDisplacementUpdata_Rect                0x0800545d   Thumb Code    22  vgus_lcd.o(i.onDisplacementUpdata_Rect)
    onDisplacementUpdata_Text                0x08005479   Thumb Code   140  vgus_lcd.o(i.onDisplacementUpdata_Text)
    onTimeUpdata                             0x0800551d   Thumb Code    80  vgus_lcd.o(i.onTimeUpdata)
    pow                                      0x0800556d   Thumb Code  2512  pow.o(i.pow)
    send_key_cmd                             0x08005f45   Thumb Code   350  ersc_ht_250ms.o(i.send_key_cmd)
    senddatatoETH                            0x080060ed   Thumb Code   794  eth_datastorage.o(i.senddatatoETH)
    sqrt                                     0x08006441   Thumb Code    76  sqrt.o(i.sqrt)
    __mathlib_zero                           0x080067d0   Data           8  qnan.o(.constdata)
    Region$$Table$$Base                      0x080067d8   Number         0  anon$$obj.o(Region$$Table)
    Region$$Table$$Limit                     0x080067f8   Number         0  anon$$obj.o(Region$$Table)
    SystemCoreClock                          0x20000000   Data           4  system_stm32f10x.o(.data)
    AHBPrescTable                            0x20000004   Data          16  system_stm32f10x.o(.data)
    DH_data_timer                            0x20000028   Data           2  main.o(.data)
    timer_out                                0x2000002a   Data           1  main.o(.data)
    Key_status                               0x2000002c   Data           1  ersc_ht_250ms.o(.data)
    MD_commd_flag                            0x2000002d   Data           1  ersc_ht_250ms.o(.data)
    MD_cmd_dist_flag                         0x2000002e   Data           1  ersc_ht_250ms.o(.data)
    push_flag                                0x2000002f   Data           1  ersc_ht_250ms.o(.data)
    motor_flag                               0x20000030   Data           1  ersc_ht_250ms.o(.data)
    pressuer_flag                            0x20000031   Data           1  ersc_ht_250ms.o(.data)
    bit_process_flag                         0x20000032   Data           1  ersc_ht_250ms.o(.data)
    gama_flag                                0x20000033   Data           1  ersc_ht_250ms.o(.data)
    flag_yellow                              0x20000034   Data           1  ersc_ht_250ms.o(.data)
    upflag                                   0x20000035   Data           1  ersc_ht_250ms.o(.data)
    downflag                                 0x20000036   Data           1  ersc_ht_250ms.o(.data)
    motor_cycle_lcd                          0x20000038   Data           2  ersc_ht_250ms.o(.data)
    motor_cycle_flag                         0x2000003a   Data           1  ersc_ht_250ms.o(.data)
    flag_allkey                              0x2000003b   Data           1  ersc_ht_250ms.o(.data)
    Push_open_flag                           0x2000003c   Data           1  ersc_ht_250ms.o(.data)
    Push_close_flag                          0x2000003d   Data           1  ersc_ht_250ms.o(.data)
    bit_process_open_flag                    0x2000003e   Data           1  ersc_ht_250ms.o(.data)
    bit_process_close_flag                   0x2000003f   Data           1  ersc_ht_250ms.o(.data)
    motor_open_flag                          0x20000040   Data           1  ersc_ht_250ms.o(.data)
    motor_close_flag                         0x20000041   Data           1  ersc_ht_250ms.o(.data)
    gama_open_flag                           0x20000042   Data           1  ersc_ht_250ms.o(.data)
    gama_close_flag                          0x20000043   Data           1  ersc_ht_250ms.o(.data)
    pressure_up_flag                         0x20000044   Data           1  ersc_ht_250ms.o(.data)
    pressure_down_flag                       0x20000045   Data           1  ersc_ht_250ms.o(.data)
    pressure_keep_flag                       0x20000046   Data           1  ersc_ht_250ms.o(.data)
    _cmd                                     0x20000048   Data           2  ersc_ht_250ms.o(.data)
    Key_respstatus_data                      0x2000004a   Data           2  ersc_ht_250ms.o(.data)
    commd_response_cnt                       0x2000004c   Data           1  ersc_ht_250ms.o(.data)
    tor_data                                 0x20000050   Data           4  ersc_ht_250ms.o(.data)
    tspe_data                                0x20000054   Data           4  ersc_ht_250ms.o(.data)
    power_data                               0x20000058   Data           4  ersc_ht_250ms.o(.data)
    tor_value                                0x2000005c   Data           4  ersc_ht_250ms.o(.data)
    tspe_value                               0x20000060   Data           4  ersc_ht_250ms.o(.data)
    power_value                              0x20000064   Data           4  ersc_ht_250ms.o(.data)
    tor_order                                0x20000068   Data           1  ersc_ht_250ms.o(.data)
    tspe_order                               0x20000069   Data           1  ersc_ht_250ms.o(.data)
    power_order                              0x2000006a   Data           1  ersc_ht_250ms.o(.data)
    tor                                      0x2000006c   Data           4  ersc_ht_250ms.o(.data)
    tspe                                     0x20000070   Data           4  ersc_ht_250ms.o(.data)
    power                                    0x20000074   Data           4  ersc_ht_250ms.o(.data)
    tor_uphole                               0x20000078   Data           2  ersc_ht_250ms.o(.data)
    tspe_uphole                              0x2000007a   Data           2  ersc_ht_250ms.o(.data)
    DoseResend                               0x2000007c   Data           1  ersc_ht_250ms.o(.data)
    Downdata_count                           0x2000007e   Data           1  ersc_ht_datastorage.o(.data)
    motorcycle_REV_count                     0x2000007f   Data           1  ersc_ht_datastorage.o(.data)
    motorcycle_FWD_count                     0x20000080   Data           1  ersc_ht_datastorage.o(.data)
    Downdatarecv_flag                        0x20000081   Data           1  ersc_ht_datastorage.o(.data)
    Motor_status_flag                        0x20000082   Data           1  ersc_ht_datastorage.o(.data)
    Key_response_status                      0x20000083   Data           1  ersc_ht_datastorage.o(.data)
    g_ucTimeOut2                             0x20000084   Data           1  ersc_ht_datastorage.o(.data)
    Error_timer                              0x20000086   Data           2  ersc_ht_datastorage.o(.data)
    temp                                     0x20000088   Data           2  ersc_ht_datastorage.o(.data)
    temp0                                    0x2000008a   Data           2  ersc_ht_datastorage.o(.data)
    uptemperature                            0x2000008c   Data           1  ersc_ht_datastorage.o(.data)
    motor_cycle                              0x2000008d   Data           1  ersc_ht_datastorage.o(.data)
    downcnt                                  0x2000008e   Data           1  ersc_ht_datastorage.o(.data)
    downdatabuf_clear                        0x2000008f   Data           1  ersc_ht_datastorage.o(.data)
    motorrad                                 0x20000090   Data           1  ersc_ht_datastorage.o(.data)
    Button_response_flag                     0x20000091   Data           1  ersc_ht_datastorage.o(.data)
    resetLCD_flag                            0x20000092   Data           1  ersc_ht_datastorage.o(.data)
    cnt                                      0x20000093   Data           1  ersc_ht_datastorage.o(.data)
    header_flag                              0x20000094   Data           1  ersc_ht_datastorage.o(.data)
    resend_cnt                               0x20000095   Data           1  ersc_ht_datastorage.o(.data)
    CmdSendtoUnder_buf                       0x20000096   Data           4  eth_datastorage.o(.data)
    eth_ctrl                                 0x2000009a   Data           1  eth_datastorage.o(.data)
    send_cmd                                 0x2000009b   Data           1  eth_datastorage.o(.data)
    Key_disable_flag                         0x2000009c   Data           1  eth_datastorage.o(.data)
    ETH_datarecv_flag                        0x2000009d   Data           1  eth_datastorage.o(.data)
    ETHdata_count                            0x2000009e   Data           2  eth_datastorage.o(.data)
    isFindHead                               0x200000a0   Data           1  eth_datastorage.o(.data)
    count                                    0x200000a1   Data           1  eth_datastorage.o(.data)
    eth_cmd                                  0x200000a2   Data           2  eth_datastorage.o(.data)
    test_cnt                                 0x200000a4   Data           1  eth_datastorage.o(.data)
    clear_cnt                                0x200000a5   Data           1  eth_datastorage.o(.data)
    BP_clear_cnt                             0x200000a6   Data           1  eth_datastorage.o(.data)
    Button_flag                              0x200000a7   Data           1  eth_datastorage.o(.data)
    commd_reg                                0x200000a8   Data           2  eth_datastorage.o(.data)
    BPRxState                                0x200000aa   Data           1  bp_datasotrage.o(.data)
    BPdata_count                             0x200000ab   Data           1  bp_datasotrage.o(.data)
    BP_commd_flag                            0x200000ac   Data           1  bp_datasotrage.o(.data)
    BPdatarecv_flag                          0x200000ad   Data           1  bp_datasotrage.o(.data)
    BP_back_flag                             0x200000ae   Data           1  bp_datasotrage.o(.data)
    BPdatabuf_clear                          0x200000af   Data           1  bp_datasotrage.o(.data)
    keycmd_buf                               0x200000b0   Data           8  bp_datasotrage.o(.data)
    repeat_dist_flag                         0x200000b8   Data           1  bp_datasotrage.o(.data)
    repeat_response_flag                     0x200000b9   Data           1  bp_datasotrage.o(.data)
    g_iRunTime                               0x200000c4   Data           4  bsp_timer.o(.data)
    start_push                               0x200000d8   Data           1  bsp_timer.o(.data)
    Rx_out                                   0x200000dc   Data           4  bsp_timer.o(.data)
    push_timer                               0x200000e0   Data           4  bsp_timer.o(.data)
    MD_timer                                 0x200000e4   Data           4  bsp_timer.o(.data)
    timer                                    0x200000e8   Data           4  bsp_timer.o(.data)
    timerout                                 0x200000ec   Data           4  bsp_timer.o(.data)
    lcdinit                                  0x200000f0   Data           4  bsp_timer.o(.data)
    _7538init                                0x200000f4   Data           4  bsp_timer.o(.data)
    timerout_resetLCD                        0x200000f8   Data           4  bsp_timer.o(.data)
    adc_cnt                                  0x200000fc   Data           4  bsp_timer.o(.data)
    cmd_back                                 0x20000100   Data           4  bsp_timer.o(.data)
    BP_timeout                               0x20000104   Data           4  bsp_timer.o(.data)
    ds18b20init                              0x20000108   Data           4  bsp_timer.o(.data)
    lcd_flag                                 0x2000010c   Data           1  bsp_timer.o(.data)
    _7538_flag                               0x2000010d   Data           1  bsp_timer.o(.data)
    i                                        0x20000110   Data           1  bsp_adc.o(.data)
    j                                        0x20000111   Data           1  bsp_adc.o(.data)
    m                                        0x20000112   Data           1  bsp_adc.o(.data)
    adc_num1                                 0x20000114   Data           2  bsp_adc.o(.data)
    adc_num2                                 0x20000116   Data           2  bsp_adc.o(.data)
    adc_num3                                 0x20000118   Data           2  bsp_adc.o(.data)
    t                                        0x2000011c   Data           4  bsp_adc.o(.data)
    sum1                                     0x20000120   Data           4  bsp_adc.o(.data)
    sum2                                     0x20000124   Data           4  bsp_adc.o(.data)
    sum3                                     0x20000128   Data           4  bsp_adc.o(.data)
    ctrl_current                             0x2000012c   Data           2  bsp_adc.o(.data)
    Motor_Current                            0x2000012e   Data           2  bsp_adc.o(.data)
    motor_voltage                            0x20000130   Data           2  bsp_adc.o(.data)
    Motor_Voltage                            0x20000132   Data           2  bsp_adc.o(.data)
    adc_initv                                0x20000134   Data           4  bsp_adc.o(.data)
    send_flag                                0x20000138   Data           1  bsp_adc.o(.data)
    __stdout                                 0x20000144   Data           4  stdout.o(.data)
    Torque_buf                               0x2000014c   Data          15  ersc_ht_250ms.o(.bss)
    H_buf                                    0x2000015b   Data          15  ersc_ht_250ms.o(.bss)
    L_buf                                    0x2000016a   Data          15  ersc_ht_250ms.o(.bss)
    Downdata_buf                             0x20000179   Data          50  ersc_ht_datastorage.o(.bss)
    BP_RequstBuf                             0x200001ab   Data          35  ersc_ht_datastorage.o(.bss)
    send_data                                0x200001ce   Data          89  eth_datastorage.o(.bss)
    ETHdata_buf                              0x20000227   Data         100  eth_datastorage.o(.bss)
    sendtoLCD                                0x2000028b   Data          90  eth_datastorage.o(.bss)
    u_data_report                            0x200002e6   Data          38  bp_datasotrage.o(.bss)
    BP_databuf                               0x2000030c   Data         100  bp_datasotrage.o(.bss)
    BP_send_buf                              0x20000370   Data         100  bp_datasotrage.o(.bss)
    g_RxBuf1                                 0x200007fc   Data        1024  bsp_uart_fifo.o(.bss)
    s_tBtn                                   0x200024a4   Data          96  bsp_key.o(.bss)
    s_tKey                                   0x20002504   Data          23  bsp_key.o(.bss)
    ADC_ConvertedValue                       0x2000251c   Data          10  bsp_adc.o(.bss)
    adc_buf                                  0x2000253c   Data        2560  bsp_adc.o(.bss)
    __initial_sp                             0x20006f40   Data           0  startup_stm32f10x_hd.o(STACK)



==============================================================================

Memory Map of the image

  Image Entry point : 0x08000131

  Load Region LR_IROM1 (Base: 0x08000000, Size: 0x00006944, Max: 0x00080000, ABSOLUTE, COMPRESSED[0x00006814])

    Execution Region ER_IROM1 (Exec base: 0x08000000, Load base: 0x08000000, Size: 0x000067f8, Max: 0x00080000, ABSOLUTE)

    Exec Addr    Load Addr    Size         Type   Attr      Idx    E Section Name        Object

    0x08000000   0x08000000   0x00000130   Data   RO            3    RESET               startup_stm32f10x_hd.o
    0x08000130   0x08000130   0x00000000   Code   RO         3937  * .ARM.Collect$$$$00000000  mc_w.l(entry.o)
    0x08000130   0x08000130   0x00000004   Code   RO         4260    .ARM.Collect$$$$00000001  mc_w.l(entry2.o)
    0x08000134   0x08000134   0x00000004   Code   RO         4263    .ARM.Collect$$$$00000004  mc_w.l(entry5.o)
    0x08000138   0x08000138   0x00000000   Code   RO         4265    .ARM.Collect$$$$00000008  mc_w.l(entry7b.o)
    0x08000138   0x08000138   0x00000000   Code   RO         4267    .ARM.Collect$$$$0000000A  mc_w.l(entry8b.o)
    0x08000138   0x08000138   0x00000008   Code   RO         4268    .ARM.Collect$$$$0000000B  mc_w.l(entry9a.o)
    0x08000140   0x08000140   0x00000000   Code   RO         4270    .ARM.Collect$$$$0000000D  mc_w.l(entry10a.o)
    0x08000140   0x08000140   0x00000000   Code   RO         4272    .ARM.Collect$$$$0000000F  mc_w.l(entry11a.o)
    0x08000140   0x08000140   0x00000004   Code   RO         4261    .ARM.Collect$$$$00002712  mc_w.l(entry2.o)
    0x08000144   0x08000144   0x00000024   Code   RO            4    .text               startup_stm32f10x_hd.o
    0x08000168   0x08000168   0x0000000e   Code   RO         3942    .text               mc_w.l(strlen.o)
    0x08000176   0x08000176   0x000000b0   Code   RO         4209    .text               mf_w.l(fadd.o)
    0x08000226   0x08000226   0x00000064   Code   RO         4211    .text               mf_w.l(fmul.o)
    0x0800028a   0x0800028a   0x0000007c   Code   RO         4213    .text               mf_w.l(fdiv.o)
    0x08000306   0x08000306   0x0000014e   Code   RO         4215    .text               mf_w.l(dadd.o)
    0x08000454   0x08000454   0x000000e4   Code   RO         4217    .text               mf_w.l(dmul.o)
    0x08000538   0x08000538   0x000000de   Code   RO         4219    .text               mf_w.l(ddiv.o)
    0x08000616   0x08000616   0x0000000a   Code   RO         4221    .text               mf_w.l(ffltui.o)
    0x08000620   0x08000620   0x00000022   Code   RO         4223    .text               mf_w.l(dflti.o)
    0x08000642   0x08000642   0x0000001a   Code   RO         4225    .text               mf_w.l(dfltui.o)
    0x0800065c   0x0800065c   0x00000032   Code   RO         4227    .text               mf_w.l(ffixi.o)
    0x0800068e   0x0800068e   0x00000028   Code   RO         4229    .text               mf_w.l(ffixui.o)
    0x080006b6   0x080006b6   0x0000003e   Code   RO         4231    .text               mf_w.l(dfixi.o)
    0x080006f4   0x080006f4   0x00000032   Code   RO         4233    .text               mf_w.l(dfixui.o)
    0x08000726   0x08000726   0x00000026   Code   RO         4235    .text               mf_w.l(f2d.o)
    0x0800074c   0x0800074c   0x00000038   Code   RO         4237    .text               mf_w.l(d2f.o)
    0x08000784   0x08000784   0x00000014   Code   RO         4239    .text               mf_w.l(cfrcmple.o)
    0x08000798   0x08000798   0x0000001e   Code   RO         4279    .text               mc_w.l(llshl.o)
    0x080007b6   0x080007b6   0x00000020   Code   RO         4281    .text               mc_w.l(llushr.o)
    0x080007d6   0x080007d6   0x00000024   Code   RO         4283    .text               mc_w.l(llsshr.o)
    0x080007fa   0x080007fa   0x00000000   Code   RO         4292    .text               mc_w.l(iusefp.o)
    0x080007fa   0x080007fa   0x0000006e   Code   RO         4293    .text               mf_w.l(fepilogue.o)
    0x08000868   0x08000868   0x000000ba   Code   RO         4295    .text               mf_w.l(depilogue.o)
    0x08000922   0x08000922   0x0000002e   Code   RO         4297    .text               mf_w.l(dscalb.o)
    0x08000950   0x08000950   0x000000a2   Code   RO         4299    .text               mf_w.l(dsqrt.o)
    0x080009f2   0x080009f2   0x00000002   PAD
    0x080009f4   0x080009f4   0x00000030   Code   RO         4305    .text               mf_w.l(cdrcmple.o)
    0x08000a24   0x08000a24   0x00000024   Code   RO         4307    .text               mc_w.l(init.o)
    0x08000a48   0x08000a48   0x00000056   Code   RO         4317    .text               mc_w.l(__dczerorl2.o)
    0x08000a9e   0x08000a9e   0x00000016   Code   RO         2069    i.ADC_Cmd           stm32f10x_adc.o
    0x08000ab4   0x08000ab4   0x000000f8   Code   RO         3421    i.ADC_Ctrl_Current_acqdata  bsp_adc.o
    0x08000bac   0x08000bac   0x00000016   Code   RO         2070    i.ADC_DMACmd        stm32f10x_adc.o
    0x08000bc2   0x08000bc2   0x00000014   Code   RO         2077    i.ADC_GetCalibrationStatus  stm32f10x_adc.o
    0x08000bd6   0x08000bd6   0x00000014   Code   RO         2083    i.ADC_GetResetCalibrationStatus  stm32f10x_adc.o
    0x08000bea   0x08000bea   0x00000002   PAD
    0x08000bec   0x08000bec   0x00000050   Code   RO         2087    i.ADC_Init          stm32f10x_adc.o
    0x08000c3c   0x08000c3c   0x00000208   Code   RO         3422    i.ADC_Motor_Current_acqdata  bsp_adc.o
    0x08000e44   0x08000e44   0x000000b8   Code   RO         2091    i.ADC_RegularChannelConfig  stm32f10x_adc.o
    0x08000efc   0x08000efc   0x0000000a   Code   RO         2092    i.ADC_ResetCalibration  stm32f10x_adc.o
    0x08000f06   0x08000f06   0x00000016   Code   RO         2094    i.ADC_SoftwareStartConvCmd  stm32f10x_adc.o
    0x08000f1c   0x08000f1c   0x0000000a   Code   RO         2096    i.ADC_StartCalibration  stm32f10x_adc.o
    0x08000f26   0x08000f26   0x00000002   PAD
    0x08000f28   0x08000f28   0x0000004c   Code   RO         3423    i.ADCx_GPIO_Config  bsp_adc.o
    0x08000f74   0x08000f74   0x0000000c   Code   RO         3424    i.ADCx_Init         bsp_adc.o
    0x08000f80   0x08000f80   0x00000128   Code   RO         3425    i.ADCx_Mode_Config  bsp_adc.o
    0x080010a8   0x080010a8   0x00000178   Code   RO         2664    i.BP_data_storage   bp_datasotrage.o
    0x08001220   0x08001220   0x00000004   Code   RO         2832    i.BusFault_Handler  stm32f10x_it.o
    0x08001224   0x08001224   0x000000d4   Code   RO         2713    i.ButtonClear       vgus_lcd.o
    0x080012f8   0x080012f8   0x000000e4   Code   RO         2714    i.ButtonDeepGreen   vgus_lcd.o
    0x080013dc   0x080013dc   0x000000e4   Code   RO         2715    i.ButtonRed         vgus_lcd.o
    0x080014c0   0x080014c0   0x00000038   Code   RO         2665    i.CRC16             bp_datasotrage.o
    0x080014f8   0x080014f8   0x0000001c   Code   RO         2576    i.CheckSum          ersc_ht_datastorage.o
    0x08001514   0x08001514   0x00000040   Code   RO         2610    i.CmdSendToUnderGround  eth_datastorage.o
    0x08001554   0x08001554   0x0000003c   Code   RO         2951    i.ComToUart         bsp_uart_fifo.o
    0x08001590   0x08001590   0x0000007c   Code   RO         2952    i.ConfigUartNVIC    bsp_uart_fifo.o
    0x0800160c   0x0800160c   0x00000018   Code   RO         1449    i.DMA_Cmd           stm32f10x_dma.o
    0x08001624   0x08001624   0x0000014c   Code   RO         1450    i.DMA_DeInit        stm32f10x_dma.o
    0x08001770   0x08001770   0x0000003c   Code   RO         1455    i.DMA_Init          stm32f10x_dma.o
    0x080017ac   0x080017ac   0x0000008c   Code   RO         2666    i.Data_request      bp_datasotrage.o
    0x08001838   0x08001838   0x00000002   Code   RO         2833    i.DebugMon_Handler  stm32f10x_it.o
    0x0800183a   0x0800183a   0x00000002   PAD
    0x0800183c   0x0800183c   0x00000444   Code   RO         2577    i.Downdata_storage  ersc_ht_datastorage.o
    0x08001c80   0x08001c80   0x00000210   Code   RO         2502    i.ETH_DistStatusUpdata  ersc_ht_250ms.o
    0x08001e90   0x08001e90   0x00000120   Code   RO         2503    i.ETH_StatusResponse  ersc_ht_250ms.o
    0x08001fb0   0x08001fb0   0x00000130   Code   RO         2611    i.ETH_data_storage  eth_datastorage.o
    0x080020e0   0x080020e0   0x00000124   Code   RO         3506    i.Fpga_Read         bsp_fpga.o
    0x08002204   0x08002204   0x00000260   Code   RO         3507    i.Fpga_Write        bsp_fpga.o
    0x08002464   0x08002464   0x00000100   Code   RO         3508    i.GPIO_FPGA_Configuration  bsp_fpga.o
    0x08002564   0x08002564   0x00000116   Code   RO          197    i.GPIO_Init         stm32f10x_gpio.o
    0x0800267a   0x0800267a   0x00000002   PAD
    0x0800267c   0x0800267c   0x00000090   Code   RO          199    i.GPIO_PinRemapConfig  stm32f10x_gpio.o
    0x0800270c   0x0800270c   0x00000012   Code   RO          201    i.GPIO_ReadInputDataBit  stm32f10x_gpio.o
    0x0800271e   0x0800271e   0x00000004   Code   RO          204    i.GPIO_ResetBits    stm32f10x_gpio.o
    0x08002722   0x08002722   0x00000004   Code   RO          205    i.GPIO_SetBits      stm32f10x_gpio.o
    0x08002726   0x08002726   0x00000002   PAD
    0x08002728   0x08002728   0x00000034   Code   RO         2504    i.HT_250ms_Timerout  ersc_ht_250ms.o
    0x0800275c   0x0800275c   0x00000058   Code   RO         2834    i.HardFault_Handler  stm32f10x_it.o
    0x080027b4   0x080027b4   0x00000240   Code   RO         2953    i.InitHardUart      bsp_uart_fifo.o
    0x080029f4   0x080029f4   0x000000d0   Code   RO         3426    i.Initialvoltagevalue  bsp_adc.o
    0x08002ac4   0x08002ac4   0x00000018   Code   RO         3305    i.IsKeyDownK1       bsp_key.o
    0x08002adc   0x08002adc   0x00000018   Code   RO         3306    i.IsKeyDownK2       bsp_key.o
    0x08002af4   0x08002af4   0x00000018   Code   RO         3307    i.IsKeyDownK3       bsp_key.o
    0x08002b0c   0x08002b0c   0x00000018   Code   RO         3308    i.IsKeyDownK4       bsp_key.o
    0x08002b24   0x08002b24   0x00000018   Code   RO         3309    i.IsKeyDownK5       bsp_key.o
    0x08002b3c   0x08002b3c   0x00000018   Code   RO         3310    i.IsKeyDownK6       bsp_key.o
    0x08002b54   0x08002b54   0x0000030c   Code   RO         2505    i.KeyDistStatusUpdata  ersc_ht_250ms.o
    0x08002e60   0x08002e60   0x0000022c   Code   RO         2506    i.KeyStatusResponse  ersc_ht_250ms.o
    0x0800308c   0x0800308c   0x00000108   Code   RO         2507    i.Key_NoresponseRefresh_Colorblock  ersc_ht_250ms.o
    0x08003194   0x08003194   0x000001a4   Code   RO         2716    i.LCD_Updata        vgus_lcd.o
    0x08003338   0x08003338   0x00000004   Code   RO         2835    i.MemManage_Handler  stm32f10x_it.o
    0x0800333c   0x0800333c   0x00000002   Code   RO         2836    i.NMI_Handler       stm32f10x_it.o
    0x0800333e   0x0800333e   0x00000002   PAD
    0x08003340   0x08003340   0x00000070   Code   RO          143    i.NVIC_Init         misc.o
    0x080033b0   0x080033b0   0x00000014   Code   RO          144    i.NVIC_PriorityGroupConfig  misc.o
    0x080033c4   0x080033c4   0x00000002   Code   RO         2837    i.PendSV_Handler    stm32f10x_it.o
    0x080033c6   0x080033c6   0x00000002   PAD
    0x080033c8   0x080033c8   0x00000060   Code   RO         2612    i.Pressurecalculation  eth_datastorage.o
    0x08003428   0x08003428   0x00000018   Code   RO          313    i.RCC_ADCCLKConfig  stm32f10x_rcc.o
    0x08003440   0x08003440   0x00000020   Code   RO          314    i.RCC_AHBPeriphClockCmd  stm32f10x_rcc.o
    0x08003460   0x08003460   0x00000020   Code   RO          315    i.RCC_APB1PeriphClockCmd  stm32f10x_rcc.o
    0x08003480   0x08003480   0x00000020   Code   RO          317    i.RCC_APB2PeriphClockCmd  stm32f10x_rcc.o
    0x080034a0   0x080034a0   0x000000d4   Code   RO          325    i.RCC_GetClocksFreq  stm32f10x_rcc.o
    0x08003574   0x08003574   0x0000002c   Code   RO         2954    i.RS485_InitTXE     bsp_uart_fifo.o
    0x080035a0   0x080035a0   0x00000002   Code   RO         2955    i.RS485_ReciveNew   bsp_uart_fifo.o
    0x080035a2   0x080035a2   0x00000002   PAD
    0x080035a4   0x080035a4   0x0000000c   Code   RO         2956    i.RS485_SendBefor   bsp_uart_fifo.o
    0x080035b0   0x080035b0   0x0000000c   Code   RO         2958    i.RS485_SendOver    bsp_uart_fifo.o
    0x080035bc   0x080035bc   0x000000ac   Code   RO         2717    i.RectangleFill     vgus_lcd.o
    0x08003668   0x08003668   0x0000008c   Code   RO         2718    i.RefreshNumber     vgus_lcd.o
    0x080036f4   0x080036f4   0x000000dc   Code   RO         2719    i.RefreshText       vgus_lcd.o
    0x080037d0   0x080037d0   0x00000150   Code   RO         2720    i.ResetLCD          vgus_lcd.o
    0x08003920   0x08003920   0x00000002   Code   RO         2838    i.SVC_Handler       stm32f10x_it.o
    0x08003922   0x08003922   0x00000002   PAD
    0x08003924   0x08003924   0x000001bc   Code   RO         2667    i.Send_datatoBP     bp_datasotrage.o
    0x08003ae0   0x08003ae0   0x00000078   Code   RO         2668    i.Sendkeycmd        bp_datasotrage.o
    0x08003b58   0x08003b58   0x00000008   Code   RO           12    i.SetSysClock       system_stm32f10x.o
    0x08003b60   0x08003b60   0x000000e0   Code   RO           13    i.SetSysClockTo72   system_stm32f10x.o
    0x08003c40   0x08003c40   0x000000ec   Code   RO         3126    i.SysTick_Handler   bsp_timer.o
    0x08003d2c   0x08003d2c   0x00000084   Code   RO         3127    i.SysTick_ISR       bsp_timer.o
    0x08003db0   0x08003db0   0x00000060   Code   RO           15    i.SystemInit        system_stm32f10x.o
    0x08003e10   0x08003e10   0x0000009c   Code   RO         3128    i.TIM2_IRQHandler   bsp_timer.o
    0x08003eac   0x08003eac   0x00000006   Code   RO          532    i.TIM_ClearITPendingBit  stm32f10x_tim.o
    0x08003eb2   0x08003eb2   0x00000018   Code   RO          537    i.TIM_Cmd           stm32f10x_tim.o
    0x08003eca   0x08003eca   0x00000022   Code   RO          558    i.TIM_GetITStatus   stm32f10x_tim.o
    0x08003eec   0x08003eec   0x00000012   Code   RO          562    i.TIM_ITConfig      stm32f10x_tim.o
    0x08003efe   0x08003efe   0x00000002   PAD
    0x08003f00   0x08003f00   0x000000a4   Code   RO          608    i.TIM_TimeBaseInit  stm32f10x_tim.o
    0x08003fa4   0x08003fa4   0x00000024   Code   RO         2721    i.Text_ResetLCD     vgus_lcd.o
    0x08003fc8   0x08003fc8   0x000002e4   Code   RO         2508    i.Torque_acq        ersc_ht_250ms.o
    0x080042ac   0x080042ac   0x0000000e   Code   RO         2613    i.TwoBytesReverse   eth_datastorage.o
    0x080042ba   0x080042ba   0x00000002   PAD
    0x080042bc   0x080042bc   0x00000010   Code   RO         2960    i.UART5_IRQHandler  bsp_uart_fifo.o
    0x080042cc   0x080042cc   0x00000010   Code   RO         2961    i.USART1_IRQHandler  bsp_uart_fifo.o
    0x080042dc   0x080042dc   0x00000010   Code   RO         2962    i.USART2_IRQHandler  bsp_uart_fifo.o
    0x080042ec   0x080042ec   0x00000010   Code   RO         2963    i.USART3_IRQHandler  bsp_uart_fifo.o
    0x080042fc   0x080042fc   0x00000012   Code   RO         1077    i.USART_ClearFlag   stm32f10x_usart.o
    0x0800430e   0x0800430e   0x00000018   Code   RO         1081    i.USART_Cmd         stm32f10x_usart.o
    0x08004326   0x08004326   0x00000054   Code   RO         1085    i.USART_GetITStatus  stm32f10x_usart.o
    0x0800437a   0x0800437a   0x0000004a   Code   RO         1087    i.USART_ITConfig    stm32f10x_usart.o
    0x080043c4   0x080043c4   0x000000d8   Code   RO         1088    i.USART_Init        stm32f10x_usart.o
    0x0800449c   0x0800449c   0x0000000a   Code   RO         1095    i.USART_ReceiveData  stm32f10x_usart.o
    0x080044a6   0x080044a6   0x00000008   Code   RO         1098    i.USART_SendData    stm32f10x_usart.o
    0x080044ae   0x080044ae   0x0000004a   Code   RO         2964    i.UartGetChar       bsp_uart_fifo.o
    0x080044f8   0x080044f8   0x000000e6   Code   RO         2965    i.UartIRQ           bsp_uart_fifo.o
    0x080045de   0x080045de   0x00000092   Code   RO         2966    i.UartSend          bsp_uart_fifo.o
    0x08004670   0x08004670   0x000000fc   Code   RO         2967    i.UartVarInit       bsp_uart_fifo.o
    0x0800476c   0x0800476c   0x00000004   Code   RO         2839    i.UsageFault_Handler  stm32f10x_it.o
    0x08004770   0x08004770   0x00000008   Code   RO         2723    i.VGUS_Init         vgus_lcd.o
    0x08004778   0x08004778   0x00000054   Code   RO         3509    i.WriteGmmaCntToFpga  bsp_fpga.o
    0x080047cc   0x080047cc   0x00000020   Code   RO         4015    i.__0printf$2       mc_w.l(printf2.o)
    0x080047ec   0x080047ec   0x00000028   Code   RO         4255    i.__ARM_fpclassify  m_ws.l(fpclassify.o)
    0x08004814   0x08004814   0x000000aa   Code   RO         4257    i.__kernel_poly     m_ws.l(poly.o)
    0x080048be   0x080048be   0x00000002   PAD
    0x080048c0   0x080048c0   0x00000010   Code   RO         4241    i.__mathlib_dbl_divzero  m_ws.l(dunder.o)
    0x080048d0   0x080048d0   0x00000004   Code   RO         4243    i.__mathlib_dbl_infnan2  m_ws.l(dunder.o)
    0x080048d4   0x080048d4   0x0000000c   Code   RO         4244    i.__mathlib_dbl_invalid  m_ws.l(dunder.o)
    0x080048e0   0x080048e0   0x0000000e   Code   RO         4245    i.__mathlib_dbl_overflow  m_ws.l(dunder.o)
    0x080048ee   0x080048ee   0x00000002   PAD
    0x080048f0   0x080048f0   0x00000010   Code   RO         4247    i.__mathlib_dbl_underflow  m_ws.l(dunder.o)
    0x08004900   0x08004900   0x0000000e   Code   RO         4311    i.__scatterload_copy  mc_w.l(handlers.o)
    0x0800490e   0x0800490e   0x00000002   Code   RO         4312    i.__scatterload_null  mc_w.l(handlers.o)
    0x08004910   0x08004910   0x0000000e   Code   RO         4313    i.__scatterload_zeroinit  mc_w.l(handlers.o)
    0x0800491e   0x0800491e   0x00000006   Code   RO         2968    i.__set_PRIMASK     bsp_uart_fifo.o
    0x08004924   0x08004924   0x00000006   Code   RO         3129    i.__set_PRIMASK     bsp_timer.o
    0x0800492a   0x0800492a   0x00000002   PAD
    0x0800492c   0x0800492c   0x0000000c   Code   RO         4287    i.__set_errno       mc_w.l(errno.o)
    0x08004938   0x08004938   0x000000d6   Code   RO         4022    i._printf_core      mc_w.l(printf2.o)
    0x08004a0e   0x08004a0e   0x00000038   Code   RO         2724    i.bit_processHandle  vgus_lcd.o
    0x08004a46   0x08004a46   0x00000002   PAD
    0x08004a48   0x08004a48   0x00000034   Code   RO         3131    i.bsp_CheckTimer    bsp_timer.o
    0x08004a7c   0x08004a7c   0x00000044   Code   RO         3132    i.bsp_DelayMS       bsp_timer.o
    0x08004ac0   0x08004ac0   0x00000054   Code   RO         3133    i.bsp_DelayUS       bsp_timer.o
    0x08004b14   0x08004b14   0x000000cc   Code   RO         3312    i.bsp_DetectKey     bsp_key.o
    0x08004be0   0x08004be0   0x00000034   Code   RO         3313    i.bsp_GetKey        bsp_key.o
    0x08004c14   0x08004c14   0x00000002   Code   RO         2908    i.bsp_Idle          bsp.o
    0x08004c16   0x08004c16   0x00000028   Code   RO         2909    i.bsp_Init          bsp.o
    0x08004c3e   0x08004c3e   0x00000002   PAD
    0x08004c40   0x08004c40   0x00000068   Code   RO         3137    i.bsp_InitHardTimer  bsp_timer.o
    0x08004ca8   0x08004ca8   0x0000000c   Code   RO         3316    i.bsp_InitKey       bsp_key.o
    0x08004cb4   0x08004cb4   0x0000007c   Code   RO         3317    i.bsp_InitKeyHard   bsp_key.o
    0x08004d30   0x08004d30   0x0000008c   Code   RO         3318    i.bsp_InitKeyVar    bsp_key.o
    0x08004dbc   0x08004dbc   0x00000048   Code   RO         3256    i.bsp_InitLed       bsp_led.o
    0x08004e04   0x08004e04   0x000000a0   Code   RO         3138    i.bsp_InitTimer     bsp_timer.o
    0x08004ea4   0x08004ea4   0x00000014   Code   RO         2969    i.bsp_InitUart      bsp_uart_fifo.o
    0x08004eb8   0x08004eb8   0x00000016   Code   RO         3319    i.bsp_KeyScan       bsp_key.o
    0x08004ece   0x08004ece   0x00000002   PAD
    0x08004ed0   0x08004ed0   0x00000020   Code   RO         3258    i.bsp_LedOff        bsp_led.o
    0x08004ef0   0x08004ef0   0x00000020   Code   RO         3259    i.bsp_LedOn         bsp_led.o
    0x08004f10   0x08004f10   0x00000020   Code   RO         3320    i.bsp_PutKey        bsp_key.o
    0x08004f30   0x08004f30   0x00000008   Code   RO         2910    i.bsp_RunPer10ms    bsp.o
    0x08004f38   0x08004f38   0x00000002   Code   RO         2911    i.bsp_RunPer1ms     bsp.o
    0x08004f3a   0x08004f3a   0x0000001c   Code   RO         3139    i.bsp_SoftTimerDec  bsp_timer.o
    0x08004f56   0x08004f56   0x00000002   PAD
    0x08004f58   0x08004f58   0x0000009c   Code   RO         3140    i.bsp_StartAutoTimer  bsp_timer.o
    0x08004ff4   0x08004ff4   0x00000020   Code   RO         2614    i.byteBufInit       eth_datastorage.o
    0x08005014   0x08005014   0x0000001e   Code   RO         2973    i.comGetChar        bsp_uart_fifo.o
    0x08005032   0x08005032   0x0000002e   Code   RO         2974    i.comSendBuf        bsp_uart_fifo.o
    0x08005060   0x08005060   0x00000010   Code   RO         2975    i.comSendChar       bsp_uart_fifo.o
    0x08005070   0x08005070   0x0000003a   Code   RO         2725    i.core_lengthHandle  vgus_lcd.o
    0x080050aa   0x080050aa   0x00000012   Code   RO         2977    i.fputc             bsp_uart_fifo.o
    0x080050bc   0x080050bc   0x000000d0   Code   RO         3322    i.init_key          bsp_key.o
    0x0800518c   0x0800518c   0x000000ec   Code   RO         2343    i.main              main.o
    0x08005278   0x08005278   0x000001e4   Code   RO         2726    i.onButtonUpdata_Rect  vgus_lcd.o
    0x0800545c   0x0800545c   0x0000001c   Code   RO         2727    i.onDisplacementUpdata_Rect  vgus_lcd.o
    0x08005478   0x08005478   0x000000a4   Code   RO         2728    i.onDisplacementUpdata_Text  vgus_lcd.o
    0x0800551c   0x0800551c   0x00000050   Code   RO         2729    i.onTimeUpdata      vgus_lcd.o
    0x0800556c   0x0800556c   0x000009d8   Code   RO         3920    i.pow               m_ws.l(pow.o)
    0x08005f44   0x08005f44   0x000001a8   Code   RO         2509    i.send_key_cmd      ersc_ht_250ms.o
    0x080060ec   0x080060ec   0x00000354   Code   RO         2615    i.senddatatoETH     eth_datastorage.o
    0x08006440   0x08006440   0x0000004c   Code   RO         3930    i.sqrt              m_ws.l(sqrt.o)
    0x0800648c   0x0800648c   0x00000200   Data   RO         2670    .constdata          bp_datasotrage.o
    0x0800668c   0x0800668c   0x0000007a   Data   RO         2730    .constdata          vgus_lcd.o
    0x08006706   0x08006706   0x00000042   Data   RO         3145    .constdata          bsp_timer.o
    0x08006748   0x08006748   0x00000088   Data   RO         3921    .constdata          m_ws.l(pow.o)
    0x080067d0   0x080067d0   0x00000008   Data   RO         4259    .constdata          m_ws.l(qnan.o)
    0x080067d8   0x080067d8   0x00000020   Data   RO         4309    Region$$Table       anon$$obj.o


    Execution Region RW_IRAM1 (Exec base: 0x20000000, Load base: 0x080067f8, Size: 0x00006f40, Max: 0x00010000, ABSOLUTE, COMPRESSED[0x0000001c])

    Exec Addr    Load Addr    Size         Type   Attr      Idx    E Section Name        Object

    0x20000000   COMPRESSED   0x00000014   Data   RW           16    .data               system_stm32f10x.o
    0x20000014   COMPRESSED   0x00000014   Data   RW          345    .data               stm32f10x_rcc.o
    0x20000028   COMPRESSED   0x00000003   Data   RW         2344    .data               main.o
    0x2000002b   COMPRESSED   0x00000001   PAD
    0x2000002c   COMPRESSED   0x00000051   Data   RW         2511    .data               ersc_ht_250ms.o
    0x2000007d   COMPRESSED   0x00000001   PAD
    0x2000007e   COMPRESSED   0x00000018   Data   RW         2579    .data               ersc_ht_datastorage.o
    0x20000096   COMPRESSED   0x00000014   Data   RW         2617    .data               eth_datastorage.o
    0x200000aa   COMPRESSED   0x00000010   Data   RW         2671    .data               bp_datasotrage.o
    0x200000ba   COMPRESSED   0x00000002   PAD
    0x200000bc   COMPRESSED   0x00000053   Data   RW         3146    .data               bsp_timer.o
    0x2000010f   COMPRESSED   0x00000001   PAD
    0x20000110   COMPRESSED   0x00000029   Data   RW         3428    .data               bsp_adc.o
    0x20000139   COMPRESSED   0x00000001   PAD
    0x2000013a   COMPRESSED   0x0000000a   Data   RW         3510    .data               bsp_fpga.o
    0x20000144   COMPRESSED   0x00000004   Data   RW         4274    .data               mc_w.l(stdout.o)
    0x20000148   COMPRESSED   0x00000004   Data   RW         4288    .data               mc_w.l(errno.o)
    0x2000014c        -       0x0000002d   Zero   RW         2510    .bss                ersc_ht_250ms.o
    0x20000179        -       0x00000055   Zero   RW         2578    .bss                ersc_ht_datastorage.o
    0x200001ce        -       0x00000117   Zero   RW         2616    .bss                eth_datastorage.o
    0x200002e5   COMPRESSED   0x00000001   PAD
    0x200002e6        -       0x000000ee   Zero   RW         2669    .bss                bp_datasotrage.o
    0x200003d4        -       0x000020a0   Zero   RW         2978    .bss                bsp_uart_fifo.o
    0x20002474        -       0x00000030   Zero   RW         3144    .bss                bsp_timer.o
    0x200024a4        -       0x00000077   Zero   RW         3323    .bss                bsp_key.o
    0x2000251b   COMPRESSED   0x00000001   PAD
    0x2000251c        -       0x00000a20   Zero   RW         3427    .bss                bsp_adc.o
    0x20002f3c   COMPRESSED   0x00000004   PAD
    0x20002f40        -       0x00004000   Zero   RW            1    STACK               startup_stm32f10x_hd.o


==============================================================================

Image component sizes


      Code (inc. data)   RO Data    RW Data    ZI Data      Debug   Object Name

      1136         72        512         16        238       5463   bp_datasotrage.o
        52          0          0          0          0       1827   bsp.o
      1360        152          0         41       2592       5347   bsp_adc.o
      1240         70          0         10          0       3688   bsp_fpga.o
       938         94          0          0        119       8201   bsp_key.o
       136         14          0          0          0       1559   bsp_led.o
      1182        220         66         83         48      31930   bsp_timer.o
      1732        162          0          0       8352      14618   bsp_uart_fifo.o
      3632        418          0         81         45       9304   ersc_ht_250ms.o
      1120        140          0         24         85       4706   ersc_ht_datastorage.o
      1362        122          0         20        279       5894   eth_datastorage.o
       236         34          0          3          0       8013   main.o
       132         22          0          0          0       1755   misc.o
        36          8        304          0      16384        960   startup_stm32f10x_hd.o
       390         10          0          0          0       8089   stm32f10x_adc.o
       416          8          0          0          0       3710   stm32f10x_dma.o
       448          6          0          0          0       4914   stm32f10x_gpio.o
       108         48          0          0          0       3828   stm32f10x_it.o
       332         44          0         20          0       6017   stm32f10x_rcc.o
       246         42          0          0          0       3970   stm32f10x_tim.o
       434          6          0          0          0       6641   stm32f10x_usart.o
       328         28          0         20          0     276521   system_stm32f10x.o
      2870        108        122          0          0      14213   vgus_lcd.o

    ----------------------------------------------------------------------
     19898       1828       1036        324      28148     431168   Object Totals
         0          0         32          0          0          0   (incl. Generated)
        32          0          0          6          6          0   (incl. Padding)

    ----------------------------------------------------------------------

      Code (inc. data)   RO Data    RW Data    ZI Data      Debug   Library Member Name

        62         10          0          0          0        340   dunder.o
        40          0          0          0          0         68   fpclassify.o
       170          0          0          0          0         96   poly.o
      2520        190        136          0          0        324   pow.o
         0          0          8          0          0          0   qnan.o
        76          0          0          0          0         84   sqrt.o
        86          0          0          0          0          0   __dczerorl2.o
         0          0          0          0          0          0   entry.o
         0          0          0          0          0          0   entry10a.o
         0          0          0          0          0          0   entry11a.o
         8          4          0          0          0          0   entry2.o
         4          0          0          0          0          0   entry5.o
         0          0          0          0          0          0   entry7b.o
         0          0          0          0          0          0   entry8b.o
         8          4          0          0          0          0   entry9a.o
        12          6          0          4          0         68   errno.o
        30          0          0          0          0          0   handlers.o
        36          8          0          0          0         68   init.o
         0          0          0          0          0          0   iusefp.o
        30          0          0          0          0         68   llshl.o
        36          0          0          0          0         68   llsshr.o
        32          0          0          0          0         68   llushr.o
       246         10          0          0          0        176   printf2.o
         0          0          0          4          0          0   stdout.o
        14          0          0          0          0         68   strlen.o
        48          0          0          0          0         68   cdrcmple.o
        20          0          0          0          0         68   cfrcmple.o
        56          0          0          0          0         88   d2f.o
       334          0          0          0          0        148   dadd.o
       222          0          0          0          0        100   ddiv.o
       186          0          0          0          0        176   depilogue.o
        62          0          0          0          0         80   dfixi.o
        50          0          0          0          0         76   dfixui.o
        34          0          0          0          0         76   dflti.o
        26          0          0          0          0         76   dfltui.o
       228          0          0          0          0         96   dmul.o
        46          0          0          0          0         80   dscalb.o
       162          0          0          0          0        100   dsqrt.o
        38          0          0          0          0         68   f2d.o
       176          0          0          0          0        140   fadd.o
       124          0          0          0          0         88   fdiv.o
       110          0          0          0          0        168   fepilogue.o
        50          0          0          0          0         68   ffixi.o
        40          0          0          0          0         68   ffixui.o
        10          0          0          0          0         68   ffltui.o
       100          0          0          0          0         76   fmul.o

    ----------------------------------------------------------------------
      5538        232        144          8          0       3472   Library Totals
         6          0          0          0          0          0   (incl. Padding)

    ----------------------------------------------------------------------

      Code (inc. data)   RO Data    RW Data    ZI Data      Debug   Library Name

      2868        200        144          0          0        912   m_ws.l
       542         32          0          8          0        584   mc_w.l
      2122          0          0          0          0       1976   mf_w.l

    ----------------------------------------------------------------------
      5538        232        144          8          0       3472   Library Totals

    ----------------------------------------------------------------------

==============================================================================


      Code (inc. data)   RO Data    RW Data    ZI Data      Debug   

     25436       2060       1180        332      28148     425564   Grand Totals
     25436       2060       1180         28      28148     425564   ELF Image Totals (compressed)
     25436       2060       1180         28          0          0   ROM Totals

==============================================================================

    Total RO  Size (Code + RO Data)                26616 (  25.99kB)
    Total RW  Size (RW Data + ZI Data)             28480 (  27.81kB)
    Total ROM Size (Code + RO Data + RW Data)      26644 (  26.02kB)

==============================================================================

