../Core/Src/User/Usart.c:34:6:usart_init	8	static
../Core/Src/User/Usart.c:41:6:MX_UART4_Init	8	static
../Core/Src/User/Usart.c:56:6:MX_UART5_Init	8	static
../Core/Src/User/Usart.c:73:6:MX_USART1_UART_Init	8	static
../Core/Src/User/Usart.c:91:6:HAL_UART_MspInit	64	static
../Core/Src/User/Usart.c:177:6:HAL_UART_MspDeInit	16	static
../Core/Src/User/Usart.c:242:6:ComSendBuf	16	static
../Core/Src/User/Usart.c:258:6:ComSendChar	24	static
../Core/Src/User/Usart.c:306:6:HAL_UART_RxCpltCallback	16	static
../Core/Src/User/Usart.c:571:6:Downcmdsend	24	static
../Core/Src/User/Usart.c:638:6:Downdatasend	24	static
../Core/Src/User/Usart.c:664:6:Resetstate	16	static
