../Core/Src/User/Usart.c:39:6:usart_init	8	static
../Core/Src/User/Usart.c:47:6:MX_UART4_Init	8	static
../Core/Src/User/Usart.c:63:6:MX_UART5_Init	8	static
../Core/Src/User/Usart.c:80:6:MX_USART1_UART_Init	8	static
../Core/Src/User/Usart.c:100:6:HAL_UART_MspInit	64	static
../Core/Src/User/Usart.c:225:6:HAL_UART_MspDeInit	16	static
../Core/Src/User/Usart.c:294:6:ComSendBuf	16	static
../Core/Src/User/Usart.c:310:6:ComSendChar	24	static
../Core/Src/User/Usart.c:334:6:HAL_UART_RxCpltCallback	24	static
../Core/Src/User/Usart.c:604:6:DMA1_Channel4_IRQHandler	8	static
../Core/Src/User/Usart.c:623:6:Downcmdsend	24	static
../Core/Src/User/Usart.c:690:6:Downdatasend	24	static
../Core/Src/User/Usart.c:721:6:Resetstate	16	static
