Archive member included to satisfy reference by file (symbol)

D:/software/STM32CubeIDE_1.16.1/STM32CubeIDE/plugins/com.st.stm32cube.ide.mcu.externaltools.gnu-tools-for-stm32.12.3.rel1.win32_1.0.200.202406191623/tools/bin/../lib/gcc/arm-none-eabi/12.3.1/../../../../arm-none-eabi/lib/thumb/v7-m/nofp\libc_nano.a(libc_a-exit.o)
                              D:/software/STM32CubeIDE_1.16.1/STM32CubeIDE/plugins/com.st.stm32cube.ide.mcu.externaltools.gnu-tools-for-stm32.12.3.rel1.win32_1.0.200.202406191623/tools/bin/../lib/gcc/arm-none-eabi/12.3.1/../../../../arm-none-eabi/lib/thumb/v7-m/nofp/crt0.o (exit)
D:/software/STM32CubeIDE_1.16.1/STM32CubeIDE/plugins/com.st.stm32cube.ide.mcu.externaltools.gnu-tools-for-stm32.12.3.rel1.win32_1.0.200.202406191623/tools/bin/../lib/gcc/arm-none-eabi/12.3.1/../../../../arm-none-eabi/lib/thumb/v7-m/nofp\libc_nano.a(libc_a-findfp.o)
                              D:/software/STM32CubeIDE_1.16.1/STM32CubeIDE/plugins/com.st.stm32cube.ide.mcu.externaltools.gnu-tools-for-stm32.12.3.rel1.win32_1.0.200.202406191623/tools/bin/../lib/gcc/arm-none-eabi/12.3.1/../../../../arm-none-eabi/lib/thumb/v7-m/nofp\libc_nano.a(libc_a-exit.o) (__stdio_exit_handler)
D:/software/STM32CubeIDE_1.16.1/STM32CubeIDE/plugins/com.st.stm32cube.ide.mcu.externaltools.gnu-tools-for-stm32.12.3.rel1.win32_1.0.200.202406191623/tools/bin/../lib/gcc/arm-none-eabi/12.3.1/../../../../arm-none-eabi/lib/thumb/v7-m/nofp\libc_nano.a(libc_a-fwalk.o)
                              D:/software/STM32CubeIDE_1.16.1/STM32CubeIDE/plugins/com.st.stm32cube.ide.mcu.externaltools.gnu-tools-for-stm32.12.3.rel1.win32_1.0.200.202406191623/tools/bin/../lib/gcc/arm-none-eabi/12.3.1/../../../../arm-none-eabi/lib/thumb/v7-m/nofp\libc_nano.a(libc_a-findfp.o) (_fwalk_sglue)
D:/software/STM32CubeIDE_1.16.1/STM32CubeIDE/plugins/com.st.stm32cube.ide.mcu.externaltools.gnu-tools-for-stm32.12.3.rel1.win32_1.0.200.202406191623/tools/bin/../lib/gcc/arm-none-eabi/12.3.1/../../../../arm-none-eabi/lib/thumb/v7-m/nofp\libc_nano.a(libc_a-stdio.o)
                              D:/software/STM32CubeIDE_1.16.1/STM32CubeIDE/plugins/com.st.stm32cube.ide.mcu.externaltools.gnu-tools-for-stm32.12.3.rel1.win32_1.0.200.202406191623/tools/bin/../lib/gcc/arm-none-eabi/12.3.1/../../../../arm-none-eabi/lib/thumb/v7-m/nofp\libc_nano.a(libc_a-findfp.o) (__sread)
D:/software/STM32CubeIDE_1.16.1/STM32CubeIDE/plugins/com.st.stm32cube.ide.mcu.externaltools.gnu-tools-for-stm32.12.3.rel1.win32_1.0.200.202406191623/tools/bin/../lib/gcc/arm-none-eabi/12.3.1/../../../../arm-none-eabi/lib/thumb/v7-m/nofp\libc_nano.a(libc_a-memset.o)
                              D:/software/STM32CubeIDE_1.16.1/STM32CubeIDE/plugins/com.st.stm32cube.ide.mcu.externaltools.gnu-tools-for-stm32.12.3.rel1.win32_1.0.200.202406191623/tools/bin/../lib/gcc/arm-none-eabi/12.3.1/../../../../arm-none-eabi/lib/thumb/v7-m/nofp/crt0.o (memset)
D:/software/STM32CubeIDE_1.16.1/STM32CubeIDE/plugins/com.st.stm32cube.ide.mcu.externaltools.gnu-tools-for-stm32.12.3.rel1.win32_1.0.200.202406191623/tools/bin/../lib/gcc/arm-none-eabi/12.3.1/../../../../arm-none-eabi/lib/thumb/v7-m/nofp\libc_nano.a(libc_a-closer.o)
                              D:/software/STM32CubeIDE_1.16.1/STM32CubeIDE/plugins/com.st.stm32cube.ide.mcu.externaltools.gnu-tools-for-stm32.12.3.rel1.win32_1.0.200.202406191623/tools/bin/../lib/gcc/arm-none-eabi/12.3.1/../../../../arm-none-eabi/lib/thumb/v7-m/nofp\libc_nano.a(libc_a-stdio.o) (_close_r)
D:/software/STM32CubeIDE_1.16.1/STM32CubeIDE/plugins/com.st.stm32cube.ide.mcu.externaltools.gnu-tools-for-stm32.12.3.rel1.win32_1.0.200.202406191623/tools/bin/../lib/gcc/arm-none-eabi/12.3.1/../../../../arm-none-eabi/lib/thumb/v7-m/nofp\libc_nano.a(libc_a-reent.o)
                              D:/software/STM32CubeIDE_1.16.1/STM32CubeIDE/plugins/com.st.stm32cube.ide.mcu.externaltools.gnu-tools-for-stm32.12.3.rel1.win32_1.0.200.202406191623/tools/bin/../lib/gcc/arm-none-eabi/12.3.1/../../../../arm-none-eabi/lib/thumb/v7-m/nofp\libc_nano.a(libc_a-closer.o) (errno)
D:/software/STM32CubeIDE_1.16.1/STM32CubeIDE/plugins/com.st.stm32cube.ide.mcu.externaltools.gnu-tools-for-stm32.12.3.rel1.win32_1.0.200.202406191623/tools/bin/../lib/gcc/arm-none-eabi/12.3.1/../../../../arm-none-eabi/lib/thumb/v7-m/nofp\libc_nano.a(libc_a-impure.o)
                              D:/software/STM32CubeIDE_1.16.1/STM32CubeIDE/plugins/com.st.stm32cube.ide.mcu.externaltools.gnu-tools-for-stm32.12.3.rel1.win32_1.0.200.202406191623/tools/bin/../lib/gcc/arm-none-eabi/12.3.1/../../../../arm-none-eabi/lib/thumb/v7-m/nofp\libc_nano.a(libc_a-reent.o) (_impure_ptr)
D:/software/STM32CubeIDE_1.16.1/STM32CubeIDE/plugins/com.st.stm32cube.ide.mcu.externaltools.gnu-tools-for-stm32.12.3.rel1.win32_1.0.200.202406191623/tools/bin/../lib/gcc/arm-none-eabi/12.3.1/../../../../arm-none-eabi/lib/thumb/v7-m/nofp\libc_nano.a(libc_a-lseekr.o)
[...]
Memory Configuration

Name             Origin             Length             Attributes
RAM              0x20000000         0x00010000         xrw
FLASH            0x08000000         0x00080000         xr
*default*        0x00000000         0xffffffff

Linker script and memory map

LOAD D:/software/STM32CubeIDE_1.16.1/STM32CubeIDE/plugins/com.st.stm32cube.ide.mcu.externaltools.gnu-tools-for-stm32.12.3.rel1.win32_1.0.200.202406191623/tools/bin/../lib/gcc/arm-none-eabi/12.3.1/thumb/v7-m/nofp/crti.o
LOAD D:/software/STM32CubeIDE_1.16.1/STM32CubeIDE/plugins/com.st.stm32cube.ide.mcu.externaltools.gnu-tools-for-stm32.12.3.rel1.win32_1.0.200.202406191623/tools/bin/../lib/gcc/arm-none-eabi/12.3.1/thumb/v7-m/nofp/crtbegin.o
LOAD D:/software/STM32CubeIDE_1.16.1/STM32CubeIDE/plugins/com.st.stm32cube.ide.mcu.externaltools.gnu-tools-for-stm32.12.3.rel1.win32_1.0.200.202406191623/tools/bin/../lib/gcc/arm-none-eabi/12.3.1/../../../../arm-none-eabi/lib/thumb/v7-m/nofp/crt0.o
LOAD ./Core/Src/System/stm32f1xx_hal_msp.o
LOAD ./Core/Src/System/stm32f1xx_it.o
LOAD ./Core/Src/System/syscalls.o
LOAD ./Core/Src/System/sysmem.o
LOAD ./Core/Src/System/system_stm32f1xx.o
LOAD ./Core/Src/User/Fpga.o
LOAD ./Core/Src/User/Gpio.o
LOAD ./Core/Src/User/Init.o
LOAD ./Core/Src/User/Passthrough.o
LOAD ./Core/Src/User/Tim.o
LOAD ./Core/Src/User/Usart.o
LOAD ./Core/Src/User/main.o
LOAD ./Core/Startup/startup_stm32f103vetx.o
LOAD ./Drivers/STM32F1xx_HAL_Driver/Src/stm32f1xx_hal.o
LOAD ./Drivers/STM32F1xx_HAL_Driver/Src/stm32f1xx_hal_cortex.o
LOAD ./Drivers/STM32F1xx_HAL_Driver/Src/stm32f1xx_hal_dma.o
LOAD ./Drivers/STM32F1xx_HAL_Driver/Src/stm32f1xx_hal_exti.o
LOAD ./Drivers/STM32F1xx_HAL_Driver/Src/stm32f1xx_hal_flash.o
LOAD ./Drivers/STM32F1xx_HAL_Driver/Src/stm32f1xx_hal_flash_ex.o
LOAD ./Drivers/STM32F1xx_HAL_Driver/Src/stm32f1xx_hal_gpio.o
LOAD ./Drivers/STM32F1xx_HAL_Driver/Src/stm32f1xx_hal_gpio_ex.o
LOAD ./Drivers/STM32F1xx_HAL_Driver/Src/stm32f1xx_hal_iwdg.o
LOAD ./Drivers/STM32F1xx_HAL_Driver/Src/stm32f1xx_hal_pwr.o
LOAD ./Drivers/STM32F1xx_HAL_Driver/Src/stm32f1xx_hal_rcc.o
LOAD ./Drivers/STM32F1xx_HAL_Driver/Src/stm32f1xx_hal_rcc_ex.o
LOAD ./Drivers/STM32F1xx_HAL_Driver/Src/stm32f1xx_hal_tim.o
LOAD ./Drivers/STM32F1xx_HAL_Driver/Src/stm32f1xx_hal_tim_ex.o
LOAD ./Drivers/STM32F1xx_HAL_Driver/Src/stm32f1xx_hal_uart.o
LOAD ./Drivers/STM32F1xx_HAL_Driver/Src/stm32f1xx_hal_wwdg.o
START GROUP
LOAD D:/software/STM32CubeIDE_1.16.1/STM32CubeIDE/plugins/com.st.stm32cube.ide.mcu.externaltools.gnu-tools-for-stm32.12.3.rel1.win32_1.0.200.202406191623/tools/bin/../lib/gcc/arm-none-eabi/12.3.1/../../../../arm-none-eabi/lib/thumb/v7-m/nofp\libc_nano.a
LOAD D:/software/STM32CubeIDE_1.16.1/STM32CubeIDE/plugins/com.st.stm32cube.ide.mcu.externaltools.gnu-tools-for-stm32.12.3.rel1.win32_1.0.200.202406191623/tools/bin/../lib/gcc/arm-none-eabi/12.3.1/../../../../arm-none-eabi/lib/thumb/v7-m/nofp\libm.a
END GROUP
START GROUP
LOAD D:/software/STM32CubeIDE_1.16.1/STM32CubeIDE/plugins/com.st.stm32cube.ide.mcu.externaltools.gnu-tools-for-stm32.12.3.rel1.win32_1.0.200.202406191623/tools/bin/../lib/gcc/arm-none-eabi/12.3.1/thumb/v7-m/nofp\libgcc.a
LOAD D:/software/STM32CubeIDE_1.16.1/STM32CubeIDE/plugins/com.st.stm32cube.ide.mcu.externaltools.gnu-tools-for-stm32.12.3.rel1.win32_1.0.200.202406191623/tools/bin/../lib/gcc/arm-none-eabi/12.3.1/../../../../arm-none-eabi/lib/thumb/v7-m/nofp\libc_nano.a
END GROUP
START GROUP
LOAD D:/software/STM32CubeIDE_1.16.1/STM32CubeIDE/plugins/com.st.stm32cube.ide.mcu.externaltools.gnu-tools-for-stm32.12.3.rel1.win32_1.0.200.202406191623/tools/bin/../lib/gcc/arm-none-eabi/12.3.1/thumb/v7-m/nofp\libgcc.a
LOAD D:/software/STM32CubeIDE_1.16.1/STM32CubeIDE/plugins/com.st.stm32cube.ide.mcu.externaltools.gnu-tools-for-stm32.12.3.rel1.win32_1.0.200.202406191623/tools/bin/../lib/gcc/arm-none-eabi/12.3.1/../../../../arm-none-eabi/lib/thumb/v7-m/nofp\libc_nano.a
LOAD D:/software/STM32CubeIDE_1.16.1/STM32CubeIDE/plugins/com.st.stm32cube.ide.mcu.externaltools.gnu-tools-for-stm32.12.3.rel1.win32_1.0.200.202406191623/tools/bin/../lib/gcc/arm-none-eabi/12.3.1/../../../../arm-none-eabi/lib/thumb/v7-m/nofp\libnosys.a
END GROUP
START GROUP
LOAD D:/software/STM32CubeIDE_1.16.1/STM32CubeIDE/plugins/com.st.stm32cube.ide.mcu.externaltools.gnu-tools-for-stm32.12.3.rel1.win32_1.0.200.202406191623/tools/bin/../lib/gcc/arm-none-eabi/12.3.1/thumb/v7-m/nofp\libgcc.a
LOAD D:/software/STM32CubeIDE_1.16.1/STM32CubeIDE/plugins/com.st.stm32cube.ide.mcu.externaltools.gnu-tools-for-stm32.12.3.rel1.win32_1.0.200.202406191623/tools/bin/../lib/gcc/arm-none-eabi/12.3.1/../../../../arm-none-eabi/lib/thumb/v7-m/nofp\libc_nano.a
LOAD D:/software/STM32CubeIDE_1.16.1/STM32CubeIDE/plugins/com.st.stm32cube.ide.mcu.externaltools.gnu-tools-for-stm32.12.3.rel1.win32_1.0.200.202406191623/tools/bin/../lib/gcc/arm-none-eabi/12.3.1/../../../../arm-none-eabi/lib/thumb/v7-m/nofp\libnosys.a
END GROUP
LOAD D:/software/STM32CubeIDE_1.16.1/STM32CubeIDE/plugins/com.st.stm32cube.ide.mcu.externaltools.gnu-tools-for-stm32.12.3.rel1.win32_1.0.200.202406191623/tools/bin/../lib/gcc/arm-none-eabi/12.3.1/thumb/v7-m/nofp/crtend.o
LOAD D:/software/STM32CubeIDE_1.16.1/STM32CubeIDE/plugins/com.st.stm32cube.ide.mcu.externaltools.gnu-tools-for-stm32.12.3.rel1.win32_1.0.200.202406191623/tools/bin/../lib/gcc/arm-none-eabi/12.3.1/thumb/v7-m/nofp/crtn.o
                0x20010000                        _estack = (ORIGIN (RAM) + LENGTH (RAM))
                0x00000200                        _Min_Heap_Size = 0x200
                0x00000400                        _Min_Stack_Size = 0x400

.isr_vector     0x08000000      0x1e4
                0x08000000                        . = ALIGN (0x4)
 *(.isr_vector)
 .isr_vector    0x08000000      0x1e4 ./Core/Startup/startup_stm32f103vetx.o
                0x08000000                g_pfnVectors
                0x080001e4                        . = ALIGN (0x4)

.text           0x080001e4     0x42d4
                0x080001e4                        . = ALIGN (0x4)
 *(.text)
 .text          0x080001e4       0x40 D:/software/STM32CubeIDE_1.16.1/STM32CubeIDE/plugins/com.st.stm32cube.ide.mcu.externaltools.gnu-tools-for-stm32.12.3.rel1.win32_1.0.200.202406191623/tools/bin/../lib/gcc/arm-none-eabi/12.3.1/thumb/v7-m/nofp/crtbegin.o
 *(.text*)
 .text.HAL_MspInit
                0x08000224       0x5c ./Core/Src/System/stm32f1xx_hal_msp.o
                0x08000224                HAL_MspInit
 .text.NMI_Handler
                0x08000280        0x8 ./Core/Src/System/stm32f1xx_it.o
                0x08000280                NMI_Handler
 .text.HardFault_Handler
                0x08000288        0x8 ./Core/Src/System/stm32f1xx_it.o
                0x08000288                HardFault_Handler
 .text.MemManage_Handler
                0x08000290        0x8 ./Core/Src/System/stm32f1xx_it.o
                0x08000290                MemManage_Handler
 .text.BusFault_Handler
                0x08000298        0x8 ./Core/Src/System/stm32f1xx_it.o
                0x08000298                BusFault_Handler
 .text.UsageFault_Handler
                0x080002a0        0x8 ./Core/Src/System/stm32f1xx_it.o
                0x080002a0                UsageFault_Handler
 .text.SVC_Handler
                0x080002a8        0xc ./Core/Src/System/stm32f1xx_it.o
                0x080002a8                SVC_Handler
 .text.DebugMon_Handler
                0x080002b4        0xc ./Core/Src/System/stm32f1xx_it.o
                0x080002b4                DebugMon_Handler
 .text.PendSV_Handler
                0x080002c0        0xc ./Core/Src/System/stm32f1xx_it.o
                0x080002c0                PendSV_Handler
 .text.SysTick_Handler
                0x080002cc        0xc ./Core/Src/System/stm32f1xx_it.o
                0x080002cc                SysTick_Handler
 .text.USART1_IRQHandler
                0x080002d8       0x14 ./Core/Src/System/stm32f1xx_it.o
                0x080002d8                USART1_IRQHandler
 .text.UART5_IRQHandler
                0x080002ec       0x14 ./Core/Src/System/stm32f1xx_it.o
                0x080002ec                UART5_IRQHandler
 .text.TIM6_IRQHandler
                0x08000300       0x14 ./Core/Src/System/stm32f1xx_it.o
                0x08000300                TIM6_IRQHandler
 .text.SystemInit
                0x08000314        0xc ./Core/Src/System/system_stm32f1xx.o
                0x08000314                SystemInit
 .text.FPGA_init
                0x08000320       0x64 ./Core/Src/User/Fpga.o
                0x08000320                FPGA_init
 .text.Fpga_Read
                0x08000384      0x24c ./Core/Src/User/Fpga.o
                0x08000384                Fpga_Read
 .text.Fpga_Write
                0x080005d0      0x2a0 ./Core/Src/User/Fpga.o
                0x080005d0                Fpga_Write
 .text.Write_Fir_Parameter
                0x08000870      0x1b0 ./Core/Src/User/Fpga.o
                0x08000870                Write_Fir_Parameter
 .text.MX_GPIO_Init
                0x08000a20      0x17c ./Core/Src/User/Gpio.o
                0x08000a20                MX_GPIO_Init
 .text.init     0x08000b9c       0x24 ./Core/Src/User/Init.o
                0x08000b9c                init
 .text.SystemClock_Config
                0x08000bc0       0x8a ./Core/Src/User/Init.o
                0x08000bc0                SystemClock_Config
 *fill*         0x08000c4a        0x2 
 .text.MX_IWDG_Init
                0x08000c4c       0x34 ./Core/Src/User/Init.o
                0x08000c4c                MX_IWDG_Init
 .text.IWDG_FEED_DOG
                0x08000c80       0x14 ./Core/Src/User/Init.o
                0x08000c80                IWDG_FEED_DOG
 .text.Checksum_Reverse
                0x08000c94       0xb8 ./Core/Src/User/Init.o
                0x08000c94                Checksum_Reverse
 .text.Checksum_sum
                0x08000d4c       0x42 ./Core/Src/User/Init.o
                0x08000d4c                Checksum_sum
 .text.Error_Handler
                0x08000d8e        0xc ./Core/Src/User/Init.o
                0x08000d8e                Error_Handler
 *fill*         0x08000d9a        0x2 
 .text.ETH_CMDPOLL
                0x08000d9c      0x190 ./Core/Src/User/Passthrough.o
                0x08000d9c                ETH_CMDPOLL
 .text.DOWN_DATAPOLL
                0x08000f2c       0x54 ./Core/Src/User/Passthrough.o
                0x08000f2c                DOWN_DATAPOLL
 .text.Sendtimestamp
                0x08000f80       0x60 ./Core/Src/User/Passthrough.o
                0x08000f80                Sendtimestamp
 .text.TIM_init
                0x08000fe0       0x18 ./Core/Src/User/Tim.o
                0x08000fe0                TIM_init
 .text.MX_TIM6_Init
                0x08000ff8       0x6c ./Core/Src/User/Tim.o
                0x08000ff8                MX_TIM6_Init
 .text.HAL_TIM_Base_MspInit
                0x08001064       0x4c ./Core/Src/User/Tim.o
                0x08001064                HAL_TIM_Base_MspInit
 .text.HAL_TIM_PeriodElapsedCallback
                0x080010b0       0x98 ./Core/Src/User/Tim.o
                0x080010b0                HAL_TIM_PeriodElapsedCallback
 .text.usart_init
                0x08001148       0x14 ./Core/Src/User/Usart.o
                0x08001148                usart_init
 .text.MX_UART4_Init
                0x0800115c       0x54 ./Core/Src/User/Usart.o
                0x0800115c                MX_UART4_Init
 .text.MX_UART5_Init
                0x080011b0       0x60 ./Core/Src/User/Usart.o
                0x080011b0                MX_UART5_Init
 .text.MX_USART1_UART_Init
                0x08001210       0x60 ./Core/Src/User/Usart.o
                0x08001210                MX_USART1_UART_Init
 .text.HAL_UART_MspInit
                0x08001270      0x1c0 ./Core/Src/User/Usart.o
                0x08001270                HAL_UART_MspInit
 .text.ComSendBuf
                0x08001430       0x5c ./Core/Src/User/Usart.o
                0x08001430                ComSendBuf
 .text.ComSendChar
                0x0800148c       0x64 ./Core/Src/User/Usart.o
                0x0800148c                ComSendChar
 .text.HAL_UART_RxCpltCallback
                0x080014f0      0x7dc ./Core/Src/User/Usart.o
                0x080014f0                HAL_UART_RxCpltCallback
 .text.Downcmdsend
                0x08001ccc      0x258 ./Core/Src/User/Usart.o
                0x08001ccc                Downcmdsend
 .text.Resetstate
                0x08001f24       0x74 ./Core/Src/User/Usart.o
                0x08001f24                Resetstate
 .text.main     0x08001f98       0x1c ./Core/Src/User/main.o
                0x08001f98                main
 .text.Reset_Handler
                0x08001fb4       0x48 ./Core/Startup/startup_stm32f103vetx.o
                0x08001fb4                Reset_Handler
 .text.Default_Handler
                0x08001ffc        0x2 ./Core/Startup/startup_stm32f103vetx.o
                0x08001ffc                RTC_Alarm_IRQHandler
                0x08001ffc                EXTI2_IRQHandler
                0x08001ffc                TIM8_TRG_COM_IRQHandler
                0x08001ffc                TIM8_CC_IRQHandler
                0x08001ffc                TIM1_CC_IRQHandler
                0x08001ffc                PVD_IRQHandler
                0x08001ffc                SDIO_IRQHandler
                0x08001ffc                EXTI3_IRQHandler
                0x08001ffc                EXTI0_IRQHandler
                0x08001ffc                I2C2_EV_IRQHandler
                0x08001ffc                ADC1_2_IRQHandler
                0x08001ffc                SPI1_IRQHandler
                0x08001ffc                TAMPER_IRQHandler
                0x08001ffc                TIM8_UP_IRQHandler
                0x08001ffc                DMA2_Channel2_IRQHandler
                0x08001ffc                DMA1_Channel4_IRQHandler
                0x08001ffc                USART3_IRQHandler
                0x08001ffc                RTC_IRQHandler
                0x08001ffc                DMA1_Channel7_IRQHandler
                0x08001ffc                CAN1_RX1_IRQHandler
                0x08001ffc                ADC3_IRQHandler
                0x08001ffc                TIM4_IRQHandler
                0x08001ffc                DMA2_Channel1_IRQHandler
                0x08001ffc                I2C1_EV_IRQHandler
                0x08001ffc                DMA1_Channel6_IRQHandler
                0x08001ffc                UART4_IRQHandler
                0x08001ffc                TIM3_IRQHandler
                0x08001ffc                RCC_IRQHandler
                0x08001ffc                TIM1_TRG_COM_IRQHandler
                0x08001ffc                DMA1_Channel1_IRQHandler
                0x08001ffc                Default_Handler
                0x08001ffc                EXTI15_10_IRQHandler
                0x08001ffc                TIM7_IRQHandler
                0x08001ffc                TIM5_IRQHandler
                0x08001ffc                EXTI9_5_IRQHandler
                0x08001ffc                SPI2_IRQHandler
                0x08001ffc                DMA1_Channel5_IRQHandler
                0x08001ffc                EXTI4_IRQHandler
                0x08001ffc                USB_LP_CAN1_RX0_IRQHandler
                0x08001ffc                USB_HP_CAN1_TX_IRQHandler
                0x08001ffc                DMA1_Channel3_IRQHandler
                0x08001ffc                FSMC_IRQHandler
                0x08001ffc                TIM1_UP_IRQHandler
                0x08001ffc                WWDG_IRQHandler
                0x08001ffc                TIM2_IRQHandler
                0x08001ffc                TIM1_BRK_IRQHandler
                0x08001ffc                EXTI1_IRQHandler
                0x08001ffc                DMA2_Channel4_5_IRQHandler
                0x08001ffc                USART2_IRQHandler
                0x08001ffc                I2C2_ER_IRQHandler
                0x08001ffc                DMA1_Channel2_IRQHandler
                0x08001ffc                TIM8_BRK_IRQHandler
                0x08001ffc                CAN1_SCE_IRQHandler
                0x08001ffc                FLASH_IRQHandler
                0x08001ffc                SPI3_IRQHandler
                0x08001ffc                I2C1_ER_IRQHandler
                0x08001ffc                USBWakeUp_IRQHandler
                0x08001ffc                DMA2_Channel3_IRQHandler
 *fill*         0x08001ffe        0x2 
 .text.HAL_Init
                0x08002000       0x2c ./Drivers/STM32F1xx_HAL_Driver/Src/stm32f1xx_hal.o
                0x08002000                HAL_Init
 .text.HAL_InitTick
                0x0800202c       0x60 ./Drivers/STM32F1xx_HAL_Driver/Src/stm32f1xx_hal.o
                0x0800202c                HAL_InitTick
 .text.HAL_IncTick
                0x0800208c       0x24 ./Drivers/STM32F1xx_HAL_Driver/Src/stm32f1xx_hal.o
                0x0800208c                HAL_IncTick
 .text.HAL_GetTick
                0x080020b0       0x14 ./Drivers/STM32F1xx_HAL_Driver/Src/stm32f1xx_hal.o
                0x080020b0                HAL_GetTick
 .text.__NVIC_SetPriorityGrouping
                0x080020c4       0x48 ./Drivers/STM32F1xx_HAL_Driver/Src/stm32f1xx_hal_cortex.o
 .text.__NVIC_GetPriorityGrouping
                0x0800210c       0x1c ./Drivers/STM32F1xx_HAL_Driver/Src/stm32f1xx_hal_cortex.o
 .text.__NVIC_EnableIRQ
                0x08002128       0x38 ./Drivers/STM32F1xx_HAL_Driver/Src/stm32f1xx_hal_cortex.o
 .text.__NVIC_SetPriority
                0x08002160       0x54 ./Drivers/STM32F1xx_HAL_Driver/Src/stm32f1xx_hal_cortex.o
 .text.NVIC_EncodePriority
                0x080021b4       0x64 ./Drivers/STM32F1xx_HAL_Driver/Src/stm32f1xx_hal_cortex.o
 .text.SysTick_Config
                0x08002218       0x44 ./Drivers/STM32F1xx_HAL_Driver/Src/stm32f1xx_hal_cortex.o
 .text.HAL_NVIC_SetPriorityGrouping
                0x0800225c       0x16 ./Drivers/STM32F1xx_HAL_Driver/Src/stm32f1xx_hal_cortex.o
                0x0800225c                HAL_NVIC_SetPriorityGrouping
 .text.HAL_NVIC_SetPriority
                0x08002272       0x38 ./Drivers/STM32F1xx_HAL_Driver/Src/stm32f1xx_hal_cortex.o
                0x08002272                HAL_NVIC_SetPriority
 .text.HAL_NVIC_EnableIRQ
                0x080022aa       0x1c ./Drivers/STM32F1xx_HAL_Driver/Src/stm32f1xx_hal_cortex.o
                0x080022aa                HAL_NVIC_EnableIRQ
 .text.HAL_SYSTICK_Config
                0x080022c6       0x18 ./Drivers/STM32F1xx_HAL_Driver/Src/stm32f1xx_hal_cortex.o
                0x080022c6                HAL_SYSTICK_Config
 .text.HAL_DMA_Abort
                0x080022de       0x76 ./Drivers/STM32F1xx_HAL_Driver/Src/stm32f1xx_hal_dma.o
                0x080022de                HAL_DMA_Abort
 .text.HAL_DMA_Abort_IT
                0x08002354      0x210 ./Drivers/STM32F1xx_HAL_Driver/Src/stm32f1xx_hal_dma.o
                0x08002354                HAL_DMA_Abort_IT
 .text.HAL_GPIO_Init
                0x08002564      0x328 ./Drivers/STM32F1xx_HAL_Driver/Src/stm32f1xx_hal_gpio.o
                0x08002564                HAL_GPIO_Init
 .text.HAL_GPIO_ReadPin
                0x0800288c       0x2e ./Drivers/STM32F1xx_HAL_Driver/Src/stm32f1xx_hal_gpio.o
                0x0800288c                HAL_GPIO_ReadPin
 .text.HAL_GPIO_WritePin
                0x080028ba       0x30 ./Drivers/STM32F1xx_HAL_Driver/Src/stm32f1xx_hal_gpio.o
                0x080028ba                HAL_GPIO_WritePin
 .text.HAL_GPIO_TogglePin
                0x080028ea       0x32 ./Drivers/STM32F1xx_HAL_Driver/Src/stm32f1xx_hal_gpio.o
                0x080028ea                HAL_GPIO_TogglePin
 .text.HAL_IWDG_Init
                0x0800291c       0x88 ./Drivers/STM32F1xx_HAL_Driver/Src/stm32f1xx_hal_iwdg.o
                0x0800291c                HAL_IWDG_Init
 .text.HAL_IWDG_Refresh
                0x080029a4       0x1e ./Drivers/STM32F1xx_HAL_Driver/Src/stm32f1xx_hal_iwdg.o
                0x080029a4                HAL_IWDG_Refresh
 *fill*         0x080029c2        0x2 
 .text.HAL_RCC_OscConfig
                0x080029c4      0x504 ./Drivers/STM32F1xx_HAL_Driver/Src/stm32f1xx_hal_rcc.o
                0x080029c4                HAL_RCC_OscConfig
 .text.HAL_RCC_ClockConfig
                0x08002ec8      0x1d4 ./Drivers/STM32F1xx_HAL_Driver/Src/stm32f1xx_hal_rcc.o
                0x08002ec8                HAL_RCC_ClockConfig
 .text.HAL_RCC_GetSysClockFreq
                0x0800309c       0xa8 ./Drivers/STM32F1xx_HAL_Driver/Src/stm32f1xx_hal_rcc.o
                0x0800309c                HAL_RCC_GetSysClockFreq
 .text.HAL_RCC_GetHCLKFreq
                0x08003144       0x14 ./Drivers/STM32F1xx_HAL_Driver/Src/stm32f1xx_hal_rcc.o
                0x08003144                HAL_RCC_GetHCLKFreq
 .text.HAL_RCC_GetPCLK1Freq
                0x08003158       0x28 ./Drivers/STM32F1xx_HAL_Driver/Src/stm32f1xx_hal_rcc.o
                0x08003158                HAL_RCC_GetPCLK1Freq
 .text.HAL_RCC_GetPCLK2Freq
                0x08003180       0x28 ./Drivers/STM32F1xx_HAL_Driver/Src/stm32f1xx_hal_rcc.o
                0x08003180                HAL_RCC_GetPCLK2Freq
 .text.RCC_Delay
                0x080031a8       0x3c ./Drivers/STM32F1xx_HAL_Driver/Src/stm32f1xx_hal_rcc.o
 .text.HAL_TIM_Base_Init
                0x080031e4       0x9e ./Drivers/STM32F1xx_HAL_Driver/Src/stm32f1xx_hal_tim.o
                0x080031e4                HAL_TIM_Base_Init
 *fill*         0x08003282        0x2 
 .text.HAL_TIM_Base_Start_IT
                0x08003284       0xc0 ./Drivers/STM32F1xx_HAL_Driver/Src/stm32f1xx_hal_tim.o
                0x08003284                HAL_TIM_Base_Start_IT
 .text.HAL_TIM_IRQHandler
                0x08003344      0x1e0 ./Drivers/STM32F1xx_HAL_Driver/Src/stm32f1xx_hal_tim.o
                0x08003344                HAL_TIM_IRQHandler
 .text.HAL_TIM_OC_DelayElapsedCallback
                0x08003524       0x12 ./Drivers/STM32F1xx_HAL_Driver/Src/stm32f1xx_hal_tim.o
                0x08003524                HAL_TIM_OC_DelayElapsedCallback
 .text.HAL_TIM_IC_CaptureCallback
                0x08003536       0x12 ./Drivers/STM32F1xx_HAL_Driver/Src/stm32f1xx_hal_tim.o
                0x08003536                HAL_TIM_IC_CaptureCallback
 .text.HAL_TIM_PWM_PulseFinishedCallback
                0x08003548       0x12 ./Drivers/STM32F1xx_HAL_Driver/Src/stm32f1xx_hal_tim.o
                0x08003548                HAL_TIM_PWM_PulseFinishedCallback
 .text.HAL_TIM_TriggerCallback
                0x0800355a       0x12 ./Drivers/STM32F1xx_HAL_Driver/Src/stm32f1xx_hal_tim.o
                0x0800355a                HAL_TIM_TriggerCallback
 .text.TIM_Base_SetConfig
                0x0800356c      0x10c ./Drivers/STM32F1xx_HAL_Driver/Src/stm32f1xx_hal_tim.o
                0x0800356c                TIM_Base_SetConfig
 .text.HAL_TIMEx_MasterConfigSynchronization
                0x08003678       0xd8 ./Drivers/STM32F1xx_HAL_Driver/Src/stm32f1xx_hal_tim_ex.o
                0x08003678                HAL_TIMEx_MasterConfigSynchronization
 .text.HAL_TIMEx_CommutCallback
                0x08003750       0x12 ./Drivers/STM32F1xx_HAL_Driver/Src/stm32f1xx_hal_tim_ex.o
                0x08003750                HAL_TIMEx_CommutCallback
 .text.HAL_TIMEx_BreakCallback
                0x08003762       0x12 ./Drivers/STM32F1xx_HAL_Driver/Src/stm32f1xx_hal_tim_ex.o
                0x08003762                HAL_TIMEx_BreakCallback
 .text.HAL_UART_Init
                0x08003774       0xa0 ./Drivers/STM32F1xx_HAL_Driver/Src/stm32f1xx_hal_uart.o
                0x08003774                HAL_UART_Init
 .text.HAL_UART_Transmit
                0x08003814      0x116 ./Drivers/STM32F1xx_HAL_Driver/Src/stm32f1xx_hal_uart.o
                0x08003814                HAL_UART_Transmit
 .text.HAL_UART_Receive_IT
                0x0800392a       0x4a ./Drivers/STM32F1xx_HAL_Driver/Src/stm32f1xx_hal_uart.o
                0x0800392a                HAL_UART_Receive_IT
 .text.HAL_UART_IRQHandler
                0x08003974      0x524 ./Drivers/STM32F1xx_HAL_Driver/Src/stm32f1xx_hal_uart.o
                0x08003974                HAL_UART_IRQHandler
 .text.HAL_UART_TxCpltCallback
                0x08003e98       0x12 ./Drivers/STM32F1xx_HAL_Driver/Src/stm32f1xx_hal_uart.o
                0x08003e98                HAL_UART_TxCpltCallback
 .text.HAL_UART_ErrorCallback
                0x08003eaa       0x12 ./Drivers/STM32F1xx_HAL_Driver/Src/stm32f1xx_hal_uart.o
                0x08003eaa                HAL_UART_ErrorCallback
 .text.HAL_UARTEx_RxEventCallback
                0x08003ebc       0x16 ./Drivers/STM32F1xx_HAL_Driver/Src/stm32f1xx_hal_uart.o
                0x08003ebc                HAL_UARTEx_RxEventCallback
 .text.UART_WaitOnFlagUntilTimeout
                0x08003ed2       0xb2 ./Drivers/STM32F1xx_HAL_Driver/Src/stm32f1xx_hal_uart.o
 .text.UART_Start_Receive_IT
                0x08003f84       0x72 ./Drivers/STM32F1xx_HAL_Driver/Src/stm32f1xx_hal_uart.o
                0x08003f84                UART_Start_Receive_IT
 .text.UART_EndRxTransfer
                0x08003ff6       0xc4 ./Drivers/STM32F1xx_HAL_Driver/Src/stm32f1xx_hal_uart.o
 .text.UART_DMAAbortOnError
                0x080040ba       0x28 ./Drivers/STM32F1xx_HAL_Driver/Src/stm32f1xx_hal_uart.o
 .text.UART_Transmit_IT
                0x080040e2       0x9e ./Drivers/STM32F1xx_HAL_Driver/Src/stm32f1xx_hal_uart.o
 .text.UART_EndTransmit_IT
                0x08004180       0x30 ./Drivers/STM32F1xx_HAL_Driver/Src/stm32f1xx_hal_uart.o
 .text.UART_Receive_IT
                0x080041b0      0x17c ./Drivers/STM32F1xx_HAL_Driver/Src/stm32f1xx_hal_uart.o
 .text.UART_SetConfig
                0x0800432c      0x11c ./Drivers/STM32F1xx_HAL_Driver/Src/stm32f1xx_hal_uart.o
 .text.memset   0x08004448       0x10 D:/software/STM32CubeIDE_1.16.1/STM32CubeIDE/plugins/com.st.stm32cube.ide.mcu.externaltools.gnu-tools-for-stm32.12.3.rel1.win32_1.0.200.202406191623/tools/bin/../lib/gcc/arm-none-eabi/12.3.1/../../../../arm-none-eabi/lib/thumb/v7-m/nofp\libc_nano.a(libc_a-memset.o)
                0x08004448                memset
 .text.__libc_init_array
                0x08004458       0x48 D:/software/STM32CubeIDE_1.16.1/STM32CubeIDE/plugins/com.st.stm32cube.ide.mcu.externaltools.gnu-tools-for-stm32.12.3.rel1.win32_1.0.200.202406191623/tools/bin/../lib/gcc/arm-none-eabi/12.3.1/../../../../arm-none-eabi/lib/thumb/v7-m/nofp\libc_nano.a(libc_a-init.o)
                0x08004458                __libc_init_array
 *(.glue_7)
 .glue_7        0x080044a0        0x0 linker stubs
 *(.glue_7t)
 .glue_7t       0x080044a0        0x0 linker stubs
 *(.eh_frame)
 .eh_frame      0x080044a0        0x0 D:/software/STM32CubeIDE_1.16.1/STM32CubeIDE/plugins/com.st.stm32cube.ide.mcu.externaltools.gnu-tools-for-stm32.12.3.rel1.win32_1.0.200.202406191623/tools/bin/../lib/gcc/arm-none-eabi/12.3.1/thumb/v7-m/nofp/crtbegin.o
 *(.init)
 .init          0x080044a0        0x4 D:/software/STM32CubeIDE_1.16.1/STM32CubeIDE/plugins/com.st.stm32cube.ide.mcu.externaltools.gnu-tools-for-stm32.12.3.rel1.win32_1.0.200.202406191623/tools/bin/../lib/gcc/arm-none-eabi/12.3.1/thumb/v7-m/nofp/crti.o
                0x080044a0                _init
 .init          0x080044a4        0x8 D:/software/STM32CubeIDE_1.16.1/STM32CubeIDE/plugins/com.st.stm32cube.ide.mcu.externaltools.gnu-tools-for-stm32.12.3.rel1.win32_1.0.200.202406191623/tools/bin/../lib/gcc/arm-none-eabi/12.3.1/thumb/v7-m/nofp/crtn.o
 *(.fini)
 .fini          0x080044ac        0x4 D:/software/STM32CubeIDE_1.16.1/STM32CubeIDE/plugins/com.st.stm32cube.ide.mcu.externaltools.gnu-tools-for-stm32.12.3.rel1.win32_1.0.200.202406191623/tools/bin/../lib/gcc/arm-none-eabi/12.3.1/thumb/v7-m/nofp/crti.o
                0x080044ac                _fini
 .fini          0x080044b0        0x8 D:/software/STM32CubeIDE_1.16.1/STM32CubeIDE/plugins/com.st.stm32cube.ide.mcu.externaltools.gnu-tools-for-stm32.12.3.rel1.win32_1.0.200.202406191623/tools/bin/../lib/gcc/arm-none-eabi/12.3.1/thumb/v7-m/nofp/crtn.o
                0x080044b8                        . = ALIGN (0x4)
                0x080044b8                        _etext = .

.vfp11_veneer   0x080044b8        0x0
 .vfp11_veneer  0x080044b8        0x0 linker stubs

.v4_bx          0x080044b8        0x0
 .v4_bx         0x080044b8        0x0 linker stubs

.iplt           0x080044b8        0x0
 .iplt          0x080044b8        0x0 D:/software/STM32CubeIDE_1.16.1/STM32CubeIDE/plugins/com.st.stm32cube.ide.mcu.externaltools.gnu-tools-for-stm32.12.3.rel1.win32_1.0.200.202406191623/tools/bin/../lib/gcc/arm-none-eabi/12.3.1/thumb/v7-m/nofp/crtbegin.o

.rodata         0x080044b8      0x428
                0x080044b8                        . = ALIGN (0x4)
 *(.rodata)
 *(.rodata*)
 .rodata.AHBPrescTable
                0x080044b8       0x10 ./Core/Src/System/system_stm32f1xx.o
                0x080044b8                AHBPrescTable
 .rodata.APBPrescTable
                0x080044c8        0x8 ./Core/Src/System/system_stm32f1xx.o
                0x080044c8                APBPrescTable
 .rodata.FIR_Parameter
                0x080044d0      0x3fc ./Core/Src/User/Fpga.o
                0x080044d0                FIR_Parameter
 .rodata.aPLLMULFactorTable.1
                0x080048cc       0x10 ./Drivers/STM32F1xx_HAL_Driver/Src/stm32f1xx_hal_rcc.o
 .rodata.aPredivFactorTable.0
                0x080048dc        0x2 ./Drivers/STM32F1xx_HAL_Driver/Src/stm32f1xx_hal_rcc.o
                0x080048e0                        . = ALIGN (0x4)
 *fill*         0x080048de        0x2 

.ARM.extab      0x080048e0        0x0
                0x080048e0                        . = ALIGN (0x4)
 *(.ARM.extab* .gnu.linkonce.armextab.*)
                0x080048e0                        . = ALIGN (0x4)

.ARM            0x080048e0        0x0
                0x080048e0                        . = ALIGN (0x4)
                0x080048e0                        __exidx_start = .
 *(.ARM.exidx*)
                0x080048e0                        __exidx_end = .
                0x080048e0                        . = ALIGN (0x4)

.preinit_array  0x080048e0        0x0
                0x080048e0                        . = ALIGN (0x4)
                0x080048e0                        PROVIDE (__preinit_array_start = .)
 *(.preinit_array*)
                0x080048e0                        PROVIDE (__preinit_array_end = .)
                0x080048e0                        . = ALIGN (0x4)

.init_array     0x080048e0        0x4
                0x080048e0                        . = ALIGN (0x4)
                0x080048e0                        PROVIDE (__init_array_start = .)
 *(SORT_BY_NAME(.init_array.*))
 *(.init_array*)
 .init_array    0x080048e0        0x4 D:/software/STM32CubeIDE_1.16.1/STM32CubeIDE/plugins/com.st.stm32cube.ide.mcu.externaltools.gnu-tools-for-stm32.12.3.rel1.win32_1.0.200.202406191623/tools/bin/../lib/gcc/arm-none-eabi/12.3.1/thumb/v7-m/nofp/crtbegin.o
                0x080048e4                        PROVIDE (__init_array_end = .)
                0x080048e4                        . = ALIGN (0x4)

.fini_array     0x080048e4        0x4
                0x080048e4                        . = ALIGN (0x4)
                [!provide]                        PROVIDE (__fini_array_start = .)
 *(SORT_BY_NAME(.fini_array.*))
 *(.fini_array*)
 .fini_array    0x080048e4        0x4 D:/software/STM32CubeIDE_1.16.1/STM32CubeIDE/plugins/com.st.stm32cube.ide.mcu.externaltools.gnu-tools-for-stm32.12.3.rel1.win32_1.0.200.202406191623/tools/bin/../lib/gcc/arm-none-eabi/12.3.1/thumb/v7-m/nofp/crtbegin.o
                [!provide]                        PROVIDE (__fini_array_end = .)
                0x080048e8                        . = ALIGN (0x4)
                0x080048e8                        _sidata = LOADADDR (.data)

.rel.dyn        0x080048e8        0x0
 .rel.iplt      0x080048e8        0x0 D:/software/STM32CubeIDE_1.16.1/STM32CubeIDE/plugins/com.st.stm32cube.ide.mcu.externaltools.gnu-tools-for-stm32.12.3.rel1.win32_1.0.200.202406191623/tools/bin/../lib/gcc/arm-none-eabi/12.3.1/thumb/v7-m/nofp/crtbegin.o

.data           0x20000000       0x20 load address 0x080048e8
                0x20000000                        . = ALIGN (0x4)
                0x20000000                        _sdata = .
 *(.data)
 *(.data*)
 .data.SystemCoreClock
                0x20000000        0x4 ./Core/Src/System/system_stm32f1xx.o
                0x20000000                SystemCoreClock
 .data.Sampleperiod
                0x20000004        0x4 ./Core/Src/User/Passthrough.o
                0x20000004                Sampleperiod
 .data.Sertableactflag
                0x20000008        0x1 ./Core/Src/User/Passthrough.o
                0x20000008                Sertableactflag
 *fill*         0x20000009        0x3 
 .data.Timestampbuf
                0x2000000c        0xa ./Core/Src/User/Passthrough.o
                0x2000000c                Timestampbuf
 *fill*         0x20000016        0x2 
 .data.uwTickPrio
                0x20000018        0x4 ./Drivers/STM32F1xx_HAL_Driver/Src/stm32f1xx_hal.o
                0x20000018                uwTickPrio
 .data.uwTickFreq
                0x2000001c        0x1 ./Drivers/STM32F1xx_HAL_Driver/Src/stm32f1xx_hal.o
                0x2000001c                uwTickFreq
 *(.RamFunc)
 *(.RamFunc*)
                0x20000020                        . = ALIGN (0x4)
 *fill*         0x2000001d        0x3 
                0x20000020                        _edata = .

.igot.plt       0x20000020        0x0 load address 0x08004908
 .igot.plt      0x20000020        0x0 D:/software/STM32CubeIDE_1.16.1/STM32CubeIDE/plugins/com.st.stm32cube.ide.mcu.externaltools.gnu-tools-for-stm32.12.3.rel1.win32_1.0.200.202406191623/tools/bin/../lib/gcc/arm-none-eabi/12.3.1/thumb/v7-m/nofp/crtbegin.o
                0x20000020                        . = ALIGN (0x4)

.bss            0x20000020      0x654 load address 0x08004908
                0x20000020                        _sbss = .
                0x20000020                        __bss_start__ = _sbss
 *(.bss)
 .bss           0x20000020       0x1c D:/software/STM32CubeIDE_1.16.1/STM32CubeIDE/plugins/com.st.stm32cube.ide.mcu.externaltools.gnu-tools-for-stm32.12.3.rel1.win32_1.0.200.202406191623/tools/bin/../lib/gcc/arm-none-eabi/12.3.1/thumb/v7-m/nofp/crtbegin.o
 *(.bss*)
 .bss.GPIO_InitStruct
                0x2000003c       0x10 ./Core/Src/User/Fpga.o
                0x2000003c                GPIO_InitStruct
 .bss.fp_online
                0x2000004c        0x1 ./Core/Src/User/Fpga.o
                0x2000004c                fp_online
 *fill*         0x2000004d        0x3 
 .bss.iwdg      0x20000050        0xc ./Core/Src/User/Init.o
                0x20000050                iwdg
 .bss.ToolID    0x2000005c        0x1 ./Core/Src/User/Passthrough.o
                0x2000005c                ToolID
 .bss.Subsetnumber
                0x2000005d        0x1 ./Core/Src/User/Passthrough.o
                0x2000005d                Subsetnumber
 *fill*         0x2000005e        0x2 
 .bss.Tool_Datalen
                0x20000060        0x4 ./Core/Src/User/Passthrough.o
                0x20000060                Tool_Datalen
 .bss.Delaytime
                0x20000064        0x4 ./Core/Src/User/Passthrough.o
                0x20000064                Delaytime
 .bss.Teleset   0x20000068        0x1 ./Core/Src/User/Passthrough.o
                0x20000068                Teleset
 .bss.Data_reserve
                0x20000069        0x1 ./Core/Src/User/Passthrough.o
                0x20000069                Data_reserve
 .bss.CONTRALCMDFLAG
                0x2000006a        0x1 ./Core/Src/User/Passthrough.o
                0x2000006a                CONTRALCMDFLAG
 *fill*         0x2000006b        0x1 
 .bss.Sertableactlen
                0x2000006c        0x4 ./Core/Src/User/Passthrough.o
                0x2000006c                Sertableactlen
 .bss.Contralcmdlen
                0x20000070        0x4 ./Core/Src/User/Passthrough.o
                0x20000070                Contralcmdlen
 .bss.htim6     0x20000074       0x48 ./Core/Src/User/Tim.o
                0x20000074                htim6
 .bss.i         0x200000bc        0x4 ./Core/Src/User/Tim.o
                0x200000bc                i
 .bss.isdowndcmdreport
                0x200000c0        0x4 ./Core/Src/User/Tim.o
                0x200000c0                isdowndcmdreport
 .bss.istimestampreport
                0x200000c4        0x1 ./Core/Src/User/Tim.o
                0x200000c4                istimestampreport
 *fill*         0x200000c5        0x3 
 .bss.Report_Timestamp
                0x200000c8        0x4 ./Core/Src/User/Tim.o
                0x200000c8                Report_Timestamp
 .bss.Downdatatimeoutnum
                0x200000cc        0x4 ./Core/Src/User/Tim.o
                0x200000cc                Downdatatimeoutnum
 .bss.Uart1_RxBuff
                0x200000d0        0x1 ./Core/Src/User/Usart.o
                0x200000d0                Uart1_RxBuff
 *fill*         0x200000d1        0x3 
 .bss.Uart5_RxBuff
                0x200000d4        0x1 ./Core/Src/User/Usart.o
                0x200000d4                Uart5_RxBuff
 *fill*         0x200000d5        0x3 
 .bss.huart4    0x200000d8       0x48 ./Core/Src/User/Usart.o
                0x200000d8                huart4
 .bss.huart5    0x20000120       0x48 ./Core/Src/User/Usart.o
                0x20000120                huart5
 .bss.huart1    0x20000168       0x48 ./Core/Src/User/Usart.o
                0x20000168                huart1
 .bss.ETHdatastate
                0x200001b0        0x1 ./Core/Src/User/Usart.o
                0x200001b0                ETHdatastate
 .bss.DOWNdatastate
                0x200001b1        0x1 ./Core/Src/User/Usart.o
                0x200001b1                DOWNdatastate
 .bss.ETHdataheadnum
                0x200001b2        0x1 ./Core/Src/User/Usart.o
                0x200001b2                ETHdataheadnum
 .bss.DOWNheaddatanum
                0x200001b3        0x1 ./Core/Src/User/Usart.o
                0x200001b3                DOWNheaddatanum
 .bss.ETHdatabodynum
                0x200001b4        0x1 ./Core/Src/User/Usart.o
                0x200001b4                ETHdatabodynum
 .bss.DOWNdatabodynum
                0x200001b5        0x1 ./Core/Src/User/Usart.o
                0x200001b5                DOWNdatabodynum
 .bss.OveralltypeH
                0x200001b6        0x1 ./Core/Src/User/Usart.o
                0x200001b6                OveralltypeH
 .bss.OveralltypeL
                0x200001b7        0x1 ./Core/Src/User/Usart.o
                0x200001b7                OveralltypeL
 .bss.Totaltype
                0x200001b8        0x1 ./Core/Src/User/Usart.o
                0x200001b8                Totaltype
 *fill*         0x200001b9        0x3 
 .bss.ETHdatabuf
                0x200001bc      0x100 ./Core/Src/User/Usart.o
                0x200001bc                ETHdatabuf
 .bss.DOWNdatabuf
                0x200002bc      0x100 ./Core/Src/User/Usart.o
                0x200002bc                DOWNdatabuf
 .bss.ETHbodybuf
                0x200003bc      0x100 ./Core/Src/User/Usart.o
                0x200003bc                ETHbodybuf
 .bss.DOWNbodybuf
                0x200004bc      0x100 ./Core/Src/User/Usart.o
                0x200004bc                DOWNbodybuf
 .bss.ETHdatalen
                0x200005bc        0x4 ./Core/Src/User/Usart.o
                0x200005bc                ETHdatalen
 .bss.DOWNdatalen
                0x200005c0        0x4 ./Core/Src/User/Usart.o
                0x200005c0                DOWNdatalen
 .bss.Workmode  0x200005c4        0x1 ./Core/Src/User/Usart.o
                0x200005c4                Workmode
 .bss.Tooladdress
                0x200005c5        0x1 ./Core/Src/User/Usart.o
                0x200005c5                Tooladdress
 *fill*         0x200005c6        0x2 
 .bss.Cmdword   0x200005c8        0x4 ./Core/Src/User/Usart.o
                0x200005c8                Cmdword
 .bss.Timestampnum
                0x200005cc        0x1 ./Core/Src/User/Usart.o
                0x200005cc                Timestampnum
 *fill*         0x200005cd        0x3 
 .bss.ETH_Timestamp
                0x200005d0        0x4 ./Core/Src/User/Usart.o
                0x200005d0                ETH_Timestamp
 .bss.Overtime  0x200005d4        0x4 ./Core/Src/User/Usart.o
                0x200005d4                Overtime
 .bss.Reserve   0x200005d8        0x4 ./Core/Src/User/Usart.o
                0x200005d8                Reserve
 .bss.ETH_Checksum
                0x200005dc        0x4 ./Core/Src/User/Usart.o
                0x200005dc                ETH_Checksum
 .bss.DOWN_Checksum
                0x200005e0        0x4 ./Core/Src/User/Usart.o
                0x200005e0                DOWN_Checksum
 .bss.ETHdataoverflag
                0x200005e4        0x1 ./Core/Src/User/Usart.o
                0x200005e4                ETHdataoverflag
 .bss.DOWNdataoverflag
                0x200005e5        0x1 ./Core/Src/User/Usart.o
                0x200005e5                DOWNdataoverflag
 *fill*         0x200005e6        0x2 
 .bss.Downcmdbuf
                0x200005e8       0x1e ./Core/Src/User/Usart.o
                0x200005e8                Downcmdbuf
 *fill*         0x20000606        0x2 
 .bss.Sertableactbuf
                0x20000608       0x32 ./Core/Src/User/Usart.o
                0x20000608                Sertableactbuf
 *fill*         0x2000063a        0x2 
 .bss.Contralcmdbuf
                0x2000063c       0x32 ./Core/Src/User/Usart.o
                0x2000063c                Contralcmdbuf
 *fill*         0x2000066e        0x2 
 .bss.uwTick    0x20000670        0x4 ./Drivers/STM32F1xx_HAL_Driver/Src/stm32f1xx_hal.o
                0x20000670                uwTick
 *(COMMON)
                0x20000674                        . = ALIGN (0x4)
                0x20000674                        _ebss = .
                0x20000674                        __bss_end__ = _ebss

._user_heap_stack
                0x20000674      0x604 load address 0x08004908
                0x20000678                        . = ALIGN (0x8)
 *fill*         0x20000674        0x4 
                [!provide]                        PROVIDE (end = .)
                0x20000678                        PROVIDE (_end = .)
                0x20000878                        . = (. + _Min_Heap_Size)
 *fill*         0x20000678      0x200 
                0x20000c78                        . = (. + _Min_Stack_Size)
 *fill*         0x20000878      0x400 
                0x20000c78                        . = ALIGN (0x8)

/DISCARD/
 libc.a(*)
 libm.a(*)
 libgcc.a(*)

.ARM.attributes
                0x00000000       0x29
 *(.ARM.attributes)
 .ARM.attributes
                0x00000000       0x1d D:/software/STM32CubeIDE_1.16.1/STM32CubeIDE/plugins/com.st.stm32cube.ide.mcu.externaltools.gnu-tools-for-stm32.12.3.rel1.win32_1.0.200.202406191623/tools/bin/../lib/gcc/arm-none-eabi/12.3.1/thumb/v7-m/nofp/crti.o
 .ARM.attributes
                0x0000001d       0x2d D:/software/STM32CubeIDE_1.16.1/STM32CubeIDE/plugins/com.st.stm32cube.ide.mcu.externaltools.gnu-tools-for-stm32.12.3.rel1.win32_1.0.200.202406191623/tools/bin/../lib/gcc/arm-none-eabi/12.3.1/thumb/v7-m/nofp/crtbegin.o
 .ARM.attributes
                0x0000004a       0x2d ./Core/Src/System/stm32f1xx_hal_msp.o
 .ARM.attributes
                0x00000077       0x2d ./Core/Src/System/stm32f1xx_it.o
 .ARM.attributes
                0x000000a4       0x2d ./Core/Src/System/system_stm32f1xx.o
 .ARM.attributes
                0x000000d1       0x2d ./Core/Src/User/Fpga.o
 .ARM.attributes
                0x000000fe       0x2d ./Core/Src/User/Gpio.o
 .ARM.attributes
                0x0000012b       0x2d ./Core/Src/User/Init.o
 .ARM.attributes
                0x00000158       0x2d ./Core/Src/User/Passthrough.o
 .ARM.attributes
                0x00000185       0x2d ./Core/Src/User/Tim.o
 .ARM.attributes
                0x000001b2       0x2d ./Core/Src/User/Usart.o
 .ARM.attributes
                0x000001df       0x2d ./Core/Src/User/main.o
 .ARM.attributes
                0x0000020c       0x21 ./Core/Startup/startup_stm32f103vetx.o
 .ARM.attributes
                0x0000022d       0x2d ./Drivers/STM32F1xx_HAL_Driver/Src/stm32f1xx_hal.o
 .ARM.attributes
                0x0000025a       0x2d ./Drivers/STM32F1xx_HAL_Driver/Src/stm32f1xx_hal_cortex.o
 .ARM.attributes
                0x00000287       0x2d ./Drivers/STM32F1xx_HAL_Driver/Src/stm32f1xx_hal_dma.o
 .ARM.attributes
                0x000002b4       0x2d ./Drivers/STM32F1xx_HAL_Driver/Src/stm32f1xx_hal_gpio.o
 .ARM.attributes
                0x000002e1       0x2d ./Drivers/STM32F1xx_HAL_Driver/Src/stm32f1xx_hal_iwdg.o
 .ARM.attributes
                0x0000030e       0x2d ./Drivers/STM32F1xx_HAL_Driver/Src/stm32f1xx_hal_rcc.o
 .ARM.attributes
                0x0000033b       0x2d ./Drivers/STM32F1xx_HAL_Driver/Src/stm32f1xx_hal_tim.o
 .ARM.attributes
                0x00000368       0x2d ./Drivers/STM32F1xx_HAL_Driver/Src/stm32f1xx_hal_tim_ex.o
 .ARM.attributes
                0x00000395       0x2d ./Drivers/STM32F1xx_HAL_Driver/Src/stm32f1xx_hal_uart.o
 .ARM.attributes
                0x000003c2       0x2d D:/software/STM32CubeIDE_1.16.1/STM32CubeIDE/plugins/com.st.stm32cube.ide.mcu.externaltools.gnu-tools-for-stm32.12.3.rel1.win32_1.0.200.202406191623/tools/bin/../lib/gcc/arm-none-eabi/12.3.1/../../../../arm-none-eabi/lib/thumb/v7-m/nofp\libc_nano.a(libc_a-memset.o)
 .ARM.attributes
                0x000003ef       0x2d D:/software/STM32CubeIDE_1.16.1/STM32CubeIDE/plugins/com.st.stm32cube.ide.mcu.externaltools.gnu-tools-for-stm32.12.3.rel1.win32_1.0.200.202406191623/tools/bin/../lib/gcc/arm-none-eabi/12.3.1/../../../../arm-none-eabi/lib/thumb/v7-m/nofp\libc_nano.a(libc_a-init.o)
 .ARM.attributes
                0x0000041c       0x1d D:/software/STM32CubeIDE_1.16.1/STM32CubeIDE/plugins/com.st.stm32cube.ide.mcu.externaltools.gnu-tools-for-stm32.12.3.rel1.win32_1.0.200.202406191623/tools/bin/../lib/gcc/arm-none-eabi/12.3.1/thumb/v7-m/nofp/crtn.o
OUTPUT(CCT_Uphole_V1.0.elf elf32-littlearm)
LOAD linker stubs
LOAD D:/software/STM32CubeIDE_1.16.1/STM32CubeIDE/plugins/com.st.stm32cube.ide.mcu.externaltools.gnu-tools-for-stm32.12.3.rel1.win32_1.0.200.202406191623/tools/bin/../lib/gcc/arm-none-eabi/12.3.1/../../../../arm-none-eabi/lib/thumb/v7-m/nofp\libc.a
LOAD D:/software/STM32CubeIDE_1.16.1/STM32CubeIDE/plugins/com.st.stm32cube.ide.mcu.externaltools.gnu-tools-for-stm32.12.3.rel1.win32_1.0.200.202406191623/tools/bin/../lib/gcc/arm-none-eabi/12.3.1/../../../../arm-none-eabi/lib/thumb/v7-m/nofp\libm.a
LOAD D:/software/STM32CubeIDE_1.16.1/STM32CubeIDE/plugins/com.st.stm32cube.ide.mcu.externaltools.gnu-tools-for-stm32.12.3.rel1.win32_1.0.200.202406191623/tools/bin/../lib/gcc/arm-none-eabi/12.3.1/thumb/v7-m/nofp\libgcc.a

.debug_info     0x00000000     0xcbb4
 .debug_info    0x00000000      0x1f1 ./Core/Src/System/stm32f1xx_hal_msp.o
 .debug_info    0x000001f1      0x96a ./Core/Src/System/stm32f1xx_it.o
 .debug_info    0x00000b5b      0x222 ./Core/Src/System/system_stm32f1xx.o
 .debug_info    0x00000d7d      0x3bb ./Core/Src/User/Fpga.o
 .debug_info    0x00001138      0x2ef ./Core/Src/User/Gpio.o
 .debug_info    0x00001427      0x4c3 ./Core/Src/User/Init.o
 .debug_info    0x000018ea      0x2be ./Core/Src/User/Passthrough.o
 .debug_info    0x00001ba8      0xa7a ./Core/Src/User/Tim.o
 .debug_info    0x00002622      0xf4e ./Core/Src/User/Usart.o
 .debug_info    0x00003570       0xb1 ./Core/Src/User/main.o
 .debug_info    0x00003621       0x30 ./Core/Startup/startup_stm32f103vetx.o
 .debug_info    0x00003651      0x76a ./Drivers/STM32F1xx_HAL_Driver/Src/stm32f1xx_hal.o
 .debug_info    0x00003dbb      0xaed ./Drivers/STM32F1xx_HAL_Driver/Src/stm32f1xx_hal_cortex.o
 .debug_info    0x000048a8      0x6d2 ./Drivers/STM32F1xx_HAL_Driver/Src/stm32f1xx_hal_dma.o
 .debug_info    0x00004f7a      0x5ab ./Drivers/STM32F1xx_HAL_Driver/Src/stm32f1xx_hal_gpio.o
 .debug_info    0x00005525      0x1d9 ./Drivers/STM32F1xx_HAL_Driver/Src/stm32f1xx_hal_iwdg.o
 .debug_info    0x000056fe      0x7d5 ./Drivers/STM32F1xx_HAL_Driver/Src/stm32f1xx_hal_rcc.o
 .debug_info    0x00005ed3     0x2959 ./Drivers/STM32F1xx_HAL_Driver/Src/stm32f1xx_hal_tim.o
 .debug_info    0x0000882c     0x149b ./Drivers/STM32F1xx_HAL_Driver/Src/stm32f1xx_hal_tim_ex.o
 .debug_info    0x00009cc7     0x2eed ./Drivers/STM32F1xx_HAL_Driver/Src/stm32f1xx_hal_uart.o

.debug_abbrev   0x00000000     0x24c7
 .debug_abbrev  0x00000000       0xdb ./Core/Src/System/stm32f1xx_hal_msp.o
 .debug_abbrev  0x000000db      0x19a ./Core/Src/System/stm32f1xx_it.o
 .debug_abbrev  0x00000275      0x13f ./Core/Src/System/system_stm32f1xx.o
 .debug_abbrev  0x000003b4      0x20f ./Core/Src/User/Fpga.o
 .debug_abbrev  0x000005c3      0x13f ./Core/Src/User/Gpio.o
 .debug_abbrev  0x00000702      0x261 ./Core/Src/User/Init.o
 .debug_abbrev  0x00000963       0xf7 ./Core/Src/User/Passthrough.o
 .debug_abbrev  0x00000a5a      0x24a ./Core/Src/User/Tim.o
 .debug_abbrev  0x00000ca4      0x306 ./Core/Src/User/Usart.o
 .debug_abbrev  0x00000faa       0x5b ./Core/Src/User/main.o
 .debug_abbrev  0x00001005       0x24 ./Core/Startup/startup_stm32f103vetx.o
 .debug_abbrev  0x00001029      0x201 ./Drivers/STM32F1xx_HAL_Driver/Src/stm32f1xx_hal.o
 .debug_abbrev  0x0000122a      0x2f8 ./Drivers/STM32F1xx_HAL_Driver/Src/stm32f1xx_hal_cortex.o
 .debug_abbrev  0x00001522      0x20b ./Drivers/STM32F1xx_HAL_Driver/Src/stm32f1xx_hal_dma.o
 .debug_abbrev  0x0000172d      0x1ca ./Drivers/STM32F1xx_HAL_Driver/Src/stm32f1xx_hal_gpio.o
 .debug_abbrev  0x000018f7      0x12c ./Drivers/STM32F1xx_HAL_Driver/Src/stm32f1xx_hal_iwdg.o
 .debug_abbrev  0x00001a23      0x2b3 ./Drivers/STM32F1xx_HAL_Driver/Src/stm32f1xx_hal_rcc.o
 .debug_abbrev  0x00001cd6      0x277 ./Drivers/STM32F1xx_HAL_Driver/Src/stm32f1xx_hal_tim.o
 .debug_abbrev  0x00001f4d      0x282 ./Drivers/STM32F1xx_HAL_Driver/Src/stm32f1xx_hal_tim_ex.o
 .debug_abbrev  0x000021cf      0x2f8 ./Drivers/STM32F1xx_HAL_Driver/Src/stm32f1xx_hal_uart.o

.debug_aranges  0x00000000      0xd48
 .debug_aranges
                0x00000000       0x20 ./Core/Src/System/stm32f1xx_hal_msp.o
 .debug_aranges
                0x00000020       0x78 ./Core/Src/System/stm32f1xx_it.o
 .debug_aranges
                0x00000098       0x28 ./Core/Src/System/system_stm32f1xx.o
 .debug_aranges
                0x000000c0       0x38 ./Core/Src/User/Fpga.o
 .debug_aranges
                0x000000f8       0x20 ./Core/Src/User/Gpio.o
 .debug_aranges
                0x00000118       0x50 ./Core/Src/User/Init.o
 .debug_aranges
                0x00000168       0x30 ./Core/Src/User/Passthrough.o
 .debug_aranges
                0x00000198       0x40 ./Core/Src/User/Tim.o
 .debug_aranges
                0x000001d8       0x78 ./Core/Src/User/Usart.o
 .debug_aranges
                0x00000250       0x20 ./Core/Src/User/main.o
 .debug_aranges
                0x00000270       0x28 ./Core/Startup/startup_stm32f103vetx.o
 .debug_aranges
                0x00000298       0xe0 ./Drivers/STM32F1xx_HAL_Driver/Src/stm32f1xx_hal.o
 .debug_aranges
                0x00000378      0x100 ./Drivers/STM32F1xx_HAL_Driver/Src/stm32f1xx_hal_cortex.o
 .debug_aranges
                0x00000478       0x80 ./Drivers/STM32F1xx_HAL_Driver/Src/stm32f1xx_hal_dma.o
 .debug_aranges
                0x000004f8       0x58 ./Drivers/STM32F1xx_HAL_Driver/Src/stm32f1xx_hal_gpio.o
 .debug_aranges
                0x00000550       0x28 ./Drivers/STM32F1xx_HAL_Driver/Src/stm32f1xx_hal_iwdg.o
 .debug_aranges
                0x00000578       0x90 ./Drivers/STM32F1xx_HAL_Driver/Src/stm32f1xx_hal_rcc.o
 .debug_aranges
                0x00000608      0x3d0 ./Drivers/STM32F1xx_HAL_Driver/Src/stm32f1xx_hal_tim.o
 .debug_aranges
                0x000009d8      0x168 ./Drivers/STM32F1xx_HAL_Driver/Src/stm32f1xx_hal_tim_ex.o
 .debug_aranges
                0x00000b40      0x208 ./Drivers/STM32F1xx_HAL_Driver/Src/stm32f1xx_hal_uart.o

.debug_rnglists
                0x00000000      0xa4b
 .debug_rnglists
                0x00000000       0x13 ./Core/Src/System/stm32f1xx_hal_msp.o
 .debug_rnglists
                0x00000013       0x55 ./Core/Src/System/stm32f1xx_it.o
 .debug_rnglists
                0x00000068       0x1a ./Core/Src/System/system_stm32f1xx.o
 .debug_rnglists
                0x00000082       0x28 ./Core/Src/User/Fpga.o
 .debug_rnglists
                0x000000aa       0x14 ./Core/Src/User/Gpio.o
 .debug_rnglists
                0x000000be       0x39 ./Core/Src/User/Init.o
 .debug_rnglists
                0x000000f7       0x20 ./Core/Src/User/Passthrough.o
 .debug_rnglists
                0x00000117       0x2c ./Core/Src/User/Tim.o
 .debug_rnglists
                0x00000143       0x5a ./Core/Src/User/Usart.o
 .debug_rnglists
                0x0000019d       0x13 ./Core/Src/User/main.o
 .debug_rnglists
                0x000001b0       0x19 ./Core/Startup/startup_stm32f103vetx.o
 .debug_rnglists
                0x000001c9       0xa3 ./Drivers/STM32F1xx_HAL_Driver/Src/stm32f1xx_hal.o
 .debug_rnglists
                0x0000026c       0xbb ./Drivers/STM32F1xx_HAL_Driver/Src/stm32f1xx_hal_cortex.o
 .debug_rnglists
                0x00000327       0x64 ./Drivers/STM32F1xx_HAL_Driver/Src/stm32f1xx_hal_dma.o
 .debug_rnglists
                0x0000038b       0x3f ./Drivers/STM32F1xx_HAL_Driver/Src/stm32f1xx_hal_gpio.o
 .debug_rnglists
                0x000003ca       0x1a ./Drivers/STM32F1xx_HAL_Driver/Src/stm32f1xx_hal_iwdg.o
 .debug_rnglists
                0x000003e4       0x6c ./Drivers/STM32F1xx_HAL_Driver/Src/stm32f1xx_hal_rcc.o
 .debug_rnglists
                0x00000450      0x31a ./Drivers/STM32F1xx_HAL_Driver/Src/stm32f1xx_hal_tim.o
 .debug_rnglists
                0x0000076a      0x125 ./Drivers/STM32F1xx_HAL_Driver/Src/stm32f1xx_hal_tim_ex.o
 .debug_rnglists
                0x0000088f      0x1bc ./Drivers/STM32F1xx_HAL_Driver/Src/stm32f1xx_hal_uart.o

.debug_macro    0x00000000    0x19c3b
 .debug_macro   0x00000000      0x1f7 ./Core/Src/System/stm32f1xx_hal_msp.o
 .debug_macro   0x000001f7      0xaa8 ./Core/Src/System/stm32f1xx_hal_msp.o
 .debug_macro   0x00000c9f      0x221 ./Core/Src/System/stm32f1xx_hal_msp.o
 .debug_macro   0x00000ec0       0x2e ./Core/Src/System/stm32f1xx_hal_msp.o
 .debug_macro   0x00000eee       0x22 ./Core/Src/System/stm32f1xx_hal_msp.o
 .debug_macro   0x00000f10       0x22 ./Core/Src/System/stm32f1xx_hal_msp.o
 .debug_macro   0x00000f32       0x8e ./Core/Src/System/stm32f1xx_hal_msp.o
 .debug_macro   0x00000fc0       0x51 ./Core/Src/System/stm32f1xx_hal_msp.o
 .debug_macro   0x00001011      0x103 ./Core/Src/System/stm32f1xx_hal_msp.o
 .debug_macro   0x00001114       0x6a ./Core/Src/System/stm32f1xx_hal_msp.o
 .debug_macro   0x0000117e      0x1df ./Core/Src/System/stm32f1xx_hal_msp.o
 .debug_macro   0x0000135d       0x1c ./Core/Src/System/stm32f1xx_hal_msp.o
 .debug_macro   0x00001379       0x22 ./Core/Src/System/stm32f1xx_hal_msp.o
 .debug_macro   0x0000139b       0xbd ./Core/Src/System/stm32f1xx_hal_msp.o
 .debug_macro   0x00001458      0xd23 ./Core/Src/System/stm32f1xx_hal_msp.o
 .debug_macro   0x0000217b     0xfd8c ./Core/Src/System/stm32f1xx_hal_msp.o
 .debug_macro   0x00011f07       0x6d ./Core/Src/System/stm32f1xx_hal_msp.o
 .debug_macro   0x00011f74     0x34a2 ./Core/Src/System/stm32f1xx_hal_msp.o
 .debug_macro   0x00015416      0x189 ./Core/Src/System/stm32f1xx_hal_msp.o
 .debug_macro   0x0001559f       0x5c ./Core/Src/System/stm32f1xx_hal_msp.o
 .debug_macro   0x000155fb      0x5bc ./Core/Src/System/stm32f1xx_hal_msp.o
 .debug_macro   0x00015bb7      0x4d5 ./Core/Src/System/stm32f1xx_hal_msp.o
 .debug_macro   0x0001608c      0x1cb ./Core/Src/System/stm32f1xx_hal_msp.o
 .debug_macro   0x00016257      0x114 ./Core/Src/System/stm32f1xx_hal_msp.o
 .debug_macro   0x0001636b      0x1ea ./Core/Src/System/stm32f1xx_hal_msp.o
 .debug_macro   0x00016555       0x27 ./Core/Src/System/stm32f1xx_hal_msp.o
 .debug_macro   0x0001657c      0x144 ./Core/Src/System/stm32f1xx_hal_msp.o
 .debug_macro   0x000166c0      0x1bc ./Core/Src/System/stm32f1xx_hal_msp.o
 .debug_macro   0x0001687c       0x30 ./Core/Src/System/stm32f1xx_hal_msp.o
 .debug_macro   0x000168ac       0x3c ./Core/Src/System/stm32f1xx_hal_msp.o
 .debug_macro   0x000168e8       0x57 ./Core/Src/System/stm32f1xx_hal_msp.o
 .debug_macro   0x0001693f       0x87 ./Core/Src/System/stm32f1xx_hal_msp.o
 .debug_macro   0x000169c6      0x24f ./Core/Src/System/stm32f1xx_hal_msp.o
 .debug_macro   0x00016c15       0x78 ./Core/Src/System/stm32f1xx_hal_msp.o
 .debug_macro   0x00016c8d      0x140 ./Core/Src/System/stm32f1xx_hal_msp.o
 .debug_macro   0x00016dcd      0x8ed ./Core/Src/System/stm32f1xx_hal_msp.o
 .debug_macro   0x000176ba      0x28e ./Core/Src/System/stm32f1xx_hal_msp.o
 .debug_macro   0x00017948       0xb5 ./Core/Src/System/stm32f1xx_hal_msp.o
 .debug_macro   0x000179fd       0x58 ./Core/Src/System/stm32f1xx_hal_msp.o
 .debug_macro   0x00017a55       0xac ./Core/Src/System/stm32f1xx_hal_msp.o
 .debug_macro   0x00017b01      0x201 ./Core/Src/System/stm32f1xx_it.o
 .debug_macro   0x00017d02      0x1ad ./Core/Src/System/system_stm32f1xx.o
 .debug_macro   0x00017eaf      0x1fe ./Core/Src/User/Fpga.o
 .debug_macro   0x000180ad      0x1f7 ./Core/Src/User/Gpio.o
 .debug_macro   0x000182a4      0x1f7 ./Core/Src/User/Init.o
 .debug_macro   0x0001849b      0x1f7 ./Core/Src/User/Passthrough.o
 .debug_macro   0x00018692      0x1f7 ./Core/Src/User/Tim.o
 .debug_macro   0x00018889      0x1f7 ./Core/Src/User/Usart.o
 .debug_macro   0x00018a80      0x1f7 ./Core/Src/User/main.o
 .debug_macro   0x00018c77      0x1d1 ./Drivers/STM32F1xx_HAL_Driver/Src/stm32f1xx_hal.o
 .debug_macro   0x00018e48      0x1ad ./Drivers/STM32F1xx_HAL_Driver/Src/stm32f1xx_hal_cortex.o
 .debug_macro   0x00018ff5      0x1ad ./Drivers/STM32F1xx_HAL_Driver/Src/stm32f1xx_hal_dma.o
 .debug_macro   0x000191a2      0x218 ./Drivers/STM32F1xx_HAL_Driver/Src/stm32f1xx_hal_gpio.o
 .debug_macro   0x000193ba      0x1b9 ./Drivers/STM32F1xx_HAL_Driver/Src/stm32f1xx_hal_iwdg.o
 .debug_macro   0x00019573      0x1bf ./Drivers/STM32F1xx_HAL_Driver/Src/stm32f1xx_hal_rcc.o
 .debug_macro   0x00019732      0x1ae ./Drivers/STM32F1xx_HAL_Driver/Src/stm32f1xx_hal_tim.o
 .debug_macro   0x000198e0      0x1ad ./Drivers/STM32F1xx_HAL_Driver/Src/stm32f1xx_hal_tim_ex.o
 .debug_macro   0x00019a8d      0x1ae ./Drivers/STM32F1xx_HAL_Driver/Src/stm32f1xx_hal_uart.o

.debug_line     0x00000000    0x11a56
 .debug_line    0x00000000      0x768 ./Core/Src/System/stm32f1xx_hal_msp.o
 .debug_line    0x00000768      0x871 ./Core/Src/System/stm32f1xx_it.o
 .debug_line    0x00000fd9      0x791 ./Core/Src/System/system_stm32f1xx.o
 .debug_line    0x0000176a      0xa22 ./Core/Src/User/Fpga.o
 .debug_line    0x0000218c      0x7a4 ./Core/Src/User/Gpio.o
 .debug_line    0x00002930      0x8d3 ./Core/Src/User/Init.o
 .debug_line    0x00003203      0x8d2 ./Core/Src/User/Passthrough.o
 .debug_line    0x00003ad5      0x807 ./Core/Src/User/Tim.o
 .debug_line    0x000042dc      0xe9f ./Core/Src/User/Usart.o
 .debug_line    0x0000517b      0x76e ./Core/Src/User/main.o
 .debug_line    0x000058e9       0x79 ./Core/Startup/startup_stm32f103vetx.o
 .debug_line    0x00005962      0x9b7 ./Drivers/STM32F1xx_HAL_Driver/Src/stm32f1xx_hal.o
 .debug_line    0x00006319      0xba3 ./Drivers/STM32F1xx_HAL_Driver/Src/stm32f1xx_hal_cortex.o
 .debug_line    0x00006ebc     0x12e2 ./Drivers/STM32F1xx_HAL_Driver/Src/stm32f1xx_hal_dma.o
 .debug_line    0x0000819e      0xa78 ./Drivers/STM32F1xx_HAL_Driver/Src/stm32f1xx_hal_gpio.o
 .debug_line    0x00008c16      0x782 ./Drivers/STM32F1xx_HAL_Driver/Src/stm32f1xx_hal_iwdg.o
 .debug_line    0x00009398      0xdc0 ./Drivers/STM32F1xx_HAL_Driver/Src/stm32f1xx_hal_rcc.o
 .debug_line    0x0000a158     0x36fc ./Drivers/STM32F1xx_HAL_Driver/Src/stm32f1xx_hal_tim.o
 .debug_line    0x0000d854     0x196c ./Drivers/STM32F1xx_HAL_Driver/Src/stm32f1xx_hal_tim_ex.o
 .debug_line    0x0000f1c0     0x2896 ./Drivers/STM32F1xx_HAL_Driver/Src/stm32f1xx_hal_uart.o

.debug_str      0x00000000    0x95947
 .debug_str     0x00000000    0x91e73 ./Core/Src/System/stm32f1xx_hal_msp.o
                              0x92251 (size before relaxing)
 .debug_str     0x00091e73      0x731 ./Core/Src/System/stm32f1xx_it.o
                              0x929bf (size before relaxing)
 .debug_str     0x000925a4       0x85 ./Core/Src/System/system_stm32f1xx.o
                              0x91f21 (size before relaxing)
 .debug_str     0x00092629      0x141 ./Core/Src/User/Fpga.o
                              0x9230e (size before relaxing)
 .debug_str     0x0009276a       0x25 ./Core/Src/User/Gpio.o
                              0x922bb (size before relaxing)
 .debug_str     0x0009278f      0x260 ./Core/Src/User/Init.o
                              0x92470 (size before relaxing)
 .debug_str     0x000929ef      0x1a3 ./Core/Src/User/Passthrough.o
                              0x9235f (size before relaxing)
 .debug_str     0x00092b92      0x470 ./Core/Src/User/Tim.o
                              0x92c86 (size before relaxing)
 .debug_str     0x00093002      0x24c ./Core/Src/User/Usart.o
                              0x92de1 (size before relaxing)
 .debug_str     0x0009324e       0x1d ./Core/Src/User/main.o
                              0x921ee (size before relaxing)
 .debug_str     0x0009326b       0x44 ./Core/Startup/startup_stm32f103vetx.o
                                 0x7d (size before relaxing)
 .debug_str     0x000932af      0x38e ./Drivers/STM32F1xx_HAL_Driver/Src/stm32f1xx_hal.o
                              0x92731 (size before relaxing)
 .debug_str     0x0009363d      0x294 ./Drivers/STM32F1xx_HAL_Driver/Src/stm32f1xx_hal_cortex.o
                              0x9267d (size before relaxing)
 .debug_str     0x000938d1      0x235 ./Drivers/STM32F1xx_HAL_Driver/Src/stm32f1xx_hal_dma.o
                              0x922c3 (size before relaxing)
 .debug_str     0x00093b06      0x2bd ./Drivers/STM32F1xx_HAL_Driver/Src/stm32f1xx_hal_gpio.o
                              0x922a0 (size before relaxing)
 .debug_str     0x00093dc3       0xe3 ./Drivers/STM32F1xx_HAL_Driver/Src/stm32f1xx_hal_iwdg.o
                              0x91fe5 (size before relaxing)
 .debug_str     0x00093ea6      0x229 ./Drivers/STM32F1xx_HAL_Driver/Src/stm32f1xx_hal_rcc.o
                              0x92349 (size before relaxing)
 .debug_str     0x000940cf      0xe20 ./Drivers/STM32F1xx_HAL_Driver/Src/stm32f1xx_hal_tim.o
                              0x9334b (size before relaxing)
 .debug_str     0x00094eef      0x493 ./Drivers/STM32F1xx_HAL_Driver/Src/stm32f1xx_hal_tim_ex.o
                              0x92b57 (size before relaxing)
 .debug_str     0x00095382      0x5c5 ./Drivers/STM32F1xx_HAL_Driver/Src/stm32f1xx_hal_uart.o
                              0x929ba (size before relaxing)

.comment        0x00000000       0x43
 .comment       0x00000000       0x43 ./Core/Src/System/stm32f1xx_hal_msp.o
                                 0x44 (size before relaxing)
 .comment       0x00000043       0x44 ./Core/Src/System/stm32f1xx_it.o
 .comment       0x00000043       0x44 ./Core/Src/System/system_stm32f1xx.o
 .comment       0x00000043       0x44 ./Core/Src/User/Fpga.o
 .comment       0x00000043       0x44 ./Core/Src/User/Gpio.o
 .comment       0x00000043       0x44 ./Core/Src/User/Init.o
 .comment       0x00000043       0x44 ./Core/Src/User/Passthrough.o
 .comment       0x00000043       0x44 ./Core/Src/User/Tim.o
 .comment       0x00000043       0x44 ./Core/Src/User/Usart.o
 .comment       0x00000043       0x44 ./Core/Src/User/main.o
 .comment       0x00000043       0x44 ./Drivers/STM32F1xx_HAL_Driver/Src/stm32f1xx_hal.o
 .comment       0x00000043       0x44 ./Drivers/STM32F1xx_HAL_Driver/Src/stm32f1xx_hal_cortex.o
 .comment       0x00000043       0x44 ./Drivers/STM32F1xx_HAL_Driver/Src/stm32f1xx_hal_dma.o
 .comment       0x00000043       0x44 ./Drivers/STM32F1xx_HAL_Driver/Src/stm32f1xx_hal_gpio.o
 .comment       0x00000043       0x44 ./Drivers/STM32F1xx_HAL_Driver/Src/stm32f1xx_hal_iwdg.o
 .comment       0x00000043       0x44 ./Drivers/STM32F1xx_HAL_Driver/Src/stm32f1xx_hal_rcc.o
 .comment       0x00000043       0x44 ./Drivers/STM32F1xx_HAL_Driver/Src/stm32f1xx_hal_tim.o
 .comment       0x00000043       0x44 ./Drivers/STM32F1xx_HAL_Driver/Src/stm32f1xx_hal_tim_ex.o
 .comment       0x00000043       0x44 ./Drivers/STM32F1xx_HAL_Driver/Src/stm32f1xx_hal_uart.o

.debug_frame    0x00000000     0x355c
 .debug_frame   0x00000000       0x38 ./Core/Src/System/stm32f1xx_hal_msp.o
 .debug_frame   0x00000038      0x158 ./Core/Src/System/stm32f1xx_it.o
 .debug_frame   0x00000190       0x58 ./Core/Src/System/system_stm32f1xx.o
 .debug_frame   0x000001e8       0xa8 ./Core/Src/User/Fpga.o
 .debug_frame   0x00000290       0x34 ./Core/Src/User/Gpio.o
 .debug_frame   0x000002c4       0xf0 ./Core/Src/User/Init.o
 .debug_frame   0x000003b4       0x6c ./Core/Src/User/Passthrough.o
 .debug_frame   0x00000420       0xbc ./Core/Src/User/Tim.o
 .debug_frame   0x000004dc      0x1ac ./Core/Src/User/Usart.o
 .debug_frame   0x00000688       0x2c ./Core/Src/User/main.o
 .debug_frame   0x000006b4      0x334 ./Drivers/STM32F1xx_HAL_Driver/Src/stm32f1xx_hal.o
 .debug_frame   0x000009e8      0x428 ./Drivers/STM32F1xx_HAL_Driver/Src/stm32f1xx_hal_cortex.o
 .debug_frame   0x00000e10      0x20c ./Drivers/STM32F1xx_HAL_Driver/Src/stm32f1xx_hal_dma.o
 .debug_frame   0x0000101c      0x14c ./Drivers/STM32F1xx_HAL_Driver/Src/stm32f1xx_hal_gpio.o
 .debug_frame   0x00001168       0x5c ./Drivers/STM32F1xx_HAL_Driver/Src/stm32f1xx_hal_iwdg.o
 .debug_frame   0x000011c4      0x218 ./Drivers/STM32F1xx_HAL_Driver/Src/stm32f1xx_hal_rcc.o
 .debug_frame   0x000013dc     0x11b8 ./Drivers/STM32F1xx_HAL_Driver/Src/stm32f1xx_hal_tim.o
 .debug_frame   0x00002594      0x638 ./Drivers/STM32F1xx_HAL_Driver/Src/stm32f1xx_hal_tim_ex.o
 .debug_frame   0x00002bcc      0x944 ./Drivers/STM32F1xx_HAL_Driver/Src/stm32f1xx_hal_uart.o
 .debug_frame   0x00003510       0x20 D:/software/STM32CubeIDE_1.16.1/STM32CubeIDE/plugins/com.st.stm32cube.ide.mcu.externaltools.gnu-tools-for-stm32.12.3.rel1.win32_1.0.200.202406191623/tools/bin/../lib/gcc/arm-none-eabi/12.3.1/../../../../arm-none-eabi/lib/thumb/v7-m/nofp\libc_nano.a(libc_a-memset.o)
 .debug_frame   0x00003530       0x2c D:/software/STM32CubeIDE_1.16.1/STM32CubeIDE/plugins/com.st.stm32cube.ide.mcu.externaltools.gnu-tools-for-stm32.12.3.rel1.win32_1.0.200.202406191623/tools/bin/../lib/gcc/arm-none-eabi/12.3.1/../../../../arm-none-eabi/lib/thumb/v7-m/nofp\libc_nano.a(libc_a-init.o)

.debug_line_str
                0x00000000       0x61
 .debug_line_str
                0x00000000       0x61 ./Core/Startup/startup_stm32f103vetx.o
