Archive member included to satisfy reference by file (symbol)

D:/software/STM32CubeIDE_1.16.1/STM32CubeIDE/plugins/com.st.stm32cube.ide.mcu.externaltools.gnu-tools-for-stm32.12.3.rel1.win32_1.0.200.202406191623/tools/bin/../lib/gcc/arm-none-eabi/12.3.1/../../../../arm-none-eabi/lib/thumb/v7-m/nofp\libc_nano.a(libc_a-exit.o)
                              D:/software/STM32CubeIDE_1.16.1/STM32CubeIDE/plugins/com.st.stm32cube.ide.mcu.externaltools.gnu-tools-for-stm32.12.3.rel1.win32_1.0.200.202406191623/tools/bin/../lib/gcc/arm-none-eabi/12.3.1/../../../../arm-none-eabi/lib/thumb/v7-m/nofp/crt0.o (exit)
D:/software/STM32CubeIDE_1.16.1/STM32CubeIDE/plugins/com.st.stm32cube.ide.mcu.externaltools.gnu-tools-for-stm32.12.3.rel1.win32_1.0.200.202406191623/tools/bin/../lib/gcc/arm-none-eabi/12.3.1/../../../../arm-none-eabi/lib/thumb/v7-m/nofp\libc_nano.a(libc_a-findfp.o)
                              D:/software/STM32CubeIDE_1.16.1/STM32CubeIDE/plugins/com.st.stm32cube.ide.mcu.externaltools.gnu-tools-for-stm32.12.3.rel1.win32_1.0.200.202406191623/tools/bin/../lib/gcc/arm-none-eabi/12.3.1/../../../../arm-none-eabi/lib/thumb/v7-m/nofp\libc_nano.a(libc_a-exit.o) (__stdio_exit_handler)
D:/software/STM32CubeIDE_1.16.1/STM32CubeIDE/plugins/com.st.stm32cube.ide.mcu.externaltools.gnu-tools-for-stm32.12.3.rel1.win32_1.0.200.202406191623/tools/bin/../lib/gcc/arm-none-eabi/12.3.1/../../../../arm-none-eabi/lib/thumb/v7-m/nofp\libc_nano.a(libc_a-fwalk.o)
                              D:/software/STM32CubeIDE_1.16.1/STM32CubeIDE/plugins/com.st.stm32cube.ide.mcu.externaltools.gnu-tools-for-stm32.12.3.rel1.win32_1.0.200.202406191623/tools/bin/../lib/gcc/arm-none-eabi/12.3.1/../../../../arm-none-eabi/lib/thumb/v7-m/nofp\libc_nano.a(libc_a-findfp.o) (_fwalk_sglue)
D:/software/STM32CubeIDE_1.16.1/STM32CubeIDE/plugins/com.st.stm32cube.ide.mcu.externaltools.gnu-tools-for-stm32.12.3.rel1.win32_1.0.200.202406191623/tools/bin/../lib/gcc/arm-none-eabi/12.3.1/../../../../arm-none-eabi/lib/thumb/v7-m/nofp\libc_nano.a(libc_a-stdio.o)
                              D:/software/STM32CubeIDE_1.16.1/STM32CubeIDE/plugins/com.st.stm32cube.ide.mcu.externaltools.gnu-tools-for-stm32.12.3.rel1.win32_1.0.200.202406191623/tools/bin/../lib/gcc/arm-none-eabi/12.3.1/../../../../arm-none-eabi/lib/thumb/v7-m/nofp\libc_nano.a(libc_a-findfp.o) (__sread)
D:/software/STM32CubeIDE_1.16.1/STM32CubeIDE/plugins/com.st.stm32cube.ide.mcu.externaltools.gnu-tools-for-stm32.12.3.rel1.win32_1.0.200.202406191623/tools/bin/../lib/gcc/arm-none-eabi/12.3.1/../../../../arm-none-eabi/lib/thumb/v7-m/nofp\libc_nano.a(libc_a-vsnprintf.o)
                              ./Core/Src/User/Init.o (vsnprintf)
D:/software/STM32CubeIDE_1.16.1/STM32CubeIDE/plugins/com.st.stm32cube.ide.mcu.externaltools.gnu-tools-for-stm32.12.3.rel1.win32_1.0.200.202406191623/tools/bin/../lib/gcc/arm-none-eabi/12.3.1/../../../../arm-none-eabi/lib/thumb/v7-m/nofp\libc_nano.a(libc_a-memset.o)
                              D:/software/STM32CubeIDE_1.16.1/STM32CubeIDE/plugins/com.st.stm32cube.ide.mcu.externaltools.gnu-tools-for-stm32.12.3.rel1.win32_1.0.200.202406191623/tools/bin/../lib/gcc/arm-none-eabi/12.3.1/../../../../arm-none-eabi/lib/thumb/v7-m/nofp/crt0.o (memset)
D:/software/STM32CubeIDE_1.16.1/STM32CubeIDE/plugins/com.st.stm32cube.ide.mcu.externaltools.gnu-tools-for-stm32.12.3.rel1.win32_1.0.200.202406191623/tools/bin/../lib/gcc/arm-none-eabi/12.3.1/../../../../arm-none-eabi/lib/thumb/v7-m/nofp\libc_nano.a(libc_a-closer.o)
                              D:/software/STM32CubeIDE_1.16.1/STM32CubeIDE/plugins/com.st.stm32cube.ide.mcu.externaltools.gnu-tools-for-stm32.12.3.rel1.win32_1.0.200.202406191623/tools/bin/../lib/gcc/arm-none-eabi/12.3.1/../../../../arm-none-eabi/lib/thumb/v7-m/nofp\libc_nano.a(libc_a-stdio.o) (_close_r)
D:/software/STM32CubeIDE_1.16.1/STM32CubeIDE/plugins/com.st.stm32cube.ide.mcu.externaltools.gnu-tools-for-stm32.12.3.rel1.win32_1.0.200.202406191623/tools/bin/../lib/gcc/arm-none-eabi/12.3.1/../../../../arm-none-eabi/lib/thumb/v7-m/nofp\libc_nano.a(libc_a-reent.o)
                              D:/software/STM32CubeIDE_1.16.1/STM32CubeIDE/plugins/com.st.stm32cube.ide.mcu.externaltools.gnu-tools-for-stm32.12.3.rel1.win32_1.0.200.202406191623/tools/bin/../lib/gcc/arm-none-eabi/12.3.1/../../../../arm-none-eabi/lib/thumb/v7-m/nofp\libc_nano.a(libc_a-closer.o) (errno)
D:/software/STM32CubeIDE_1.16.1/STM32CubeIDE/plugins/com.st.stm32cube.ide.mcu.externaltools.gnu-tools-for-stm32.12.3.rel1.win32_1.0.200.202406191623/tools/bin/../lib/gcc/arm-none-eabi/12.3.1/../../../../arm-none-eabi/lib/thumb/v7-m/nofp\libc_nano.a(libc_a-impure.o)
                              D:/software/STM32CubeIDE_1.16.1/STM32CubeIDE/plugins/com.st.stm32cube.ide.mcu.externaltools.gnu-tools-for-stm32.12.3.rel1.win32_1.0.200.202406191623/tools/bin/../lib/gcc/arm-none-eabi/12.3.1/../../../../arm-none-eabi/lib/thumb/v7-m/nofp\libc_nano.a(libc_a-vsnprintf.o) (_impure_ptr)
[...]
Memory Configuration

Name             Origin             Length             Attributes
RAM              0x20000000         0x00010000         xrw
FLASH            0x08000000         0x00080000         xr
*default*        0x00000000         0xffffffff

Linker script and memory map

LOAD D:/software/STM32CubeIDE_1.16.1/STM32CubeIDE/plugins/com.st.stm32cube.ide.mcu.externaltools.gnu-tools-for-stm32.12.3.rel1.win32_1.0.200.202406191623/tools/bin/../lib/gcc/arm-none-eabi/12.3.1/thumb/v7-m/nofp/crti.o
LOAD D:/software/STM32CubeIDE_1.16.1/STM32CubeIDE/plugins/com.st.stm32cube.ide.mcu.externaltools.gnu-tools-for-stm32.12.3.rel1.win32_1.0.200.202406191623/tools/bin/../lib/gcc/arm-none-eabi/12.3.1/thumb/v7-m/nofp/crtbegin.o
LOAD D:/software/STM32CubeIDE_1.16.1/STM32CubeIDE/plugins/com.st.stm32cube.ide.mcu.externaltools.gnu-tools-for-stm32.12.3.rel1.win32_1.0.200.202406191623/tools/bin/../lib/gcc/arm-none-eabi/12.3.1/../../../../arm-none-eabi/lib/thumb/v7-m/nofp/crt0.o
LOAD ./Core/Src/System/stm32f1xx_hal_msp.o
LOAD ./Core/Src/System/stm32f1xx_it.o
LOAD ./Core/Src/System/syscalls.o
LOAD ./Core/Src/System/sysmem.o
LOAD ./Core/Src/System/system_stm32f1xx.o
LOAD ./Core/Src/User/DMA.o
LOAD ./Core/Src/User/Fpga.o
LOAD ./Core/Src/User/Gpio.o
LOAD ./Core/Src/User/Init.o
LOAD ./Core/Src/User/Passthrough.o
LOAD ./Core/Src/User/Tim.o
LOAD ./Core/Src/User/Usart.o
LOAD ./Core/Src/User/main.o
LOAD ./Core/Startup/startup_stm32f103vetx.o
LOAD ./Drivers/SEGGER_RTT/Src/SEGGER_RTT.o
LOAD ./Drivers/SEGGER_RTT/Src/SEGGER_RTT_printf.o
LOAD ./Drivers/STM32F1xx_HAL_Driver/Src/stm32f1xx_hal.o
LOAD ./Drivers/STM32F1xx_HAL_Driver/Src/stm32f1xx_hal_cortex.o
LOAD ./Drivers/STM32F1xx_HAL_Driver/Src/stm32f1xx_hal_dma.o
LOAD ./Drivers/STM32F1xx_HAL_Driver/Src/stm32f1xx_hal_exti.o
LOAD ./Drivers/STM32F1xx_HAL_Driver/Src/stm32f1xx_hal_flash.o
LOAD ./Drivers/STM32F1xx_HAL_Driver/Src/stm32f1xx_hal_flash_ex.o
LOAD ./Drivers/STM32F1xx_HAL_Driver/Src/stm32f1xx_hal_gpio.o
LOAD ./Drivers/STM32F1xx_HAL_Driver/Src/stm32f1xx_hal_gpio_ex.o
LOAD ./Drivers/STM32F1xx_HAL_Driver/Src/stm32f1xx_hal_iwdg.o
LOAD ./Drivers/STM32F1xx_HAL_Driver/Src/stm32f1xx_hal_pwr.o
LOAD ./Drivers/STM32F1xx_HAL_Driver/Src/stm32f1xx_hal_rcc.o
LOAD ./Drivers/STM32F1xx_HAL_Driver/Src/stm32f1xx_hal_rcc_ex.o
LOAD ./Drivers/STM32F1xx_HAL_Driver/Src/stm32f1xx_hal_tim.o
LOAD ./Drivers/STM32F1xx_HAL_Driver/Src/stm32f1xx_hal_tim_ex.o
LOAD ./Drivers/STM32F1xx_HAL_Driver/Src/stm32f1xx_hal_uart.o
LOAD ./Drivers/STM32F1xx_HAL_Driver/Src/stm32f1xx_hal_wwdg.o
START GROUP
LOAD D:/software/STM32CubeIDE_1.16.1/STM32CubeIDE/plugins/com.st.stm32cube.ide.mcu.externaltools.gnu-tools-for-stm32.12.3.rel1.win32_1.0.200.202406191623/tools/bin/../lib/gcc/arm-none-eabi/12.3.1/../../../../arm-none-eabi/lib/thumb/v7-m/nofp\libc_nano.a
LOAD D:/software/STM32CubeIDE_1.16.1/STM32CubeIDE/plugins/com.st.stm32cube.ide.mcu.externaltools.gnu-tools-for-stm32.12.3.rel1.win32_1.0.200.202406191623/tools/bin/../lib/gcc/arm-none-eabi/12.3.1/../../../../arm-none-eabi/lib/thumb/v7-m/nofp\libm.a
END GROUP
START GROUP
LOAD D:/software/STM32CubeIDE_1.16.1/STM32CubeIDE/plugins/com.st.stm32cube.ide.mcu.externaltools.gnu-tools-for-stm32.12.3.rel1.win32_1.0.200.202406191623/tools/bin/../lib/gcc/arm-none-eabi/12.3.1/thumb/v7-m/nofp\libgcc.a
LOAD D:/software/STM32CubeIDE_1.16.1/STM32CubeIDE/plugins/com.st.stm32cube.ide.mcu.externaltools.gnu-tools-for-stm32.12.3.rel1.win32_1.0.200.202406191623/tools/bin/../lib/gcc/arm-none-eabi/12.3.1/../../../../arm-none-eabi/lib/thumb/v7-m/nofp\libc_nano.a
END GROUP
START GROUP
LOAD D:/software/STM32CubeIDE_1.16.1/STM32CubeIDE/plugins/com.st.stm32cube.ide.mcu.externaltools.gnu-tools-for-stm32.12.3.rel1.win32_1.0.200.202406191623/tools/bin/../lib/gcc/arm-none-eabi/12.3.1/thumb/v7-m/nofp\libgcc.a
LOAD D:/software/STM32CubeIDE_1.16.1/STM32CubeIDE/plugins/com.st.stm32cube.ide.mcu.externaltools.gnu-tools-for-stm32.12.3.rel1.win32_1.0.200.202406191623/tools/bin/../lib/gcc/arm-none-eabi/12.3.1/../../../../arm-none-eabi/lib/thumb/v7-m/nofp\libc_nano.a
LOAD D:/software/STM32CubeIDE_1.16.1/STM32CubeIDE/plugins/com.st.stm32cube.ide.mcu.externaltools.gnu-tools-for-stm32.12.3.rel1.win32_1.0.200.202406191623/tools/bin/../lib/gcc/arm-none-eabi/12.3.1/../../../../arm-none-eabi/lib/thumb/v7-m/nofp\libnosys.a
END GROUP
START GROUP
LOAD D:/software/STM32CubeIDE_1.16.1/STM32CubeIDE/plugins/com.st.stm32cube.ide.mcu.externaltools.gnu-tools-for-stm32.12.3.rel1.win32_1.0.200.202406191623/tools/bin/../lib/gcc/arm-none-eabi/12.3.1/thumb/v7-m/nofp\libgcc.a
LOAD D:/software/STM32CubeIDE_1.16.1/STM32CubeIDE/plugins/com.st.stm32cube.ide.mcu.externaltools.gnu-tools-for-stm32.12.3.rel1.win32_1.0.200.202406191623/tools/bin/../lib/gcc/arm-none-eabi/12.3.1/../../../../arm-none-eabi/lib/thumb/v7-m/nofp\libc_nano.a
LOAD D:/software/STM32CubeIDE_1.16.1/STM32CubeIDE/plugins/com.st.stm32cube.ide.mcu.externaltools.gnu-tools-for-stm32.12.3.rel1.win32_1.0.200.202406191623/tools/bin/../lib/gcc/arm-none-eabi/12.3.1/../../../../arm-none-eabi/lib/thumb/v7-m/nofp\libnosys.a
END GROUP
LOAD D:/software/STM32CubeIDE_1.16.1/STM32CubeIDE/plugins/com.st.stm32cube.ide.mcu.externaltools.gnu-tools-for-stm32.12.3.rel1.win32_1.0.200.202406191623/tools/bin/../lib/gcc/arm-none-eabi/12.3.1/thumb/v7-m/nofp/crtend.o
LOAD D:/software/STM32CubeIDE_1.16.1/STM32CubeIDE/plugins/com.st.stm32cube.ide.mcu.externaltools.gnu-tools-for-stm32.12.3.rel1.win32_1.0.200.202406191623/tools/bin/../lib/gcc/arm-none-eabi/12.3.1/thumb/v7-m/nofp/crtn.o
                0x20010000                        _estack = (ORIGIN (RAM) + LENGTH (RAM))
                0x00000200                        _Min_Heap_Size = 0x200
                0x00000400                        _Min_Stack_Size = 0x400

.isr_vector     0x08000000      0x1e4
                0x08000000                        . = ALIGN (0x4)
 *(.isr_vector)
 .isr_vector    0x08000000      0x1e4 ./Core/Startup/startup_stm32f103vetx.o
                0x08000000                g_pfnVectors
                0x080001e4                        . = ALIGN (0x4)

.text           0x080001e4     0x5a74
                0x080001e4                        . = ALIGN (0x4)
 *(.text)
 .text          0x080001e4       0x40 D:/software/STM32CubeIDE_1.16.1/STM32CubeIDE/plugins/com.st.stm32cube.ide.mcu.externaltools.gnu-tools-for-stm32.12.3.rel1.win32_1.0.200.202406191623/tools/bin/../lib/gcc/arm-none-eabi/12.3.1/thumb/v7-m/nofp/crtbegin.o
 *(.text*)
 .text.HAL_MspInit
                0x08000224       0x5c ./Core/Src/System/stm32f1xx_hal_msp.o
                0x08000224                HAL_MspInit
 .text.NMI_Handler
                0x08000280        0x8 ./Core/Src/System/stm32f1xx_it.o
                0x08000280                NMI_Handler
 .text.HardFault_Handler
                0x08000288        0x8 ./Core/Src/System/stm32f1xx_it.o
                0x08000288                HardFault_Handler
 .text.MemManage_Handler
                0x08000290        0x8 ./Core/Src/System/stm32f1xx_it.o
                0x08000290                MemManage_Handler
 .text.BusFault_Handler
                0x08000298        0x8 ./Core/Src/System/stm32f1xx_it.o
                0x08000298                BusFault_Handler
 .text.UsageFault_Handler
                0x080002a0        0x8 ./Core/Src/System/stm32f1xx_it.o
                0x080002a0                UsageFault_Handler
 .text.SVC_Handler
                0x080002a8        0xc ./Core/Src/System/stm32f1xx_it.o
                0x080002a8                SVC_Handler
 .text.DebugMon_Handler
                0x080002b4        0xc ./Core/Src/System/stm32f1xx_it.o
                0x080002b4                DebugMon_Handler
 .text.PendSV_Handler
                0x080002c0        0xc ./Core/Src/System/stm32f1xx_it.o
                0x080002c0                PendSV_Handler
 .text.SysTick_Handler
                0x080002cc        0xc ./Core/Src/System/stm32f1xx_it.o
                0x080002cc                SysTick_Handler
 .text.USART1_IRQHandler
                0x080002d8       0x14 ./Core/Src/System/stm32f1xx_it.o
                0x080002d8                USART1_IRQHandler
 .text.UART5_IRQHandler
                0x080002ec       0x14 ./Core/Src/System/stm32f1xx_it.o
                0x080002ec                UART5_IRQHandler
 .text.TIM6_IRQHandler
                0x08000300       0x14 ./Core/Src/System/stm32f1xx_it.o
                0x08000300                TIM6_IRQHandler
 .text._sbrk    0x08000314       0x6c ./Core/Src/System/sysmem.o
                0x08000314                _sbrk
 .text.SystemInit
                0x08000380        0xc ./Core/Src/System/system_stm32f1xx.o
                0x08000380                SystemInit
 .text.MX_DMA_Init
                0x0800038c       0x3c ./Core/Src/User/DMA.o
                0x0800038c                MX_DMA_Init
 .text.FPGA_init
                0x080003c8       0x58 ./Core/Src/User/Fpga.o
                0x080003c8                FPGA_init
 .text.Fpga_Read
                0x08000420      0x24c ./Core/Src/User/Fpga.o
                0x08000420                Fpga_Read
 .text.Fpga_Write
                0x0800066c      0x2a0 ./Core/Src/User/Fpga.o
                0x0800066c                Fpga_Write
 .text.Write_Fir_Parameter
                0x0800090c      0x178 ./Core/Src/User/Fpga.o
                0x0800090c                Write_Fir_Parameter
 .text.MX_GPIO_Init
                0x08000a84      0x17c ./Core/Src/User/Gpio.o
                0x08000a84                MX_GPIO_Init
 .text.init     0x08000c00       0x34 ./Core/Src/User/Init.o
                0x08000c00                init
 .text.SystemClock_Config
                0x08000c34       0x8a ./Core/Src/User/Init.o
                0x08000c34                SystemClock_Config
 *fill*         0x08000cbe        0x2 
 .text.MX_IWDG_Init
                0x08000cc0       0x34 ./Core/Src/User/Init.o
                0x08000cc0                MX_IWDG_Init
 .text.IWDG_FEED_DOG
                0x08000cf4       0x14 ./Core/Src/User/Init.o
                0x08000cf4                IWDG_FEED_DOG
 .text.Checksum_Reverse
                0x08000d08       0xb8 ./Core/Src/User/Init.o
                0x08000d08                Checksum_Reverse
 .text.Checksum_sum
                0x08000dc0       0x42 ./Core/Src/User/Init.o
                0x08000dc0                Checksum_sum
 .text.PRINT_LOG
                0x08000e02       0x76 ./Core/Src/User/Init.o
                0x08000e02                PRINT_LOG
 .text.Error_Handler
                0x08000e78        0xc ./Core/Src/User/Init.o
                0x08000e78                Error_Handler
 .text.ETH_CMDPOLL
                0x08000e84      0x1fc ./Core/Src/User/Passthrough.o
                0x08000e84                ETH_CMDPOLL
 .text.DOWN_DATAPOLL
                0x08001080       0x60 ./Core/Src/User/Passthrough.o
                0x08001080                DOWN_DATAPOLL
 .text.Sendtimestamp
                0x080010e0       0x60 ./Core/Src/User/Passthrough.o
                0x080010e0                Sendtimestamp
 .text.TIM_init
                0x08001140       0x18 ./Core/Src/User/Tim.o
                0x08001140                TIM_init
 .text.MX_TIM6_Init
                0x08001158       0x6c ./Core/Src/User/Tim.o
                0x08001158                MX_TIM6_Init
 .text.HAL_TIM_Base_MspInit
                0x080011c4       0x4c ./Core/Src/User/Tim.o
                0x080011c4                HAL_TIM_Base_MspInit
 .text.HAL_TIM_PeriodElapsedCallback
                0x08001210       0x60 ./Core/Src/User/Tim.o
                0x08001210                HAL_TIM_PeriodElapsedCallback
 .text.usart_init
                0x08001270       0x18 ./Core/Src/User/Usart.o
                0x08001270                usart_init
 .text.MX_UART4_Init
                0x08001288       0x54 ./Core/Src/User/Usart.o
                0x08001288                MX_UART4_Init
 .text.MX_UART5_Init
                0x080012dc       0x60 ./Core/Src/User/Usart.o
                0x080012dc                MX_UART5_Init
 .text.MX_USART1_UART_Init
                0x0800133c       0x6c ./Core/Src/User/Usart.o
                0x0800133c                MX_USART1_UART_Init
 .text.HAL_UART_MspInit
                0x080013a8      0x224 ./Core/Src/User/Usart.o
                0x080013a8                HAL_UART_MspInit
 .text.ComSendBuf
                0x080015cc       0x5c ./Core/Src/User/Usart.o
                0x080015cc                ComSendBuf
 .text.HAL_UART_RxCpltCallback
                0x08001628      0x834 ./Core/Src/User/Usart.o
                0x08001628                HAL_UART_RxCpltCallback
 .text.DMA1_Channel4_IRQHandler
                0x08001e5c       0x14 ./Core/Src/User/Usart.o
                0x08001e5c                DMA1_Channel4_IRQHandler
 .text.DMA2_Channel4_5_IRQHandler
                0x08001e70       0x14 ./Core/Src/User/Usart.o
                0x08001e70                DMA2_Channel4_5_IRQHandler
 .text.Downcmdsend
                0x08001e84      0x1b4 ./Core/Src/User/Usart.o
                0x08001e84                Downcmdsend
 .text.Downdatasend
                0x08002038      0x120 ./Core/Src/User/Usart.o
                0x08002038                Downdatasend
 .text.Resetstate
                0x08002158       0x74 ./Core/Src/User/Usart.o
                0x08002158                Resetstate
 .text.main     0x080021cc       0x2c ./Core/Src/User/main.o
                0x080021cc                main
 .text.Reset_Handler
                0x080021f8       0x48 ./Core/Startup/startup_stm32f103vetx.o
                0x080021f8                Reset_Handler
 .text.Default_Handler
                0x08002240        0x2 ./Core/Startup/startup_stm32f103vetx.o
                0x08002240                RTC_Alarm_IRQHandler
                0x08002240                EXTI2_IRQHandler
                0x08002240                TIM8_TRG_COM_IRQHandler
                0x08002240                TIM8_CC_IRQHandler
                0x08002240                TIM1_CC_IRQHandler
                0x08002240                PVD_IRQHandler
                0x08002240                SDIO_IRQHandler
                0x08002240                EXTI3_IRQHandler
                0x08002240                EXTI0_IRQHandler
                0x08002240                I2C2_EV_IRQHandler
                0x08002240                ADC1_2_IRQHandler
                0x08002240                SPI1_IRQHandler
                0x08002240                TAMPER_IRQHandler
                0x08002240                TIM8_UP_IRQHandler
                0x08002240                DMA2_Channel2_IRQHandler
                0x08002240                USART3_IRQHandler
                0x08002240                RTC_IRQHandler
                0x08002240                DMA1_Channel7_IRQHandler
                0x08002240                CAN1_RX1_IRQHandler
                0x08002240                ADC3_IRQHandler
                0x08002240                TIM4_IRQHandler
                0x08002240                DMA2_Channel1_IRQHandler
                0x08002240                I2C1_EV_IRQHandler
                0x08002240                DMA1_Channel6_IRQHandler
                0x08002240                UART4_IRQHandler
                0x08002240                TIM3_IRQHandler
                0x08002240                RCC_IRQHandler
                0x08002240                TIM1_TRG_COM_IRQHandler
                0x08002240                DMA1_Channel1_IRQHandler
                0x08002240                Default_Handler
                0x08002240                EXTI15_10_IRQHandler
                0x08002240                TIM7_IRQHandler
                0x08002240                TIM5_IRQHandler
                0x08002240                EXTI9_5_IRQHandler
                0x08002240                SPI2_IRQHandler
                0x08002240                DMA1_Channel5_IRQHandler
                0x08002240                EXTI4_IRQHandler
                0x08002240                USB_LP_CAN1_RX0_IRQHandler
                0x08002240                USB_HP_CAN1_TX_IRQHandler
                0x08002240                DMA1_Channel3_IRQHandler
                0x08002240                FSMC_IRQHandler
                0x08002240                TIM1_UP_IRQHandler
                0x08002240                WWDG_IRQHandler
                0x08002240                TIM2_IRQHandler
                0x08002240                TIM1_BRK_IRQHandler
                0x08002240                EXTI1_IRQHandler
                0x08002240                USART2_IRQHandler
                0x08002240                I2C2_ER_IRQHandler
                0x08002240                DMA1_Channel2_IRQHandler
                0x08002240                TIM8_BRK_IRQHandler
                0x08002240                CAN1_SCE_IRQHandler
                0x08002240                FLASH_IRQHandler
                0x08002240                SPI3_IRQHandler
                0x08002240                I2C1_ER_IRQHandler
                0x08002240                USBWakeUp_IRQHandler
                0x08002240                DMA2_Channel3_IRQHandler
 *fill*         0x08002242        0x2 
 .text._DoInit  0x08002244       0xa4 ./Drivers/SEGGER_RTT/Src/SEGGER_RTT.o
 .text._WriteBlocking
                0x080022e8       0xb4 ./Drivers/SEGGER_RTT/Src/SEGGER_RTT.o
 .text._WriteNoCheck
                0x0800239c       0x80 ./Drivers/SEGGER_RTT/Src/SEGGER_RTT.o
 .text._GetAvailWriteSpace
                0x0800241c       0x44 ./Drivers/SEGGER_RTT/Src/SEGGER_RTT.o
 .text.SEGGER_RTT_WriteNoLock
                0x08002460       0xa0 ./Drivers/SEGGER_RTT/Src/SEGGER_RTT.o
                0x08002460                SEGGER_RTT_WriteNoLock
 .text.SEGGER_RTT_Write
                0x08002500       0x48 ./Drivers/SEGGER_RTT/Src/SEGGER_RTT.o
                0x08002500                SEGGER_RTT_Write
 .text.SEGGER_RTT_Init
                0x08002548        0xc ./Drivers/SEGGER_RTT/Src/SEGGER_RTT.o
                0x08002548                SEGGER_RTT_Init
 .text.HAL_Init
                0x08002554       0x2c ./Drivers/STM32F1xx_HAL_Driver/Src/stm32f1xx_hal.o
                0x08002554                HAL_Init
 .text.HAL_InitTick
                0x08002580       0x60 ./Drivers/STM32F1xx_HAL_Driver/Src/stm32f1xx_hal.o
                0x08002580                HAL_InitTick
 .text.HAL_IncTick
                0x080025e0       0x24 ./Drivers/STM32F1xx_HAL_Driver/Src/stm32f1xx_hal.o
                0x080025e0                HAL_IncTick
 .text.HAL_GetTick
                0x08002604       0x14 ./Drivers/STM32F1xx_HAL_Driver/Src/stm32f1xx_hal.o
                0x08002604                HAL_GetTick
 .text.__NVIC_SetPriorityGrouping
                0x08002618       0x48 ./Drivers/STM32F1xx_HAL_Driver/Src/stm32f1xx_hal_cortex.o
 .text.__NVIC_GetPriorityGrouping
                0x08002660       0x1c ./Drivers/STM32F1xx_HAL_Driver/Src/stm32f1xx_hal_cortex.o
 .text.__NVIC_EnableIRQ
                0x0800267c       0x38 ./Drivers/STM32F1xx_HAL_Driver/Src/stm32f1xx_hal_cortex.o
 .text.__NVIC_SetPriority
                0x080026b4       0x54 ./Drivers/STM32F1xx_HAL_Driver/Src/stm32f1xx_hal_cortex.o
 .text.NVIC_EncodePriority
                0x08002708       0x64 ./Drivers/STM32F1xx_HAL_Driver/Src/stm32f1xx_hal_cortex.o
 .text.SysTick_Config
                0x0800276c       0x44 ./Drivers/STM32F1xx_HAL_Driver/Src/stm32f1xx_hal_cortex.o
 .text.HAL_NVIC_SetPriorityGrouping
                0x080027b0       0x16 ./Drivers/STM32F1xx_HAL_Driver/Src/stm32f1xx_hal_cortex.o
                0x080027b0                HAL_NVIC_SetPriorityGrouping
 .text.HAL_NVIC_SetPriority
                0x080027c6       0x38 ./Drivers/STM32F1xx_HAL_Driver/Src/stm32f1xx_hal_cortex.o
                0x080027c6                HAL_NVIC_SetPriority
 .text.HAL_NVIC_EnableIRQ
                0x080027fe       0x1c ./Drivers/STM32F1xx_HAL_Driver/Src/stm32f1xx_hal_cortex.o
                0x080027fe                HAL_NVIC_EnableIRQ
 .text.HAL_SYSTICK_Config
                0x0800281a       0x18 ./Drivers/STM32F1xx_HAL_Driver/Src/stm32f1xx_hal_cortex.o
                0x0800281a                HAL_SYSTICK_Config
 *fill*         0x08002832        0x2 
 .text.HAL_DMA_Init
                0x08002834       0xec ./Drivers/STM32F1xx_HAL_Driver/Src/stm32f1xx_hal_dma.o
                0x08002834                HAL_DMA_Init
 .text.HAL_DMA_Start_IT
                0x08002920       0xc0 ./Drivers/STM32F1xx_HAL_Driver/Src/stm32f1xx_hal_dma.o
                0x08002920                HAL_DMA_Start_IT
 .text.HAL_DMA_Abort
                0x080029e0       0x76 ./Drivers/STM32F1xx_HAL_Driver/Src/stm32f1xx_hal_dma.o
                0x080029e0                HAL_DMA_Abort
 *fill*         0x08002a56        0x2 
 .text.HAL_DMA_Abort_IT
                0x08002a58      0x210 ./Drivers/STM32F1xx_HAL_Driver/Src/stm32f1xx_hal_dma.o
                0x08002a58                HAL_DMA_Abort_IT
 .text.HAL_DMA_IRQHandler
                0x08002c68      0x478 ./Drivers/STM32F1xx_HAL_Driver/Src/stm32f1xx_hal_dma.o
                0x08002c68                HAL_DMA_IRQHandler
 .text.DMA_SetConfig
                0x080030e0       0x5a ./Drivers/STM32F1xx_HAL_Driver/Src/stm32f1xx_hal_dma.o
 *fill*         0x0800313a        0x2 
 .text.HAL_GPIO_Init
                0x0800313c      0x328 ./Drivers/STM32F1xx_HAL_Driver/Src/stm32f1xx_hal_gpio.o
                0x0800313c                HAL_GPIO_Init
 .text.HAL_GPIO_ReadPin
                0x08003464       0x2e ./Drivers/STM32F1xx_HAL_Driver/Src/stm32f1xx_hal_gpio.o
                0x08003464                HAL_GPIO_ReadPin
 .text.HAL_GPIO_WritePin
                0x08003492       0x30 ./Drivers/STM32F1xx_HAL_Driver/Src/stm32f1xx_hal_gpio.o
                0x08003492                HAL_GPIO_WritePin
 .text.HAL_GPIO_TogglePin
                0x080034c2       0x32 ./Drivers/STM32F1xx_HAL_Driver/Src/stm32f1xx_hal_gpio.o
                0x080034c2                HAL_GPIO_TogglePin
 .text.HAL_IWDG_Init
                0x080034f4       0x88 ./Drivers/STM32F1xx_HAL_Driver/Src/stm32f1xx_hal_iwdg.o
                0x080034f4                HAL_IWDG_Init
 .text.HAL_IWDG_Refresh
                0x0800357c       0x1e ./Drivers/STM32F1xx_HAL_Driver/Src/stm32f1xx_hal_iwdg.o
                0x0800357c                HAL_IWDG_Refresh
 *fill*         0x0800359a        0x2 
 .text.HAL_RCC_OscConfig
                0x0800359c      0x504 ./Drivers/STM32F1xx_HAL_Driver/Src/stm32f1xx_hal_rcc.o
                0x0800359c                HAL_RCC_OscConfig
 .text.HAL_RCC_ClockConfig
                0x08003aa0      0x1d4 ./Drivers/STM32F1xx_HAL_Driver/Src/stm32f1xx_hal_rcc.o
                0x08003aa0                HAL_RCC_ClockConfig
 .text.HAL_RCC_GetSysClockFreq
                0x08003c74       0xa8 ./Drivers/STM32F1xx_HAL_Driver/Src/stm32f1xx_hal_rcc.o
                0x08003c74                HAL_RCC_GetSysClockFreq
 .text.HAL_RCC_GetHCLKFreq
                0x08003d1c       0x14 ./Drivers/STM32F1xx_HAL_Driver/Src/stm32f1xx_hal_rcc.o
                0x08003d1c                HAL_RCC_GetHCLKFreq
 .text.HAL_RCC_GetPCLK1Freq
                0x08003d30       0x28 ./Drivers/STM32F1xx_HAL_Driver/Src/stm32f1xx_hal_rcc.o
                0x08003d30                HAL_RCC_GetPCLK1Freq
 .text.HAL_RCC_GetPCLK2Freq
                0x08003d58       0x28 ./Drivers/STM32F1xx_HAL_Driver/Src/stm32f1xx_hal_rcc.o
                0x08003d58                HAL_RCC_GetPCLK2Freq
 .text.RCC_Delay
                0x08003d80       0x3c ./Drivers/STM32F1xx_HAL_Driver/Src/stm32f1xx_hal_rcc.o
 .text.HAL_TIM_Base_Init
                0x08003dbc       0x9e ./Drivers/STM32F1xx_HAL_Driver/Src/stm32f1xx_hal_tim.o
                0x08003dbc                HAL_TIM_Base_Init
 *fill*         0x08003e5a        0x2 
 .text.HAL_TIM_Base_Start_IT
                0x08003e5c       0xc0 ./Drivers/STM32F1xx_HAL_Driver/Src/stm32f1xx_hal_tim.o
                0x08003e5c                HAL_TIM_Base_Start_IT
 .text.HAL_TIM_IRQHandler
                0x08003f1c      0x1e0 ./Drivers/STM32F1xx_HAL_Driver/Src/stm32f1xx_hal_tim.o
                0x08003f1c                HAL_TIM_IRQHandler
 .text.HAL_TIM_OC_DelayElapsedCallback
                0x080040fc       0x12 ./Drivers/STM32F1xx_HAL_Driver/Src/stm32f1xx_hal_tim.o
                0x080040fc                HAL_TIM_OC_DelayElapsedCallback
 .text.HAL_TIM_IC_CaptureCallback
                0x0800410e       0x12 ./Drivers/STM32F1xx_HAL_Driver/Src/stm32f1xx_hal_tim.o
                0x0800410e                HAL_TIM_IC_CaptureCallback
 .text.HAL_TIM_PWM_PulseFinishedCallback
                0x08004120       0x12 ./Drivers/STM32F1xx_HAL_Driver/Src/stm32f1xx_hal_tim.o
                0x08004120                HAL_TIM_PWM_PulseFinishedCallback
 .text.HAL_TIM_TriggerCallback
                0x08004132       0x12 ./Drivers/STM32F1xx_HAL_Driver/Src/stm32f1xx_hal_tim.o
                0x08004132                HAL_TIM_TriggerCallback
 .text.TIM_Base_SetConfig
                0x08004144      0x10c ./Drivers/STM32F1xx_HAL_Driver/Src/stm32f1xx_hal_tim.o
                0x08004144                TIM_Base_SetConfig
 .text.HAL_TIMEx_MasterConfigSynchronization
                0x08004250       0xd8 ./Drivers/STM32F1xx_HAL_Driver/Src/stm32f1xx_hal_tim_ex.o
                0x08004250                HAL_TIMEx_MasterConfigSynchronization
 .text.HAL_TIMEx_CommutCallback
                0x08004328       0x12 ./Drivers/STM32F1xx_HAL_Driver/Src/stm32f1xx_hal_tim_ex.o
                0x08004328                HAL_TIMEx_CommutCallback
 .text.HAL_TIMEx_BreakCallback
                0x0800433a       0x12 ./Drivers/STM32F1xx_HAL_Driver/Src/stm32f1xx_hal_tim_ex.o
                0x0800433a                HAL_TIMEx_BreakCallback
 .text.HAL_UART_Init
                0x0800434c       0xa0 ./Drivers/STM32F1xx_HAL_Driver/Src/stm32f1xx_hal_uart.o
                0x0800434c                HAL_UART_Init
 .text.HAL_UART_Transmit
                0x080043ec      0x116 ./Drivers/STM32F1xx_HAL_Driver/Src/stm32f1xx_hal_uart.o
                0x080043ec                HAL_UART_Transmit
 .text.HAL_UART_Receive_IT
                0x08004502       0x4a ./Drivers/STM32F1xx_HAL_Driver/Src/stm32f1xx_hal_uart.o
                0x08004502                HAL_UART_Receive_IT
 .text.HAL_UART_Transmit_DMA
                0x0800454c       0xe0 ./Drivers/STM32F1xx_HAL_Driver/Src/stm32f1xx_hal_uart.o
                0x0800454c                HAL_UART_Transmit_DMA
 .text.HAL_UART_IRQHandler
                0x0800462c      0x524 ./Drivers/STM32F1xx_HAL_Driver/Src/stm32f1xx_hal_uart.o
                0x0800462c                HAL_UART_IRQHandler
 .text.HAL_UART_TxCpltCallback
                0x08004b50       0x12 ./Drivers/STM32F1xx_HAL_Driver/Src/stm32f1xx_hal_uart.o
                0x08004b50                HAL_UART_TxCpltCallback
 .text.HAL_UART_TxHalfCpltCallback
                0x08004b62       0x12 ./Drivers/STM32F1xx_HAL_Driver/Src/stm32f1xx_hal_uart.o
                0x08004b62                HAL_UART_TxHalfCpltCallback
 .text.HAL_UART_ErrorCallback
                0x08004b74       0x12 ./Drivers/STM32F1xx_HAL_Driver/Src/stm32f1xx_hal_uart.o
                0x08004b74                HAL_UART_ErrorCallback
 .text.HAL_UARTEx_RxEventCallback
                0x08004b86       0x16 ./Drivers/STM32F1xx_HAL_Driver/Src/stm32f1xx_hal_uart.o
                0x08004b86                HAL_UARTEx_RxEventCallback
 .text.UART_DMATransmitCplt
                0x08004b9c       0x9a ./Drivers/STM32F1xx_HAL_Driver/Src/stm32f1xx_hal_uart.o
 .text.UART_DMATxHalfCplt
                0x08004c36       0x1c ./Drivers/STM32F1xx_HAL_Driver/Src/stm32f1xx_hal_uart.o
 .text.UART_DMAError
                0x08004c52       0x94 ./Drivers/STM32F1xx_HAL_Driver/Src/stm32f1xx_hal_uart.o
 .text.UART_WaitOnFlagUntilTimeout
                0x08004ce6       0xb2 ./Drivers/STM32F1xx_HAL_Driver/Src/stm32f1xx_hal_uart.o
 .text.UART_Start_Receive_IT
                0x08004d98       0x72 ./Drivers/STM32F1xx_HAL_Driver/Src/stm32f1xx_hal_uart.o
                0x08004d98                UART_Start_Receive_IT
 .text.UART_EndTxTransfer
                0x08004e0a       0x4e ./Drivers/STM32F1xx_HAL_Driver/Src/stm32f1xx_hal_uart.o
 .text.UART_EndRxTransfer
                0x08004e58       0xc4 ./Drivers/STM32F1xx_HAL_Driver/Src/stm32f1xx_hal_uart.o
 .text.UART_DMAAbortOnError
                0x08004f1c       0x28 ./Drivers/STM32F1xx_HAL_Driver/Src/stm32f1xx_hal_uart.o
 .text.UART_Transmit_IT
                0x08004f44       0x9e ./Drivers/STM32F1xx_HAL_Driver/Src/stm32f1xx_hal_uart.o
 .text.UART_EndTransmit_IT
                0x08004fe2       0x30 ./Drivers/STM32F1xx_HAL_Driver/Src/stm32f1xx_hal_uart.o
 .text.UART_Receive_IT
                0x08005012      0x17c ./Drivers/STM32F1xx_HAL_Driver/Src/stm32f1xx_hal_uart.o
 *fill*         0x0800518e        0x2 
 .text.UART_SetConfig
                0x08005190      0x11c ./Drivers/STM32F1xx_HAL_Driver/Src/stm32f1xx_hal_uart.o
 .text._vsnprintf_r
                0x080052ac       0x56 D:/software/STM32CubeIDE_1.16.1/STM32CubeIDE/plugins/com.st.stm32cube.ide.mcu.externaltools.gnu-tools-for-stm32.12.3.rel1.win32_1.0.200.202406191623/tools/bin/../lib/gcc/arm-none-eabi/12.3.1/../../../../arm-none-eabi/lib/thumb/v7-m/nofp\libc_nano.a(libc_a-vsnprintf.o)
                0x080052ac                _vsniprintf_r
                0x080052ac                _vsnprintf_r
 *fill*         0x08005302        0x2 
 .text.vsnprintf
                0x08005304       0x1c D:/software/STM32CubeIDE_1.16.1/STM32CubeIDE/plugins/com.st.stm32cube.ide.mcu.externaltools.gnu-tools-for-stm32.12.3.rel1.win32_1.0.200.202406191623/tools/bin/../lib/gcc/arm-none-eabi/12.3.1/../../../../arm-none-eabi/lib/thumb/v7-m/nofp\libc_nano.a(libc_a-vsnprintf.o)
                0x08005304                vsniprintf
                0x08005304                vsnprintf
 .text.memset   0x08005320       0x10 D:/software/STM32CubeIDE_1.16.1/STM32CubeIDE/plugins/com.st.stm32cube.ide.mcu.externaltools.gnu-tools-for-stm32.12.3.rel1.win32_1.0.200.202406191623/tools/bin/../lib/gcc/arm-none-eabi/12.3.1/../../../../arm-none-eabi/lib/thumb/v7-m/nofp\libc_nano.a(libc_a-memset.o)
                0x08005320                memset
 .text.__errno  0x08005330        0xc D:/software/STM32CubeIDE_1.16.1/STM32CubeIDE/plugins/com.st.stm32cube.ide.mcu.externaltools.gnu-tools-for-stm32.12.3.rel1.win32_1.0.200.202406191623/tools/bin/../lib/gcc/arm-none-eabi/12.3.1/../../../../arm-none-eabi/lib/thumb/v7-m/nofp\libc_nano.a(libc_a-errno.o)
                0x08005330                __errno
 .text.__libc_init_array
                0x0800533c       0x48 D:/software/STM32CubeIDE_1.16.1/STM32CubeIDE/plugins/com.st.stm32cube.ide.mcu.externaltools.gnu-tools-for-stm32.12.3.rel1.win32_1.0.200.202406191623/tools/bin/../lib/gcc/arm-none-eabi/12.3.1/../../../../arm-none-eabi/lib/thumb/v7-m/nofp\libc_nano.a(libc_a-init.o)
                0x0800533c                __libc_init_array
 .text.__retarget_lock_acquire_recursive
                0x08005384        0x2 D:/software/STM32CubeIDE_1.16.1/STM32CubeIDE/plugins/com.st.stm32cube.ide.mcu.externaltools.gnu-tools-for-stm32.12.3.rel1.win32_1.0.200.202406191623/tools/bin/../lib/gcc/arm-none-eabi/12.3.1/../../../../arm-none-eabi/lib/thumb/v7-m/nofp\libc_nano.a(libc_a-lock.o)
                0x08005384                __retarget_lock_acquire_recursive
 .text.__retarget_lock_release_recursive
                0x08005386        0x2 D:/software/STM32CubeIDE_1.16.1/STM32CubeIDE/plugins/com.st.stm32cube.ide.mcu.externaltools.gnu-tools-for-stm32.12.3.rel1.win32_1.0.200.202406191623/tools/bin/../lib/gcc/arm-none-eabi/12.3.1/../../../../arm-none-eabi/lib/thumb/v7-m/nofp\libc_nano.a(libc_a-lock.o)
                0x08005386                __retarget_lock_release_recursive
 .text.memcpy   0x08005388       0x1c D:/software/STM32CubeIDE_1.16.1/STM32CubeIDE/plugins/com.st.stm32cube.ide.mcu.externaltools.gnu-tools-for-stm32.12.3.rel1.win32_1.0.200.202406191623/tools/bin/../lib/gcc/arm-none-eabi/12.3.1/../../../../arm-none-eabi/lib/thumb/v7-m/nofp\libc_nano.a(libc_a-memcpy-stub.o)
                0x08005388                memcpy
 .text._free_r  0x080053a4       0x90 D:/software/STM32CubeIDE_1.16.1/STM32CubeIDE/plugins/com.st.stm32cube.ide.mcu.externaltools.gnu-tools-for-stm32.12.3.rel1.win32_1.0.200.202406191623/tools/bin/../lib/gcc/arm-none-eabi/12.3.1/../../../../arm-none-eabi/lib/thumb/v7-m/nofp\libc_nano.a(libc_a-freer.o)
                0x080053a4                _free_r
 .text.sbrk_aligned
                0x08005434       0x44 D:/software/STM32CubeIDE_1.16.1/STM32CubeIDE/plugins/com.st.stm32cube.ide.mcu.externaltools.gnu-tools-for-stm32.12.3.rel1.win32_1.0.200.202406191623/tools/bin/../lib/gcc/arm-none-eabi/12.3.1/../../../../arm-none-eabi/lib/thumb/v7-m/nofp\libc_nano.a(libc_a-mallocr.o)
 .text._malloc_r
                0x08005478      0x100 D:/software/STM32CubeIDE_1.16.1/STM32CubeIDE/plugins/com.st.stm32cube.ide.mcu.externaltools.gnu-tools-for-stm32.12.3.rel1.win32_1.0.200.202406191623/tools/bin/../lib/gcc/arm-none-eabi/12.3.1/../../../../arm-none-eabi/lib/thumb/v7-m/nofp\libc_nano.a(libc_a-mallocr.o)
                0x08005478                _malloc_r
 .text.__malloc_lock
                0x08005578        0xc D:/software/STM32CubeIDE_1.16.1/STM32CubeIDE/plugins/com.st.stm32cube.ide.mcu.externaltools.gnu-tools-for-stm32.12.3.rel1.win32_1.0.200.202406191623/tools/bin/../lib/gcc/arm-none-eabi/12.3.1/../../../../arm-none-eabi/lib/thumb/v7-m/nofp\libc_nano.a(libc_a-mlock.o)
                0x08005578                __malloc_lock
 .text.__malloc_unlock
                0x08005584        0xc D:/software/STM32CubeIDE_1.16.1/STM32CubeIDE/plugins/com.st.stm32cube.ide.mcu.externaltools.gnu-tools-for-stm32.12.3.rel1.win32_1.0.200.202406191623/tools/bin/../lib/gcc/arm-none-eabi/12.3.1/../../../../arm-none-eabi/lib/thumb/v7-m/nofp\libc_nano.a(libc_a-mlock.o)
                0x08005584                __malloc_unlock
 .text.__ssputs_r
                0x08005590       0xb6 D:/software/STM32CubeIDE_1.16.1/STM32CubeIDE/plugins/com.st.stm32cube.ide.mcu.externaltools.gnu-tools-for-stm32.12.3.rel1.win32_1.0.200.202406191623/tools/bin/../lib/gcc/arm-none-eabi/12.3.1/../../../../arm-none-eabi/lib/thumb/v7-m/nofp\libc_nano.a(libc_a-nano-svfprintf.o)
                0x08005590                __ssputs_r
 *fill*         0x08005646        0x2 
 .text._svfprintf_r
                0x08005648      0x1f8 D:/software/STM32CubeIDE_1.16.1/STM32CubeIDE/plugins/com.st.stm32cube.ide.mcu.externaltools.gnu-tools-for-stm32.12.3.rel1.win32_1.0.200.202406191623/tools/bin/../lib/gcc/arm-none-eabi/12.3.1/../../../../arm-none-eabi/lib/thumb/v7-m/nofp\libc_nano.a(libc_a-nano-svfprintf.o)
                0x08005648                _svfiprintf_r
                0x08005648                _svfprintf_r
 .text._printf_common
                0x08005840       0xe4 D:/software/STM32CubeIDE_1.16.1/STM32CubeIDE/plugins/com.st.stm32cube.ide.mcu.externaltools.gnu-tools-for-stm32.12.3.rel1.win32_1.0.200.202406191623/tools/bin/../lib/gcc/arm-none-eabi/12.3.1/../../../../arm-none-eabi/lib/thumb/v7-m/nofp\libc_nano.a(libc_a-nano-vfprintf_i.o)
                0x08005840                _printf_common
 .text._printf_i
                0x08005924      0x240 D:/software/STM32CubeIDE_1.16.1/STM32CubeIDE/plugins/com.st.stm32cube.ide.mcu.externaltools.gnu-tools-for-stm32.12.3.rel1.win32_1.0.200.202406191623/tools/bin/../lib/gcc/arm-none-eabi/12.3.1/../../../../arm-none-eabi/lib/thumb/v7-m/nofp\libc_nano.a(libc_a-nano-vfprintf_i.o)
                0x08005924                _printf_i
 .text.memmove  0x08005b64       0x34 D:/software/STM32CubeIDE_1.16.1/STM32CubeIDE/plugins/com.st.stm32cube.ide.mcu.externaltools.gnu-tools-for-stm32.12.3.rel1.win32_1.0.200.202406191623/tools/bin/../lib/gcc/arm-none-eabi/12.3.1/../../../../arm-none-eabi/lib/thumb/v7-m/nofp\libc_nano.a(libc_a-memmove.o)
                0x08005b64                memmove
 .text._sbrk_r  0x08005b98       0x20 D:/software/STM32CubeIDE_1.16.1/STM32CubeIDE/plugins/com.st.stm32cube.ide.mcu.externaltools.gnu-tools-for-stm32.12.3.rel1.win32_1.0.200.202406191623/tools/bin/../lib/gcc/arm-none-eabi/12.3.1/../../../../arm-none-eabi/lib/thumb/v7-m/nofp\libc_nano.a(libc_a-sbrkr.o)
                0x08005b98                _sbrk_r
 .text.memchr   0x08005bb8       0x1c D:/software/STM32CubeIDE_1.16.1/STM32CubeIDE/plugins/com.st.stm32cube.ide.mcu.externaltools.gnu-tools-for-stm32.12.3.rel1.win32_1.0.200.202406191623/tools/bin/../lib/gcc/arm-none-eabi/12.3.1/../../../../arm-none-eabi/lib/thumb/v7-m/nofp\libc_nano.a(libc_a-memchr-stub.o)
                0x08005bb8                memchr
 .text._realloc_r
                0x08005bd4       0x5c D:/software/STM32CubeIDE_1.16.1/STM32CubeIDE/plugins/com.st.stm32cube.ide.mcu.externaltools.gnu-tools-for-stm32.12.3.rel1.win32_1.0.200.202406191623/tools/bin/../lib/gcc/arm-none-eabi/12.3.1/../../../../arm-none-eabi/lib/thumb/v7-m/nofp\libc_nano.a(libc_a-reallocr.o)
                0x08005bd4                _realloc_r
 .text._malloc_usable_size_r
                0x08005c30       0x10 D:/software/STM32CubeIDE_1.16.1/STM32CubeIDE/plugins/com.st.stm32cube.ide.mcu.externaltools.gnu-tools-for-stm32.12.3.rel1.win32_1.0.200.202406191623/tools/bin/../lib/gcc/arm-none-eabi/12.3.1/../../../../arm-none-eabi/lib/thumb/v7-m/nofp\libc_nano.a(libc_a-msizer.o)
                0x08005c30                _malloc_usable_size_r
 *(.glue_7)
 .glue_7        0x08005c40        0x0 linker stubs
 *(.glue_7t)
 .glue_7t       0x08005c40        0x0 linker stubs
 *(.eh_frame)
 .eh_frame      0x08005c40        0x0 D:/software/STM32CubeIDE_1.16.1/STM32CubeIDE/plugins/com.st.stm32cube.ide.mcu.externaltools.gnu-tools-for-stm32.12.3.rel1.win32_1.0.200.202406191623/tools/bin/../lib/gcc/arm-none-eabi/12.3.1/thumb/v7-m/nofp/crtbegin.o
 *(.init)
 .init          0x08005c40        0x4 D:/software/STM32CubeIDE_1.16.1/STM32CubeIDE/plugins/com.st.stm32cube.ide.mcu.externaltools.gnu-tools-for-stm32.12.3.rel1.win32_1.0.200.202406191623/tools/bin/../lib/gcc/arm-none-eabi/12.3.1/thumb/v7-m/nofp/crti.o
                0x08005c40                _init
 .init          0x08005c44        0x8 D:/software/STM32CubeIDE_1.16.1/STM32CubeIDE/plugins/com.st.stm32cube.ide.mcu.externaltools.gnu-tools-for-stm32.12.3.rel1.win32_1.0.200.202406191623/tools/bin/../lib/gcc/arm-none-eabi/12.3.1/thumb/v7-m/nofp/crtn.o
 *(.fini)
 .fini          0x08005c4c        0x4 D:/software/STM32CubeIDE_1.16.1/STM32CubeIDE/plugins/com.st.stm32cube.ide.mcu.externaltools.gnu-tools-for-stm32.12.3.rel1.win32_1.0.200.202406191623/tools/bin/../lib/gcc/arm-none-eabi/12.3.1/thumb/v7-m/nofp/crti.o
                0x08005c4c                _fini
 .fini          0x08005c50        0x8 D:/software/STM32CubeIDE_1.16.1/STM32CubeIDE/plugins/com.st.stm32cube.ide.mcu.externaltools.gnu-tools-for-stm32.12.3.rel1.win32_1.0.200.202406191623/tools/bin/../lib/gcc/arm-none-eabi/12.3.1/thumb/v7-m/nofp/crtn.o
                0x08005c58                        . = ALIGN (0x4)
                0x08005c58                        _etext = .

.vfp11_veneer   0x08005c58        0x0
 .vfp11_veneer  0x08005c58        0x0 linker stubs

.v4_bx          0x08005c58        0x0
 .v4_bx         0x08005c58        0x0 linker stubs

.iplt           0x08005c58        0x0
 .iplt          0x08005c58        0x0 D:/software/STM32CubeIDE_1.16.1/STM32CubeIDE/plugins/com.st.stm32cube.ide.mcu.externaltools.gnu-tools-for-stm32.12.3.rel1.win32_1.0.200.202406191623/tools/bin/../lib/gcc/arm-none-eabi/12.3.1/thumb/v7-m/nofp/crtbegin.o

.rodata         0x08005c58      0x4c4
                0x08005c58                        . = ALIGN (0x4)
 *(.rodata)
 .rodata        0x08005c58        0xb ./Core/Src/User/Init.o
 *fill*         0x08005c63        0x1 
 .rodata        0x08005c64       0x42 ./Core/Src/User/Passthrough.o
 *fill*         0x08005ca6        0x2 
 .rodata        0x08005ca8       0x17 ./Drivers/SEGGER_RTT/Src/SEGGER_RTT.o
 *(.rodata*)
 *fill*         0x08005cbf        0x1 
 .rodata.AHBPrescTable
                0x08005cc0       0x10 ./Core/Src/System/system_stm32f1xx.o
                0x08005cc0                AHBPrescTable
 .rodata.APBPrescTable
                0x08005cd0        0x8 ./Core/Src/System/system_stm32f1xx.o
                0x08005cd0                APBPrescTable
 .rodata.FIR_Parameter
                0x08005cd8      0x3fc ./Core/Src/User/Fpga.o
                0x08005cd8                FIR_Parameter
 .rodata.aPLLMULFactorTable.1
                0x080060d4       0x10 ./Drivers/STM32F1xx_HAL_Driver/Src/stm32f1xx_hal_rcc.o
 .rodata.aPredivFactorTable.0
                0x080060e4        0x2 ./Drivers/STM32F1xx_HAL_Driver/Src/stm32f1xx_hal_rcc.o
 .rodata._svfprintf_r.str1.1
                0x080060e6       0x11 D:/software/STM32CubeIDE_1.16.1/STM32CubeIDE/plugins/com.st.stm32cube.ide.mcu.externaltools.gnu-tools-for-stm32.12.3.rel1.win32_1.0.200.202406191623/tools/bin/../lib/gcc/arm-none-eabi/12.3.1/../../../../arm-none-eabi/lib/thumb/v7-m/nofp\libc_nano.a(libc_a-nano-svfprintf.o)
 .rodata._printf_i.str1.1
                0x080060f7       0x22 D:/software/STM32CubeIDE_1.16.1/STM32CubeIDE/plugins/com.st.stm32cube.ide.mcu.externaltools.gnu-tools-for-stm32.12.3.rel1.win32_1.0.200.202406191623/tools/bin/../lib/gcc/arm-none-eabi/12.3.1/../../../../arm-none-eabi/lib/thumb/v7-m/nofp\libc_nano.a(libc_a-nano-vfprintf_i.o)
                0x0800611c                        . = ALIGN (0x4)
 *fill*         0x08006119        0x3 

.ARM.extab      0x0800611c        0x0
                0x0800611c                        . = ALIGN (0x4)
 *(.ARM.extab* .gnu.linkonce.armextab.*)
                0x0800611c                        . = ALIGN (0x4)

.ARM            0x0800611c        0x0
                0x0800611c                        . = ALIGN (0x4)
                0x0800611c                        __exidx_start = .
 *(.ARM.exidx*)
                0x0800611c                        __exidx_end = .
                0x0800611c                        . = ALIGN (0x4)

.preinit_array  0x0800611c        0x0
                0x0800611c                        . = ALIGN (0x4)
                0x0800611c                        PROVIDE (__preinit_array_start = .)
 *(.preinit_array*)
                0x0800611c                        PROVIDE (__preinit_array_end = .)
                0x0800611c                        . = ALIGN (0x4)

.init_array     0x0800611c        0x4
                0x0800611c                        . = ALIGN (0x4)
                0x0800611c                        PROVIDE (__init_array_start = .)
 *(SORT_BY_NAME(.init_array.*))
 *(.init_array*)
 .init_array    0x0800611c        0x4 D:/software/STM32CubeIDE_1.16.1/STM32CubeIDE/plugins/com.st.stm32cube.ide.mcu.externaltools.gnu-tools-for-stm32.12.3.rel1.win32_1.0.200.202406191623/tools/bin/../lib/gcc/arm-none-eabi/12.3.1/thumb/v7-m/nofp/crtbegin.o
                0x08006120                        PROVIDE (__init_array_end = .)
                0x08006120                        . = ALIGN (0x4)

.fini_array     0x08006120        0x4
                0x08006120                        . = ALIGN (0x4)
                [!provide]                        PROVIDE (__fini_array_start = .)
 *(SORT_BY_NAME(.fini_array.*))
 *(.fini_array*)
 .fini_array    0x08006120        0x4 D:/software/STM32CubeIDE_1.16.1/STM32CubeIDE/plugins/com.st.stm32cube.ide.mcu.externaltools.gnu-tools-for-stm32.12.3.rel1.win32_1.0.200.202406191623/tools/bin/../lib/gcc/arm-none-eabi/12.3.1/thumb/v7-m/nofp/crtbegin.o
                [!provide]                        PROVIDE (__fini_array_end = .)
                0x08006124                        . = ALIGN (0x4)
                0x08006124                        _sidata = LOADADDR (.data)

.rel.dyn        0x08006124        0x0
 .rel.iplt      0x08006124        0x0 D:/software/STM32CubeIDE_1.16.1/STM32CubeIDE/plugins/com.st.stm32cube.ide.mcu.externaltools.gnu-tools-for-stm32.12.3.rel1.win32_1.0.200.202406191623/tools/bin/../lib/gcc/arm-none-eabi/12.3.1/thumb/v7-m/nofp/crtbegin.o

.data           0x20000000      0x16c load address 0x08006124
                0x20000000                        . = ALIGN (0x4)
                0x20000000                        _sdata = .
 *(.data)
 *(.data*)
 .data.SystemCoreClock
                0x20000000        0x4 ./Core/Src/System/system_stm32f1xx.o
                0x20000000                SystemCoreClock
 .data.Sampleperiod
                0x20000004        0x2 ./Core/Src/User/Passthrough.o
                0x20000004                Sampleperiod
 .data.Sertableactflag
                0x20000006        0x1 ./Core/Src/User/Passthrough.o
                0x20000006                Sertableactflag
 *fill*         0x20000007        0x1 
 .data.Timestampbuf
                0x20000008        0xa ./Core/Src/User/Passthrough.o
                0x20000008                Timestampbuf
 *fill*         0x20000012        0x2 
 .data.Downdataloadbuf
                0x20000014      0x100 ./Core/Src/User/Usart.o
                0x20000014                Downdataloadbuf
 .data.uwTickPrio
                0x20000114        0x4 ./Drivers/STM32F1xx_HAL_Driver/Src/stm32f1xx_hal.o
                0x20000114                uwTickPrio
 .data.uwTickFreq
                0x20000118        0x1 ./Drivers/STM32F1xx_HAL_Driver/Src/stm32f1xx_hal.o
                0x20000118                uwTickFreq
 *fill*         0x20000119        0x3 
 .data._impure_ptr
                0x2000011c        0x4 D:/software/STM32CubeIDE_1.16.1/STM32CubeIDE/plugins/com.st.stm32cube.ide.mcu.externaltools.gnu-tools-for-stm32.12.3.rel1.win32_1.0.200.202406191623/tools/bin/../lib/gcc/arm-none-eabi/12.3.1/../../../../arm-none-eabi/lib/thumb/v7-m/nofp\libc_nano.a(libc_a-impure.o)
                0x2000011c                _impure_ptr
 .data._impure_data
                0x20000120       0x4c D:/software/STM32CubeIDE_1.16.1/STM32CubeIDE/plugins/com.st.stm32cube.ide.mcu.externaltools.gnu-tools-for-stm32.12.3.rel1.win32_1.0.200.202406191623/tools/bin/../lib/gcc/arm-none-eabi/12.3.1/../../../../arm-none-eabi/lib/thumb/v7-m/nofp\libc_nano.a(libc_a-impure.o)
                0x20000120                _impure_data
 *(.RamFunc)
 *(.RamFunc*)
                0x2000016c                        . = ALIGN (0x4)
                0x2000016c                        _edata = .

.igot.plt       0x2000016c        0x0 load address 0x08006290
 .igot.plt      0x2000016c        0x0 D:/software/STM32CubeIDE_1.16.1/STM32CubeIDE/plugins/com.st.stm32cube.ide.mcu.externaltools.gnu-tools-for-stm32.12.3.rel1.win32_1.0.200.202406191623/tools/bin/../lib/gcc/arm-none-eabi/12.3.1/thumb/v7-m/nofp/crtbegin.o
                0x2000016c                        . = ALIGN (0x4)

.bss            0x2000016c      0xcc0 load address 0x08006290
                0x2000016c                        _sbss = .
                0x2000016c                        __bss_start__ = _sbss
 *(.bss)
 .bss           0x2000016c       0x1c D:/software/STM32CubeIDE_1.16.1/STM32CubeIDE/plugins/com.st.stm32cube.ide.mcu.externaltools.gnu-tools-for-stm32.12.3.rel1.win32_1.0.200.202406191623/tools/bin/../lib/gcc/arm-none-eabi/12.3.1/thumb/v7-m/nofp/crtbegin.o
 *(.bss*)
 .bss.__sbrk_heap_end
                0x20000188        0x4 ./Core/Src/System/sysmem.o
 .bss.GPIO_InitStruct
                0x2000018c       0x10 ./Core/Src/User/Fpga.o
                0x2000018c                GPIO_InitStruct
 .bss.fp_online
                0x2000019c        0x1 ./Core/Src/User/Fpga.o
                0x2000019c                fp_online
 *fill*         0x2000019d        0x3 
 .bss.iwdg      0x200001a0        0xc ./Core/Src/User/Init.o
                0x200001a0                iwdg
 .bss.ToolID    0x200001ac        0x1 ./Core/Src/User/Passthrough.o
                0x200001ac                ToolID
 .bss.Subsetnumber
                0x200001ad        0x1 ./Core/Src/User/Passthrough.o
                0x200001ad                Subsetnumber
 .bss.Tool_Datalen
                0x200001ae        0x2 ./Core/Src/User/Passthrough.o
                0x200001ae                Tool_Datalen
 .bss.Delaytime
                0x200001b0        0x2 ./Core/Src/User/Passthrough.o
                0x200001b0                Delaytime
 .bss.Teleset   0x200001b2        0x1 ./Core/Src/User/Passthrough.o
                0x200001b2                Teleset
 .bss.Data_reserve
                0x200001b3        0x1 ./Core/Src/User/Passthrough.o
                0x200001b3                Data_reserve
 .bss.TOOLCONTRALCMD
                0x200001b4        0x1 ./Core/Src/User/Passthrough.o
                0x200001b4                TOOLCONTRALCMD
 *fill*         0x200001b5        0x1 
 .bss.Sertableactlen
                0x200001b6        0x2 ./Core/Src/User/Passthrough.o
                0x200001b6                Sertableactlen
 .bss.Contralcmdlen
                0x200001b8        0x2 ./Core/Src/User/Passthrough.o
                0x200001b8                Contralcmdlen
 .bss.resendtpe
                0x200001ba        0x1 ./Core/Src/User/Passthrough.o
                0x200001ba                resendtpe
 *fill*         0x200001bb        0x1 
 .bss.htim6     0x200001bc       0x48 ./Core/Src/User/Tim.o
                0x200001bc                htim6
 .bss.isdowndcmdreport
                0x20000204        0x2 ./Core/Src/User/Tim.o
                0x20000204                isdowndcmdreport
 .bss.istimestampreport
                0x20000206        0x1 ./Core/Src/User/Tim.o
                0x20000206                istimestampreport
 *fill*         0x20000207        0x1 
 .bss.Report_Timestamp
                0x20000208        0x4 ./Core/Src/User/Tim.o
                0x20000208                Report_Timestamp
 .bss.Downdatatimeoutnum
                0x2000020c        0x2 ./Core/Src/User/Tim.o
                0x2000020c                Downdatatimeoutnum
 *fill*         0x2000020e        0x2 
 .bss.Uart1_RxBuff
                0x20000210        0x1 ./Core/Src/User/Usart.o
                0x20000210                Uart1_RxBuff
 *fill*         0x20000211        0x3 
 .bss.Uart5_RxBuff
                0x20000214        0x1 ./Core/Src/User/Usart.o
                0x20000214                Uart5_RxBuff
 *fill*         0x20000215        0x3 
 .bss.huart4    0x20000218       0x48 ./Core/Src/User/Usart.o
                0x20000218                huart4
 .bss.huart5    0x20000260       0x48 ./Core/Src/User/Usart.o
                0x20000260                huart5
 .bss.huart1    0x200002a8       0x48 ./Core/Src/User/Usart.o
                0x200002a8                huart1
 .bss.hdma_usart1_tx
                0x200002f0       0x44 ./Core/Src/User/Usart.o
                0x200002f0                hdma_usart1_tx
 .bss.hdma_usart4_tx
                0x20000334       0x44 ./Core/Src/User/Usart.o
                0x20000334                hdma_usart4_tx
 .bss.ETHdatastate
                0x20000378        0x1 ./Core/Src/User/Usart.o
                0x20000378                ETHdatastate
 .bss.DOWNdatastate
                0x20000379        0x1 ./Core/Src/User/Usart.o
                0x20000379                DOWNdatastate
 .bss.ETHdataheadnum
                0x2000037a        0x1 ./Core/Src/User/Usart.o
                0x2000037a                ETHdataheadnum
 .bss.DOWNheaddatanum
                0x2000037b        0x1 ./Core/Src/User/Usart.o
                0x2000037b                DOWNheaddatanum
 .bss.ETHdatabodynum
                0x2000037c        0x1 ./Core/Src/User/Usart.o
                0x2000037c                ETHdatabodynum
 .bss.DOWNdatabodynum
                0x2000037d        0x1 ./Core/Src/User/Usart.o
                0x2000037d                DOWNdatabodynum
 .bss.OveralltypeH
                0x2000037e        0x1 ./Core/Src/User/Usart.o
                0x2000037e                OveralltypeH
 .bss.OveralltypeL
                0x2000037f        0x1 ./Core/Src/User/Usart.o
                0x2000037f                OveralltypeL
 .bss.Totaltype
                0x20000380        0x1 ./Core/Src/User/Usart.o
                0x20000380                Totaltype
 *fill*         0x20000381        0x3 
 .bss.ETHdatabuf
                0x20000384      0x100 ./Core/Src/User/Usart.o
                0x20000384                ETHdatabuf
 .bss.DOWNdatabuf
                0x20000484      0x100 ./Core/Src/User/Usart.o
                0x20000484                DOWNdatabuf
 .bss.ETHbodybuf
                0x20000584      0x100 ./Core/Src/User/Usart.o
                0x20000584                ETHbodybuf
 .bss.DOWNbodybuf
                0x20000684      0x100 ./Core/Src/User/Usart.o
                0x20000684                DOWNbodybuf
 .bss.ETHdatalen
                0x20000784        0x2 ./Core/Src/User/Usart.o
                0x20000784                ETHdatalen
 .bss.DOWNdatalen
                0x20000786        0x2 ./Core/Src/User/Usart.o
                0x20000786                DOWNdatalen
 .bss.Workmode  0x20000788        0x1 ./Core/Src/User/Usart.o
                0x20000788                Workmode
 .bss.Tooladdress
                0x20000789        0x1 ./Core/Src/User/Usart.o
                0x20000789                Tooladdress
 .bss.Cmdword   0x2000078a        0x2 ./Core/Src/User/Usart.o
                0x2000078a                Cmdword
 .bss.Timestampnum
                0x2000078c        0x1 ./Core/Src/User/Usart.o
                0x2000078c                Timestampnum
 *fill*         0x2000078d        0x3 
 .bss.ETH_Timestamp
                0x20000790        0x4 ./Core/Src/User/Usart.o
                0x20000790                ETH_Timestamp
 .bss.Overtime  0x20000794        0x2 ./Core/Src/User/Usart.o
                0x20000794                Overtime
 .bss.Reserve   0x20000796        0x2 ./Core/Src/User/Usart.o
                0x20000796                Reserve
 .bss.ETH_Checksum
                0x20000798        0x2 ./Core/Src/User/Usart.o
                0x20000798                ETH_Checksum
 .bss.DOWN_Checksum
                0x2000079a        0x2 ./Core/Src/User/Usart.o
                0x2000079a                DOWN_Checksum
 .bss.ETHdataoverflag
                0x2000079c        0x1 ./Core/Src/User/Usart.o
                0x2000079c                ETHdataoverflag
 .bss.DOWNdataoverflag
                0x2000079d        0x1 ./Core/Src/User/Usart.o
                0x2000079d                DOWNdataoverflag
 .bss.Downtoolctrlcmdback
                0x2000079e        0x1 ./Core/Src/User/Usart.o
                0x2000079e                Downtoolctrlcmdback
 *fill*         0x2000079f        0x1 
 .bss.Downcmdbuf
                0x200007a0       0x1e ./Core/Src/User/Usart.o
                0x200007a0                Downcmdbuf
 *fill*         0x200007be        0x2 
 .bss.Sertableactbuf
                0x200007c0       0x32 ./Core/Src/User/Usart.o
                0x200007c0                Sertableactbuf
 *fill*         0x200007f2        0x2 
 .bss.Contralcmdbuf
                0x200007f4       0x32 ./Core/Src/User/Usart.o
                0x200007f4                Contralcmdbuf
 *fill*         0x20000826        0x2 
 .bss._SEGGER_RTT
                0x20000828       0xa8 ./Drivers/SEGGER_RTT/Src/SEGGER_RTT.o
                0x20000828                _SEGGER_RTT
 .bss._acUpBuffer
                0x200008d0      0x400 ./Drivers/SEGGER_RTT/Src/SEGGER_RTT.o
 .bss._acDownBuffer
                0x20000cd0       0x10 ./Drivers/SEGGER_RTT/Src/SEGGER_RTT.o
 .bss.uwTick    0x20000ce0        0x4 ./Drivers/STM32F1xx_HAL_Driver/Src/stm32f1xx_hal.o
                0x20000ce0                uwTick
 .bss.__sf      0x20000ce4      0x138 D:/software/STM32CubeIDE_1.16.1/STM32CubeIDE/plugins/com.st.stm32cube.ide.mcu.externaltools.gnu-tools-for-stm32.12.3.rel1.win32_1.0.200.202406191623/tools/bin/../lib/gcc/arm-none-eabi/12.3.1/../../../../arm-none-eabi/lib/thumb/v7-m/nofp\libc_nano.a(libc_a-findfp.o)
                0x20000ce4                __sf
 .bss.errno     0x20000e1c        0x4 D:/software/STM32CubeIDE_1.16.1/STM32CubeIDE/plugins/com.st.stm32cube.ide.mcu.externaltools.gnu-tools-for-stm32.12.3.rel1.win32_1.0.200.202406191623/tools/bin/../lib/gcc/arm-none-eabi/12.3.1/../../../../arm-none-eabi/lib/thumb/v7-m/nofp\libc_nano.a(libc_a-reent.o)
                0x20000e1c                errno
 .bss.__lock___malloc_recursive_mutex
                0x20000e20        0x1 D:/software/STM32CubeIDE_1.16.1/STM32CubeIDE/plugins/com.st.stm32cube.ide.mcu.externaltools.gnu-tools-for-stm32.12.3.rel1.win32_1.0.200.202406191623/tools/bin/../lib/gcc/arm-none-eabi/12.3.1/../../../../arm-none-eabi/lib/thumb/v7-m/nofp\libc_nano.a(libc_a-lock.o)
                0x20000e20                __lock___malloc_recursive_mutex
 *fill*         0x20000e21        0x3 
 .bss.__malloc_sbrk_start
                0x20000e24        0x4 D:/software/STM32CubeIDE_1.16.1/STM32CubeIDE/plugins/com.st.stm32cube.ide.mcu.externaltools.gnu-tools-for-stm32.12.3.rel1.win32_1.0.200.202406191623/tools/bin/../lib/gcc/arm-none-eabi/12.3.1/../../../../arm-none-eabi/lib/thumb/v7-m/nofp\libc_nano.a(libc_a-mallocr.o)
                0x20000e24                __malloc_sbrk_start
 .bss.__malloc_free_list
                0x20000e28        0x4 D:/software/STM32CubeIDE_1.16.1/STM32CubeIDE/plugins/com.st.stm32cube.ide.mcu.externaltools.gnu-tools-for-stm32.12.3.rel1.win32_1.0.200.202406191623/tools/bin/../lib/gcc/arm-none-eabi/12.3.1/../../../../arm-none-eabi/lib/thumb/v7-m/nofp\libc_nano.a(libc_a-mallocr.o)
                0x20000e28                __malloc_free_list
 *(COMMON)
                0x20000e2c                        . = ALIGN (0x4)
                0x20000e2c                        _ebss = .
                0x20000e2c                        __bss_end__ = _ebss

._user_heap_stack
                0x20000e2c      0x604 load address 0x08006290
                0x20000e30                        . = ALIGN (0x8)
 *fill*         0x20000e2c        0x4 
                [!provide]                        PROVIDE (end = .)
                0x20000e30                        PROVIDE (_end = .)
                0x20001030                        . = (. + _Min_Heap_Size)
 *fill*         0x20000e30      0x200 
                0x20001430                        . = (. + _Min_Stack_Size)
 *fill*         0x20001030      0x400 
                0x20001430                        . = ALIGN (0x8)

/DISCARD/
 libc.a(*)
 libm.a(*)
 libgcc.a(*)

.ARM.attributes
                0x00000000       0x29
 *(.ARM.attributes)
 .ARM.attributes
                0x00000000       0x1d D:/software/STM32CubeIDE_1.16.1/STM32CubeIDE/plugins/com.st.stm32cube.ide.mcu.externaltools.gnu-tools-for-stm32.12.3.rel1.win32_1.0.200.202406191623/tools/bin/../lib/gcc/arm-none-eabi/12.3.1/thumb/v7-m/nofp/crti.o
 .ARM.attributes
                0x0000001d       0x2d D:/software/STM32CubeIDE_1.16.1/STM32CubeIDE/plugins/com.st.stm32cube.ide.mcu.externaltools.gnu-tools-for-stm32.12.3.rel1.win32_1.0.200.202406191623/tools/bin/../lib/gcc/arm-none-eabi/12.3.1/thumb/v7-m/nofp/crtbegin.o
 .ARM.attributes
                0x0000004a       0x2d ./Core/Src/System/stm32f1xx_hal_msp.o
 .ARM.attributes
                0x00000077       0x2d ./Core/Src/System/stm32f1xx_it.o
 .ARM.attributes
                0x000000a4       0x2d ./Core/Src/System/sysmem.o
 .ARM.attributes
                0x000000d1       0x2d ./Core/Src/System/system_stm32f1xx.o
 .ARM.attributes
                0x000000fe       0x2d ./Core/Src/User/DMA.o
 .ARM.attributes
                0x0000012b       0x2d ./Core/Src/User/Fpga.o
 .ARM.attributes
                0x00000158       0x2d ./Core/Src/User/Gpio.o
 .ARM.attributes
                0x00000185       0x2d ./Core/Src/User/Init.o
 .ARM.attributes
                0x000001b2       0x2d ./Core/Src/User/Passthrough.o
 .ARM.attributes
                0x000001df       0x2d ./Core/Src/User/Tim.o
 .ARM.attributes
                0x0000020c       0x2d ./Core/Src/User/Usart.o
 .ARM.attributes
                0x00000239       0x2d ./Core/Src/User/main.o
 .ARM.attributes
                0x00000266       0x21 ./Core/Startup/startup_stm32f103vetx.o
 .ARM.attributes
                0x00000287       0x2d ./Drivers/SEGGER_RTT/Src/SEGGER_RTT.o
 .ARM.attributes
                0x000002b4       0x2d ./Drivers/STM32F1xx_HAL_Driver/Src/stm32f1xx_hal.o
 .ARM.attributes
                0x000002e1       0x2d ./Drivers/STM32F1xx_HAL_Driver/Src/stm32f1xx_hal_cortex.o
 .ARM.attributes
                0x0000030e       0x2d ./Drivers/STM32F1xx_HAL_Driver/Src/stm32f1xx_hal_dma.o
 .ARM.attributes
                0x0000033b       0x2d ./Drivers/STM32F1xx_HAL_Driver/Src/stm32f1xx_hal_gpio.o
 .ARM.attributes
                0x00000368       0x2d ./Drivers/STM32F1xx_HAL_Driver/Src/stm32f1xx_hal_iwdg.o
 .ARM.attributes
                0x00000395       0x2d ./Drivers/STM32F1xx_HAL_Driver/Src/stm32f1xx_hal_rcc.o
 .ARM.attributes
                0x000003c2       0x2d ./Drivers/STM32F1xx_HAL_Driver/Src/stm32f1xx_hal_tim.o
 .ARM.attributes
                0x000003ef       0x2d ./Drivers/STM32F1xx_HAL_Driver/Src/stm32f1xx_hal_tim_ex.o
 .ARM.attributes
                0x0000041c       0x2d ./Drivers/STM32F1xx_HAL_Driver/Src/stm32f1xx_hal_uart.o
 .ARM.attributes
                0x00000449       0x2d D:/software/STM32CubeIDE_1.16.1/STM32CubeIDE/plugins/com.st.stm32cube.ide.mcu.externaltools.gnu-tools-for-stm32.12.3.rel1.win32_1.0.200.202406191623/tools/bin/../lib/gcc/arm-none-eabi/12.3.1/../../../../arm-none-eabi/lib/thumb/v7-m/nofp\libc_nano.a(libc_a-findfp.o)
 .ARM.attributes
                0x00000476       0x2d D:/software/STM32CubeIDE_1.16.1/STM32CubeIDE/plugins/com.st.stm32cube.ide.mcu.externaltools.gnu-tools-for-stm32.12.3.rel1.win32_1.0.200.202406191623/tools/bin/../lib/gcc/arm-none-eabi/12.3.1/../../../../arm-none-eabi/lib/thumb/v7-m/nofp\libc_nano.a(libc_a-vsnprintf.o)
 .ARM.attributes
                0x000004a3       0x2d D:/software/STM32CubeIDE_1.16.1/STM32CubeIDE/plugins/com.st.stm32cube.ide.mcu.externaltools.gnu-tools-for-stm32.12.3.rel1.win32_1.0.200.202406191623/tools/bin/../lib/gcc/arm-none-eabi/12.3.1/../../../../arm-none-eabi/lib/thumb/v7-m/nofp\libc_nano.a(libc_a-memset.o)
 .ARM.attributes
                0x000004d0       0x2d D:/software/STM32CubeIDE_1.16.1/STM32CubeIDE/plugins/com.st.stm32cube.ide.mcu.externaltools.gnu-tools-for-stm32.12.3.rel1.win32_1.0.200.202406191623/tools/bin/../lib/gcc/arm-none-eabi/12.3.1/../../../../arm-none-eabi/lib/thumb/v7-m/nofp\libc_nano.a(libc_a-reent.o)
 .ARM.attributes
                0x000004fd       0x2d D:/software/STM32CubeIDE_1.16.1/STM32CubeIDE/plugins/com.st.stm32cube.ide.mcu.externaltools.gnu-tools-for-stm32.12.3.rel1.win32_1.0.200.202406191623/tools/bin/../lib/gcc/arm-none-eabi/12.3.1/../../../../arm-none-eabi/lib/thumb/v7-m/nofp\libc_nano.a(libc_a-impure.o)
 .ARM.attributes
                0x0000052a       0x2d D:/software/STM32CubeIDE_1.16.1/STM32CubeIDE/plugins/com.st.stm32cube.ide.mcu.externaltools.gnu-tools-for-stm32.12.3.rel1.win32_1.0.200.202406191623/tools/bin/../lib/gcc/arm-none-eabi/12.3.1/../../../../arm-none-eabi/lib/thumb/v7-m/nofp\libc_nano.a(libc_a-errno.o)
 .ARM.attributes
                0x00000557       0x2d D:/software/STM32CubeIDE_1.16.1/STM32CubeIDE/plugins/com.st.stm32cube.ide.mcu.externaltools.gnu-tools-for-stm32.12.3.rel1.win32_1.0.200.202406191623/tools/bin/../lib/gcc/arm-none-eabi/12.3.1/../../../../arm-none-eabi/lib/thumb/v7-m/nofp\libc_nano.a(libc_a-init.o)
 .ARM.attributes
                0x00000584       0x2d D:/software/STM32CubeIDE_1.16.1/STM32CubeIDE/plugins/com.st.stm32cube.ide.mcu.externaltools.gnu-tools-for-stm32.12.3.rel1.win32_1.0.200.202406191623/tools/bin/../lib/gcc/arm-none-eabi/12.3.1/../../../../arm-none-eabi/lib/thumb/v7-m/nofp\libc_nano.a(libc_a-lock.o)
 .ARM.attributes
                0x000005b1       0x2d D:/software/STM32CubeIDE_1.16.1/STM32CubeIDE/plugins/com.st.stm32cube.ide.mcu.externaltools.gnu-tools-for-stm32.12.3.rel1.win32_1.0.200.202406191623/tools/bin/../lib/gcc/arm-none-eabi/12.3.1/../../../../arm-none-eabi/lib/thumb/v7-m/nofp\libc_nano.a(libc_a-memcpy-stub.o)
 .ARM.attributes
                0x000005de       0x2d D:/software/STM32CubeIDE_1.16.1/STM32CubeIDE/plugins/com.st.stm32cube.ide.mcu.externaltools.gnu-tools-for-stm32.12.3.rel1.win32_1.0.200.202406191623/tools/bin/../lib/gcc/arm-none-eabi/12.3.1/../../../../arm-none-eabi/lib/thumb/v7-m/nofp\libc_nano.a(libc_a-freer.o)
 .ARM.attributes
                0x0000060b       0x2d D:/software/STM32CubeIDE_1.16.1/STM32CubeIDE/plugins/com.st.stm32cube.ide.mcu.externaltools.gnu-tools-for-stm32.12.3.rel1.win32_1.0.200.202406191623/tools/bin/../lib/gcc/arm-none-eabi/12.3.1/../../../../arm-none-eabi/lib/thumb/v7-m/nofp\libc_nano.a(libc_a-mallocr.o)
 .ARM.attributes
                0x00000638       0x2d D:/software/STM32CubeIDE_1.16.1/STM32CubeIDE/plugins/com.st.stm32cube.ide.mcu.externaltools.gnu-tools-for-stm32.12.3.rel1.win32_1.0.200.202406191623/tools/bin/../lib/gcc/arm-none-eabi/12.3.1/../../../../arm-none-eabi/lib/thumb/v7-m/nofp\libc_nano.a(libc_a-mlock.o)
 .ARM.attributes
                0x00000665       0x2d D:/software/STM32CubeIDE_1.16.1/STM32CubeIDE/plugins/com.st.stm32cube.ide.mcu.externaltools.gnu-tools-for-stm32.12.3.rel1.win32_1.0.200.202406191623/tools/bin/../lib/gcc/arm-none-eabi/12.3.1/../../../../arm-none-eabi/lib/thumb/v7-m/nofp\libc_nano.a(libc_a-nano-svfprintf.o)
 .ARM.attributes
                0x00000692       0x2d D:/software/STM32CubeIDE_1.16.1/STM32CubeIDE/plugins/com.st.stm32cube.ide.mcu.externaltools.gnu-tools-for-stm32.12.3.rel1.win32_1.0.200.202406191623/tools/bin/../lib/gcc/arm-none-eabi/12.3.1/../../../../arm-none-eabi/lib/thumb/v7-m/nofp\libc_nano.a(libc_a-nano-vfprintf_i.o)
 .ARM.attributes
                0x000006bf       0x2d D:/software/STM32CubeIDE_1.16.1/STM32CubeIDE/plugins/com.st.stm32cube.ide.mcu.externaltools.gnu-tools-for-stm32.12.3.rel1.win32_1.0.200.202406191623/tools/bin/../lib/gcc/arm-none-eabi/12.3.1/../../../../arm-none-eabi/lib/thumb/v7-m/nofp\libc_nano.a(libc_a-memmove.o)
 .ARM.attributes
                0x000006ec       0x2d D:/software/STM32CubeIDE_1.16.1/STM32CubeIDE/plugins/com.st.stm32cube.ide.mcu.externaltools.gnu-tools-for-stm32.12.3.rel1.win32_1.0.200.202406191623/tools/bin/../lib/gcc/arm-none-eabi/12.3.1/../../../../arm-none-eabi/lib/thumb/v7-m/nofp\libc_nano.a(libc_a-sbrkr.o)
 .ARM.attributes
                0x00000719       0x2d D:/software/STM32CubeIDE_1.16.1/STM32CubeIDE/plugins/com.st.stm32cube.ide.mcu.externaltools.gnu-tools-for-stm32.12.3.rel1.win32_1.0.200.202406191623/tools/bin/../lib/gcc/arm-none-eabi/12.3.1/../../../../arm-none-eabi/lib/thumb/v7-m/nofp\libc_nano.a(libc_a-memchr-stub.o)
 .ARM.attributes
                0x00000746       0x2d D:/software/STM32CubeIDE_1.16.1/STM32CubeIDE/plugins/com.st.stm32cube.ide.mcu.externaltools.gnu-tools-for-stm32.12.3.rel1.win32_1.0.200.202406191623/tools/bin/../lib/gcc/arm-none-eabi/12.3.1/../../../../arm-none-eabi/lib/thumb/v7-m/nofp\libc_nano.a(libc_a-reallocr.o)
 .ARM.attributes
                0x00000773       0x2d D:/software/STM32CubeIDE_1.16.1/STM32CubeIDE/plugins/com.st.stm32cube.ide.mcu.externaltools.gnu-tools-for-stm32.12.3.rel1.win32_1.0.200.202406191623/tools/bin/../lib/gcc/arm-none-eabi/12.3.1/../../../../arm-none-eabi/lib/thumb/v7-m/nofp\libc_nano.a(libc_a-msizer.o)
 .ARM.attributes
                0x000007a0       0x1d D:/software/STM32CubeIDE_1.16.1/STM32CubeIDE/plugins/com.st.stm32cube.ide.mcu.externaltools.gnu-tools-for-stm32.12.3.rel1.win32_1.0.200.202406191623/tools/bin/../lib/gcc/arm-none-eabi/12.3.1/thumb/v7-m/nofp/crtn.o
OUTPUT(CCT_Uphole_V1.1.elf elf32-littlearm)
LOAD linker stubs
LOAD D:/software/STM32CubeIDE_1.16.1/STM32CubeIDE/plugins/com.st.stm32cube.ide.mcu.externaltools.gnu-tools-for-stm32.12.3.rel1.win32_1.0.200.202406191623/tools/bin/../lib/gcc/arm-none-eabi/12.3.1/../../../../arm-none-eabi/lib/thumb/v7-m/nofp\libc.a
LOAD D:/software/STM32CubeIDE_1.16.1/STM32CubeIDE/plugins/com.st.stm32cube.ide.mcu.externaltools.gnu-tools-for-stm32.12.3.rel1.win32_1.0.200.202406191623/tools/bin/../lib/gcc/arm-none-eabi/12.3.1/../../../../arm-none-eabi/lib/thumb/v7-m/nofp\libm.a
LOAD D:/software/STM32CubeIDE_1.16.1/STM32CubeIDE/plugins/com.st.stm32cube.ide.mcu.externaltools.gnu-tools-for-stm32.12.3.rel1.win32_1.0.200.202406191623/tools/bin/../lib/gcc/arm-none-eabi/12.3.1/thumb/v7-m/nofp\libgcc.a

.debug_info     0x00000000     0xe1bc
 .debug_info    0x00000000      0x1f8 ./Core/Src/System/stm32f1xx_hal_msp.o
 .debug_info    0x000001f8      0x971 ./Core/Src/System/stm32f1xx_it.o
 .debug_info    0x00000b69      0x168 ./Core/Src/System/sysmem.o
 .debug_info    0x00000cd1      0x222 ./Core/Src/System/system_stm32f1xx.o
 .debug_info    0x00000ef3      0x33c ./Core/Src/User/DMA.o
 .debug_info    0x0000122f      0x3a9 ./Core/Src/User/Fpga.o
 .debug_info    0x000015d8      0x2f6 ./Core/Src/User/Gpio.o
 .debug_info    0x000018ce      0x5c2 ./Core/Src/User/Init.o
 .debug_info    0x00001e90      0x318 ./Core/Src/User/Passthrough.o
 .debug_info    0x000021a8      0xa50 ./Core/Src/User/Tim.o
 .debug_info    0x00002bf8     0x100d ./Core/Src/User/Usart.o
 .debug_info    0x00003c05      0x176 ./Core/Src/User/main.o
 .debug_info    0x00003d7b       0x30 ./Core/Startup/startup_stm32f103vetx.o
 .debug_info    0x00003dab      0xeae ./Drivers/SEGGER_RTT/Src/SEGGER_RTT.o
 .debug_info    0x00004c59      0x76a ./Drivers/STM32F1xx_HAL_Driver/Src/stm32f1xx_hal.o
 .debug_info    0x000053c3      0xaed ./Drivers/STM32F1xx_HAL_Driver/Src/stm32f1xx_hal_cortex.o
 .debug_info    0x00005eb0      0x6d2 ./Drivers/STM32F1xx_HAL_Driver/Src/stm32f1xx_hal_dma.o
 .debug_info    0x00006582      0x5ab ./Drivers/STM32F1xx_HAL_Driver/Src/stm32f1xx_hal_gpio.o
 .debug_info    0x00006b2d      0x1d9 ./Drivers/STM32F1xx_HAL_Driver/Src/stm32f1xx_hal_iwdg.o
 .debug_info    0x00006d06      0x7d5 ./Drivers/STM32F1xx_HAL_Driver/Src/stm32f1xx_hal_rcc.o
 .debug_info    0x000074db     0x2959 ./Drivers/STM32F1xx_HAL_Driver/Src/stm32f1xx_hal_tim.o
 .debug_info    0x00009e34     0x149b ./Drivers/STM32F1xx_HAL_Driver/Src/stm32f1xx_hal_tim_ex.o
 .debug_info    0x0000b2cf     0x2eed ./Drivers/STM32F1xx_HAL_Driver/Src/stm32f1xx_hal_uart.o

.debug_abbrev   0x00000000     0x2978
 .debug_abbrev  0x00000000       0xdb ./Core/Src/System/stm32f1xx_hal_msp.o
 .debug_abbrev  0x000000db      0x19a ./Core/Src/System/stm32f1xx_it.o
 .debug_abbrev  0x00000275       0xbc ./Core/Src/System/sysmem.o
 .debug_abbrev  0x00000331      0x13f ./Core/Src/System/system_stm32f1xx.o
 .debug_abbrev  0x00000470       0xfc ./Core/Src/User/DMA.o
 .debug_abbrev  0x0000056c      0x210 ./Core/Src/User/Fpga.o
 .debug_abbrev  0x0000077c      0x13f ./Core/Src/User/Gpio.o
 .debug_abbrev  0x000008bb      0x290 ./Core/Src/User/Init.o
 .debug_abbrev  0x00000b4b      0x11b ./Core/Src/User/Passthrough.o
 .debug_abbrev  0x00000c66      0x23d ./Core/Src/User/Tim.o
 .debug_abbrev  0x00000ea3      0x30c ./Core/Src/User/Usart.o
 .debug_abbrev  0x000011af       0xda ./Core/Src/User/main.o
 .debug_abbrev  0x00001289       0x24 ./Core/Startup/startup_stm32f103vetx.o
 .debug_abbrev  0x000012ad      0x22d ./Drivers/SEGGER_RTT/Src/SEGGER_RTT.o
 .debug_abbrev  0x000014da      0x201 ./Drivers/STM32F1xx_HAL_Driver/Src/stm32f1xx_hal.o
 .debug_abbrev  0x000016db      0x2f8 ./Drivers/STM32F1xx_HAL_Driver/Src/stm32f1xx_hal_cortex.o
 .debug_abbrev  0x000019d3      0x20b ./Drivers/STM32F1xx_HAL_Driver/Src/stm32f1xx_hal_dma.o
 .debug_abbrev  0x00001bde      0x1ca ./Drivers/STM32F1xx_HAL_Driver/Src/stm32f1xx_hal_gpio.o
 .debug_abbrev  0x00001da8      0x12c ./Drivers/STM32F1xx_HAL_Driver/Src/stm32f1xx_hal_iwdg.o
 .debug_abbrev  0x00001ed4      0x2b3 ./Drivers/STM32F1xx_HAL_Driver/Src/stm32f1xx_hal_rcc.o
 .debug_abbrev  0x00002187      0x277 ./Drivers/STM32F1xx_HAL_Driver/Src/stm32f1xx_hal_tim.o
 .debug_abbrev  0x000023fe      0x282 ./Drivers/STM32F1xx_HAL_Driver/Src/stm32f1xx_hal_tim_ex.o
 .debug_abbrev  0x00002680      0x2f8 ./Drivers/STM32F1xx_HAL_Driver/Src/stm32f1xx_hal_uart.o

.debug_aranges  0x00000000      0xea8
 .debug_aranges
                0x00000000       0x20 ./Core/Src/System/stm32f1xx_hal_msp.o
 .debug_aranges
                0x00000020       0x78 ./Core/Src/System/stm32f1xx_it.o
 .debug_aranges
                0x00000098       0x20 ./Core/Src/System/sysmem.o
 .debug_aranges
                0x000000b8       0x28 ./Core/Src/System/system_stm32f1xx.o
 .debug_aranges
                0x000000e0       0x20 ./Core/Src/User/DMA.o
 .debug_aranges
                0x00000100       0x38 ./Core/Src/User/Fpga.o
 .debug_aranges
                0x00000138       0x20 ./Core/Src/User/Gpio.o
 .debug_aranges
                0x00000158       0x58 ./Core/Src/User/Init.o
 .debug_aranges
                0x000001b0       0x30 ./Core/Src/User/Passthrough.o
 .debug_aranges
                0x000001e0       0x40 ./Core/Src/User/Tim.o
 .debug_aranges
                0x00000220       0x88 ./Core/Src/User/Usart.o
 .debug_aranges
                0x000002a8       0x20 ./Core/Src/User/main.o
 .debug_aranges
                0x000002c8       0x28 ./Core/Startup/startup_stm32f103vetx.o
 .debug_aranges
                0x000002f0      0x108 ./Drivers/SEGGER_RTT/Src/SEGGER_RTT.o
 .debug_aranges
                0x000003f8       0xe0 ./Drivers/STM32F1xx_HAL_Driver/Src/stm32f1xx_hal.o
 .debug_aranges
                0x000004d8      0x100 ./Drivers/STM32F1xx_HAL_Driver/Src/stm32f1xx_hal_cortex.o
 .debug_aranges
                0x000005d8       0x80 ./Drivers/STM32F1xx_HAL_Driver/Src/stm32f1xx_hal_dma.o
 .debug_aranges
                0x00000658       0x58 ./Drivers/STM32F1xx_HAL_Driver/Src/stm32f1xx_hal_gpio.o
 .debug_aranges
                0x000006b0       0x28 ./Drivers/STM32F1xx_HAL_Driver/Src/stm32f1xx_hal_iwdg.o
 .debug_aranges
                0x000006d8       0x90 ./Drivers/STM32F1xx_HAL_Driver/Src/stm32f1xx_hal_rcc.o
 .debug_aranges
                0x00000768      0x3d0 ./Drivers/STM32F1xx_HAL_Driver/Src/stm32f1xx_hal_tim.o
 .debug_aranges
                0x00000b38      0x168 ./Drivers/STM32F1xx_HAL_Driver/Src/stm32f1xx_hal_tim_ex.o
 .debug_aranges
                0x00000ca0      0x208 ./Drivers/STM32F1xx_HAL_Driver/Src/stm32f1xx_hal_uart.o

.debug_rnglists
                0x00000000      0xb52
 .debug_rnglists
                0x00000000       0x13 ./Core/Src/System/stm32f1xx_hal_msp.o
 .debug_rnglists
                0x00000013       0x55 ./Core/Src/System/stm32f1xx_it.o
 .debug_rnglists
                0x00000068       0x13 ./Core/Src/System/sysmem.o
 .debug_rnglists
                0x0000007b       0x1a ./Core/Src/System/system_stm32f1xx.o
 .debug_rnglists
                0x00000095       0x13 ./Core/Src/User/DMA.o
 .debug_rnglists
                0x000000a8       0x28 ./Core/Src/User/Fpga.o
 .debug_rnglists
                0x000000d0       0x14 ./Core/Src/User/Gpio.o
 .debug_rnglists
                0x000000e4       0x3f ./Core/Src/User/Init.o
 .debug_rnglists
                0x00000123       0x20 ./Core/Src/User/Passthrough.o
 .debug_rnglists
                0x00000143       0x2b ./Core/Src/User/Tim.o
 .debug_rnglists
                0x0000016e       0x66 ./Core/Src/User/Usart.o
 .debug_rnglists
                0x000001d4       0x13 ./Core/Src/User/main.o
 .debug_rnglists
                0x000001e7       0x19 ./Core/Startup/startup_stm32f103vetx.o
 .debug_rnglists
                0x00000200       0xd0 ./Drivers/SEGGER_RTT/Src/SEGGER_RTT.o
 .debug_rnglists
                0x000002d0       0xa3 ./Drivers/STM32F1xx_HAL_Driver/Src/stm32f1xx_hal.o
 .debug_rnglists
                0x00000373       0xbb ./Drivers/STM32F1xx_HAL_Driver/Src/stm32f1xx_hal_cortex.o
 .debug_rnglists
                0x0000042e       0x64 ./Drivers/STM32F1xx_HAL_Driver/Src/stm32f1xx_hal_dma.o
 .debug_rnglists
                0x00000492       0x3f ./Drivers/STM32F1xx_HAL_Driver/Src/stm32f1xx_hal_gpio.o
 .debug_rnglists
                0x000004d1       0x1a ./Drivers/STM32F1xx_HAL_Driver/Src/stm32f1xx_hal_iwdg.o
 .debug_rnglists
                0x000004eb       0x6c ./Drivers/STM32F1xx_HAL_Driver/Src/stm32f1xx_hal_rcc.o
 .debug_rnglists
                0x00000557      0x31a ./Drivers/STM32F1xx_HAL_Driver/Src/stm32f1xx_hal_tim.o
 .debug_rnglists
                0x00000871      0x125 ./Drivers/STM32F1xx_HAL_Driver/Src/stm32f1xx_hal_tim_ex.o
 .debug_rnglists
                0x00000996      0x1bc ./Drivers/STM32F1xx_HAL_Driver/Src/stm32f1xx_hal_uart.o

.debug_macro    0x00000000    0x1b833
 .debug_macro   0x00000000      0x2f8 ./Core/Src/System/stm32f1xx_hal_msp.o
 .debug_macro   0x000002f8      0xaa8 ./Core/Src/System/stm32f1xx_hal_msp.o
 .debug_macro   0x00000da0      0x221 ./Core/Src/System/stm32f1xx_hal_msp.o
 .debug_macro   0x00000fc1       0x2e ./Core/Src/System/stm32f1xx_hal_msp.o
 .debug_macro   0x00000fef       0x22 ./Core/Src/System/stm32f1xx_hal_msp.o
 .debug_macro   0x00001011       0x22 ./Core/Src/System/stm32f1xx_hal_msp.o
 .debug_macro   0x00001033       0x8e ./Core/Src/System/stm32f1xx_hal_msp.o
 .debug_macro   0x000010c1       0x51 ./Core/Src/System/stm32f1xx_hal_msp.o
 .debug_macro   0x00001112      0x103 ./Core/Src/System/stm32f1xx_hal_msp.o
 .debug_macro   0x00001215       0x6a ./Core/Src/System/stm32f1xx_hal_msp.o
 .debug_macro   0x0000127f      0x1df ./Core/Src/System/stm32f1xx_hal_msp.o
 .debug_macro   0x0000145e       0x1c ./Core/Src/System/stm32f1xx_hal_msp.o
 .debug_macro   0x0000147a       0x22 ./Core/Src/System/stm32f1xx_hal_msp.o
 .debug_macro   0x0000149c       0xbd ./Core/Src/System/stm32f1xx_hal_msp.o
 .debug_macro   0x00001559      0xd23 ./Core/Src/System/stm32f1xx_hal_msp.o
 .debug_macro   0x0000227c     0xfd8c ./Core/Src/System/stm32f1xx_hal_msp.o
 .debug_macro   0x00012008       0x6d ./Core/Src/System/stm32f1xx_hal_msp.o
 .debug_macro   0x00012075     0x34a2 ./Core/Src/System/stm32f1xx_hal_msp.o
 .debug_macro   0x00015517      0x189 ./Core/Src/System/stm32f1xx_hal_msp.o
 .debug_macro   0x000156a0       0x5c ./Core/Src/System/stm32f1xx_hal_msp.o
 .debug_macro   0x000156fc      0x5bc ./Core/Src/System/stm32f1xx_hal_msp.o
 .debug_macro   0x00015cb8      0x4d5 ./Core/Src/System/stm32f1xx_hal_msp.o
 .debug_macro   0x0001618d      0x1cb ./Core/Src/System/stm32f1xx_hal_msp.o
 .debug_macro   0x00016358      0x114 ./Core/Src/System/stm32f1xx_hal_msp.o
 .debug_macro   0x0001646c      0x1ea ./Core/Src/System/stm32f1xx_hal_msp.o
 .debug_macro   0x00016656       0x27 ./Core/Src/System/stm32f1xx_hal_msp.o
 .debug_macro   0x0001667d      0x144 ./Core/Src/System/stm32f1xx_hal_msp.o
 .debug_macro   0x000167c1      0x1bc ./Core/Src/System/stm32f1xx_hal_msp.o
 .debug_macro   0x0001697d       0x30 ./Core/Src/System/stm32f1xx_hal_msp.o
 .debug_macro   0x000169ad       0x3c ./Core/Src/System/stm32f1xx_hal_msp.o
 .debug_macro   0x000169e9       0x57 ./Core/Src/System/stm32f1xx_hal_msp.o
 .debug_macro   0x00016a40       0x87 ./Core/Src/System/stm32f1xx_hal_msp.o
 .debug_macro   0x00016ac7      0x24f ./Core/Src/System/stm32f1xx_hal_msp.o
 .debug_macro   0x00016d16       0x78 ./Core/Src/System/stm32f1xx_hal_msp.o
 .debug_macro   0x00016d8e      0x140 ./Core/Src/System/stm32f1xx_hal_msp.o
 .debug_macro   0x00016ece      0x8ed ./Core/Src/System/stm32f1xx_hal_msp.o
 .debug_macro   0x000177bb      0x28e ./Core/Src/System/stm32f1xx_hal_msp.o
 .debug_macro   0x00017a49       0xb5 ./Core/Src/System/stm32f1xx_hal_msp.o
 .debug_macro   0x00017afe       0x58 ./Core/Src/System/stm32f1xx_hal_msp.o
 .debug_macro   0x00017b56       0x22 ./Core/Src/System/stm32f1xx_hal_msp.o
 .debug_macro   0x00017b78       0x4f ./Core/Src/System/stm32f1xx_hal_msp.o
 .debug_macro   0x00017bc7      0x115 ./Core/Src/System/stm32f1xx_hal_msp.o
 .debug_macro   0x00017cdc       0x58 ./Core/Src/System/stm32f1xx_hal_msp.o
 .debug_macro   0x00017d34       0x61 ./Core/Src/System/stm32f1xx_hal_msp.o
 .debug_macro   0x00017d95       0x24 ./Core/Src/System/stm32f1xx_hal_msp.o
 .debug_macro   0x00017db9       0x43 ./Core/Src/System/stm32f1xx_hal_msp.o
 .debug_macro   0x00017dfc       0x34 ./Core/Src/System/stm32f1xx_hal_msp.o
 .debug_macro   0x00017e30       0x16 ./Core/Src/System/stm32f1xx_hal_msp.o
 .debug_macro   0x00017e46       0x35 ./Core/Src/System/stm32f1xx_hal_msp.o
 .debug_macro   0x00017e7b      0x369 ./Core/Src/System/stm32f1xx_hal_msp.o
 .debug_macro   0x000181e4       0x16 ./Core/Src/System/stm32f1xx_hal_msp.o
 .debug_macro   0x000181fa       0x43 ./Core/Src/System/stm32f1xx_hal_msp.o
 .debug_macro   0x0001823d       0x34 ./Core/Src/System/stm32f1xx_hal_msp.o
 .debug_macro   0x00018271       0x10 ./Core/Src/System/stm32f1xx_hal_msp.o
 .debug_macro   0x00018281       0x58 ./Core/Src/System/stm32f1xx_hal_msp.o
 .debug_macro   0x000182d9       0x8e ./Core/Src/System/stm32f1xx_hal_msp.o
 .debug_macro   0x00018367       0x1c ./Core/Src/System/stm32f1xx_hal_msp.o
 .debug_macro   0x00018383      0x177 ./Core/Src/System/stm32f1xx_hal_msp.o
 .debug_macro   0x000184fa       0x16 ./Core/Src/System/stm32f1xx_hal_msp.o
 .debug_macro   0x00018510       0x16 ./Core/Src/System/stm32f1xx_hal_msp.o
 .debug_macro   0x00018526      0x146 ./Core/Src/System/stm32f1xx_hal_msp.o
 .debug_macro   0x0001866c       0xac ./Core/Src/System/stm32f1xx_hal_msp.o
 .debug_macro   0x00018718      0x302 ./Core/Src/System/stm32f1xx_it.o
 .debug_macro   0x00018a1a       0xff ./Core/Src/System/sysmem.o
 .debug_macro   0x00018b19      0x23c ./Core/Src/System/sysmem.o
 .debug_macro   0x00018d55      0x1ad ./Core/Src/System/system_stm32f1xx.o
 .debug_macro   0x00018f02      0x2f8 ./Core/Src/User/DMA.o
 .debug_macro   0x000191fa      0x2ff ./Core/Src/User/Fpga.o
 .debug_macro   0x000194f9      0x2f8 ./Core/Src/User/Gpio.o
 .debug_macro   0x000197f1      0x2f8 ./Core/Src/User/Init.o
 .debug_macro   0x00019ae9      0x2f8 ./Core/Src/User/Passthrough.o
 .debug_macro   0x00019de1      0x2f8 ./Core/Src/User/Tim.o
 .debug_macro   0x0001a0d9      0x2f8 ./Core/Src/User/Usart.o
 .debug_macro   0x0001a3d1      0x2f8 ./Core/Src/User/main.o
 .debug_macro   0x0001a6c9      0x176 ./Drivers/SEGGER_RTT/Src/SEGGER_RTT.o
 .debug_macro   0x0001a83f       0x10 ./Drivers/SEGGER_RTT/Src/SEGGER_RTT.o
 .debug_macro   0x0001a84f       0x20 ./Drivers/SEGGER_RTT/Src/SEGGER_RTT.o
 .debug_macro   0x0001a86f      0x1d1 ./Drivers/STM32F1xx_HAL_Driver/Src/stm32f1xx_hal.o
 .debug_macro   0x0001aa40      0x1ad ./Drivers/STM32F1xx_HAL_Driver/Src/stm32f1xx_hal_cortex.o
 .debug_macro   0x0001abed      0x1ad ./Drivers/STM32F1xx_HAL_Driver/Src/stm32f1xx_hal_dma.o
 .debug_macro   0x0001ad9a      0x218 ./Drivers/STM32F1xx_HAL_Driver/Src/stm32f1xx_hal_gpio.o
 .debug_macro   0x0001afb2      0x1b9 ./Drivers/STM32F1xx_HAL_Driver/Src/stm32f1xx_hal_iwdg.o
 .debug_macro   0x0001b16b      0x1bf ./Drivers/STM32F1xx_HAL_Driver/Src/stm32f1xx_hal_rcc.o
 .debug_macro   0x0001b32a      0x1ae ./Drivers/STM32F1xx_HAL_Driver/Src/stm32f1xx_hal_tim.o
 .debug_macro   0x0001b4d8      0x1ad ./Drivers/STM32F1xx_HAL_Driver/Src/stm32f1xx_hal_tim_ex.o
 .debug_macro   0x0001b685      0x1ae ./Drivers/STM32F1xx_HAL_Driver/Src/stm32f1xx_hal_uart.o

.debug_line     0x00000000    0x15098
 .debug_line    0x00000000      0x9ff ./Core/Src/System/stm32f1xx_hal_msp.o
 .debug_line    0x000009ff      0xb08 ./Core/Src/System/stm32f1xx_it.o
 .debug_line    0x00001507      0x661 ./Core/Src/System/sysmem.o
 .debug_line    0x00001b68      0x791 ./Core/Src/System/system_stm32f1xx.o
 .debug_line    0x000022f9      0x9ee ./Core/Src/User/DMA.o
 .debug_line    0x00002ce7      0xca5 ./Core/Src/User/Fpga.o
 .debug_line    0x0000398c      0xa3b ./Core/Src/User/Gpio.o
 .debug_line    0x000043c7      0xba5 ./Core/Src/User/Init.o
 .debug_line    0x00004f6c      0xb93 ./Core/Src/User/Passthrough.o
 .debug_line    0x00005aff      0xa8b ./Core/Src/User/Tim.o
 .debug_line    0x0000658a     0x1154 ./Core/Src/User/Usart.o
 .debug_line    0x000076de      0xa0a ./Core/Src/User/main.o
 .debug_line    0x000080e8       0x79 ./Core/Startup/startup_stm32f103vetx.o
 .debug_line    0x00008161      0xe43 ./Drivers/SEGGER_RTT/Src/SEGGER_RTT.o
 .debug_line    0x00008fa4      0x9b7 ./Drivers/STM32F1xx_HAL_Driver/Src/stm32f1xx_hal.o
 .debug_line    0x0000995b      0xba3 ./Drivers/STM32F1xx_HAL_Driver/Src/stm32f1xx_hal_cortex.o
 .debug_line    0x0000a4fe     0x12e2 ./Drivers/STM32F1xx_HAL_Driver/Src/stm32f1xx_hal_dma.o
 .debug_line    0x0000b7e0      0xa78 ./Drivers/STM32F1xx_HAL_Driver/Src/stm32f1xx_hal_gpio.o
 .debug_line    0x0000c258      0x782 ./Drivers/STM32F1xx_HAL_Driver/Src/stm32f1xx_hal_iwdg.o
 .debug_line    0x0000c9da      0xdc0 ./Drivers/STM32F1xx_HAL_Driver/Src/stm32f1xx_hal_rcc.o
 .debug_line    0x0000d79a     0x36fc ./Drivers/STM32F1xx_HAL_Driver/Src/stm32f1xx_hal_tim.o
 .debug_line    0x00010e96     0x196c ./Drivers/STM32F1xx_HAL_Driver/Src/stm32f1xx_hal_tim_ex.o
 .debug_line    0x00012802     0x2896 ./Drivers/STM32F1xx_HAL_Driver/Src/stm32f1xx_hal_uart.o

.debug_str      0x00000000    0x9a4d3
 .debug_str     0x00000000    0x95dec ./Core/Src/System/stm32f1xx_hal_msp.o
                              0x96210 (size before relaxing)
 .debug_str     0x00095dec      0x731 ./Core/Src/System/stm32f1xx_it.o
                              0x9697e (size before relaxing)
 .debug_str     0x0009651d      0x4e3 ./Core/Src/System/sysmem.o
                               0x6076 (size before relaxing)
 .debug_str     0x00096a00       0x85 ./Core/Src/System/system_stm32f1xx.o
                              0x91f1e (size before relaxing)
 .debug_str     0x00096a85      0x351 ./Core/Src/User/DMA.o
                              0x965bd (size before relaxing)
 .debug_str     0x00096dd6      0x135 ./Core/Src/User/Fpga.o
                              0x962c1 (size before relaxing)
 .debug_str     0x00096f0b       0x25 ./Core/Src/User/Gpio.o
                              0x9627a (size before relaxing)
 .debug_str     0x00096f30      0x2a2 ./Core/Src/User/Init.o
                              0x9648c (size before relaxing)
 .debug_str     0x000971d2      0x1ce ./Core/Src/User/Passthrough.o
                              0x96359 (size before relaxing)
 .debug_str     0x000973a0      0x142 ./Core/Src/User/Tim.o
                              0x96c2c (size before relaxing)
 .debug_str     0x000974e2      0x2c7 ./Core/Src/User/Usart.o
                              0x96e5d (size before relaxing)
 .debug_str     0x000977a9       0x1d ./Core/Src/User/main.o
                              0x961ff (size before relaxing)
 .debug_str     0x000977c6       0x44 ./Core/Startup/startup_stm32f103vetx.o
                                 0x7a (size before relaxing)
 .debug_str     0x0009780a      0x67c ./Drivers/SEGGER_RTT/Src/SEGGER_RTT.o
                               0x7406 (size before relaxing)
 .debug_str     0x00097e86      0x38e ./Drivers/STM32F1xx_HAL_Driver/Src/stm32f1xx_hal.o
                              0x9272e (size before relaxing)
 .debug_str     0x00098214      0x294 ./Drivers/STM32F1xx_HAL_Driver/Src/stm32f1xx_hal_cortex.o
                              0x9267a (size before relaxing)
 .debug_str     0x000984a8      0x206 ./Drivers/STM32F1xx_HAL_Driver/Src/stm32f1xx_hal_dma.o
                              0x922c0 (size before relaxing)
 .debug_str     0x000986ae      0x2bd ./Drivers/STM32F1xx_HAL_Driver/Src/stm32f1xx_hal_gpio.o
                              0x9229d (size before relaxing)
 .debug_str     0x0009896b       0xe3 ./Drivers/STM32F1xx_HAL_Driver/Src/stm32f1xx_hal_iwdg.o
                              0x91fe2 (size before relaxing)
 .debug_str     0x00098a4e      0x229 ./Drivers/STM32F1xx_HAL_Driver/Src/stm32f1xx_hal_rcc.o
                              0x92346 (size before relaxing)
 .debug_str     0x00098c77      0xe1a ./Drivers/STM32F1xx_HAL_Driver/Src/stm32f1xx_hal_tim.o
                              0x93348 (size before relaxing)
 .debug_str     0x00099a91      0x493 ./Drivers/STM32F1xx_HAL_Driver/Src/stm32f1xx_hal_tim_ex.o
                              0x92b54 (size before relaxing)
 .debug_str     0x00099f24      0x5af ./Drivers/STM32F1xx_HAL_Driver/Src/stm32f1xx_hal_uart.o
                              0x929b7 (size before relaxing)

.comment        0x00000000       0x43
 .comment       0x00000000       0x43 ./Core/Src/System/stm32f1xx_hal_msp.o
                                 0x44 (size before relaxing)
 .comment       0x00000043       0x44 ./Core/Src/System/stm32f1xx_it.o
 .comment       0x00000043       0x44 ./Core/Src/System/sysmem.o
 .comment       0x00000043       0x44 ./Core/Src/System/system_stm32f1xx.o
 .comment       0x00000043       0x44 ./Core/Src/User/DMA.o
 .comment       0x00000043       0x44 ./Core/Src/User/Fpga.o
 .comment       0x00000043       0x44 ./Core/Src/User/Gpio.o
 .comment       0x00000043       0x44 ./Core/Src/User/Init.o
 .comment       0x00000043       0x44 ./Core/Src/User/Passthrough.o
 .comment       0x00000043       0x44 ./Core/Src/User/Tim.o
 .comment       0x00000043       0x44 ./Core/Src/User/Usart.o
 .comment       0x00000043       0x44 ./Core/Src/User/main.o
 .comment       0x00000043       0x44 ./Drivers/SEGGER_RTT/Src/SEGGER_RTT.o
 .comment       0x00000043       0x44 ./Drivers/STM32F1xx_HAL_Driver/Src/stm32f1xx_hal.o
 .comment       0x00000043       0x44 ./Drivers/STM32F1xx_HAL_Driver/Src/stm32f1xx_hal_cortex.o
 .comment       0x00000043       0x44 ./Drivers/STM32F1xx_HAL_Driver/Src/stm32f1xx_hal_dma.o
 .comment       0x00000043       0x44 ./Drivers/STM32F1xx_HAL_Driver/Src/stm32f1xx_hal_gpio.o
 .comment       0x00000043       0x44 ./Drivers/STM32F1xx_HAL_Driver/Src/stm32f1xx_hal_iwdg.o
 .comment       0x00000043       0x44 ./Drivers/STM32F1xx_HAL_Driver/Src/stm32f1xx_hal_rcc.o
 .comment       0x00000043       0x44 ./Drivers/STM32F1xx_HAL_Driver/Src/stm32f1xx_hal_tim.o
 .comment       0x00000043       0x44 ./Drivers/STM32F1xx_HAL_Driver/Src/stm32f1xx_hal_tim_ex.o
 .comment       0x00000043       0x44 ./Drivers/STM32F1xx_HAL_Driver/Src/stm32f1xx_hal_uart.o

.debug_frame    0x00000000     0x3fc8
 .debug_frame   0x00000000       0x38 ./Core/Src/System/stm32f1xx_hal_msp.o
 .debug_frame   0x00000038      0x158 ./Core/Src/System/stm32f1xx_it.o
 .debug_frame   0x00000190       0x34 ./Core/Src/System/sysmem.o
 .debug_frame   0x000001c4       0x58 ./Core/Src/System/system_stm32f1xx.o
 .debug_frame   0x0000021c       0x34 ./Core/Src/User/DMA.o
 .debug_frame   0x00000250       0xa8 ./Core/Src/User/Fpga.o
 .debug_frame   0x000002f8       0x34 ./Core/Src/User/Gpio.o
 .debug_frame   0x0000032c      0x12c ./Core/Src/User/Init.o
 .debug_frame   0x00000458       0x6c ./Core/Src/User/Passthrough.o
 .debug_frame   0x000004c4       0xc0 ./Core/Src/User/Tim.o
 .debug_frame   0x00000584      0x1e0 ./Core/Src/User/Usart.o
 .debug_frame   0x00000764       0x2c ./Core/Src/User/main.o
 .debug_frame   0x00000790      0x450 ./Drivers/SEGGER_RTT/Src/SEGGER_RTT.o
 .debug_frame   0x00000be0      0x334 ./Drivers/STM32F1xx_HAL_Driver/Src/stm32f1xx_hal.o
 .debug_frame   0x00000f14      0x428 ./Drivers/STM32F1xx_HAL_Driver/Src/stm32f1xx_hal_cortex.o
 .debug_frame   0x0000133c      0x20c ./Drivers/STM32F1xx_HAL_Driver/Src/stm32f1xx_hal_dma.o
 .debug_frame   0x00001548      0x14c ./Drivers/STM32F1xx_HAL_Driver/Src/stm32f1xx_hal_gpio.o
 .debug_frame   0x00001694       0x5c ./Drivers/STM32F1xx_HAL_Driver/Src/stm32f1xx_hal_iwdg.o
 .debug_frame   0x000016f0      0x218 ./Drivers/STM32F1xx_HAL_Driver/Src/stm32f1xx_hal_rcc.o
 .debug_frame   0x00001908     0x11b8 ./Drivers/STM32F1xx_HAL_Driver/Src/stm32f1xx_hal_tim.o
 .debug_frame   0x00002ac0      0x638 ./Drivers/STM32F1xx_HAL_Driver/Src/stm32f1xx_hal_tim_ex.o
 .debug_frame   0x000030f8      0x944 ./Drivers/STM32F1xx_HAL_Driver/Src/stm32f1xx_hal_uart.o
 .debug_frame   0x00003a3c      0x144 D:/software/STM32CubeIDE_1.16.1/STM32CubeIDE/plugins/com.st.stm32cube.ide.mcu.externaltools.gnu-tools-for-stm32.12.3.rel1.win32_1.0.200.202406191623/tools/bin/../lib/gcc/arm-none-eabi/12.3.1/../../../../arm-none-eabi/lib/thumb/v7-m/nofp\libc_nano.a(libc_a-findfp.o)
 .debug_frame   0x00003b80       0x4c D:/software/STM32CubeIDE_1.16.1/STM32CubeIDE/plugins/com.st.stm32cube.ide.mcu.externaltools.gnu-tools-for-stm32.12.3.rel1.win32_1.0.200.202406191623/tools/bin/../lib/gcc/arm-none-eabi/12.3.1/../../../../arm-none-eabi/lib/thumb/v7-m/nofp\libc_nano.a(libc_a-vsnprintf.o)
 .debug_frame   0x00003bcc       0x20 D:/software/STM32CubeIDE_1.16.1/STM32CubeIDE/plugins/com.st.stm32cube.ide.mcu.externaltools.gnu-tools-for-stm32.12.3.rel1.win32_1.0.200.202406191623/tools/bin/../lib/gcc/arm-none-eabi/12.3.1/../../../../arm-none-eabi/lib/thumb/v7-m/nofp\libc_nano.a(libc_a-memset.o)
 .debug_frame   0x00003bec       0x38 D:/software/STM32CubeIDE_1.16.1/STM32CubeIDE/plugins/com.st.stm32cube.ide.mcu.externaltools.gnu-tools-for-stm32.12.3.rel1.win32_1.0.200.202406191623/tools/bin/../lib/gcc/arm-none-eabi/12.3.1/../../../../arm-none-eabi/lib/thumb/v7-m/nofp\libc_nano.a(libc_a-reent.o)
 .debug_frame   0x00003c24       0x20 D:/software/STM32CubeIDE_1.16.1/STM32CubeIDE/plugins/com.st.stm32cube.ide.mcu.externaltools.gnu-tools-for-stm32.12.3.rel1.win32_1.0.200.202406191623/tools/bin/../lib/gcc/arm-none-eabi/12.3.1/../../../../arm-none-eabi/lib/thumb/v7-m/nofp\libc_nano.a(libc_a-errno.o)
 .debug_frame   0x00003c44       0x2c D:/software/STM32CubeIDE_1.16.1/STM32CubeIDE/plugins/com.st.stm32cube.ide.mcu.externaltools.gnu-tools-for-stm32.12.3.rel1.win32_1.0.200.202406191623/tools/bin/../lib/gcc/arm-none-eabi/12.3.1/../../../../arm-none-eabi/lib/thumb/v7-m/nofp\libc_nano.a(libc_a-init.o)
 .debug_frame   0x00003c70       0xb0 D:/software/STM32CubeIDE_1.16.1/STM32CubeIDE/plugins/com.st.stm32cube.ide.mcu.externaltools.gnu-tools-for-stm32.12.3.rel1.win32_1.0.200.202406191623/tools/bin/../lib/gcc/arm-none-eabi/12.3.1/../../../../arm-none-eabi/lib/thumb/v7-m/nofp\libc_nano.a(libc_a-lock.o)
 .debug_frame   0x00003d20       0x28 D:/software/STM32CubeIDE_1.16.1/STM32CubeIDE/plugins/com.st.stm32cube.ide.mcu.externaltools.gnu-tools-for-stm32.12.3.rel1.win32_1.0.200.202406191623/tools/bin/../lib/gcc/arm-none-eabi/12.3.1/../../../../arm-none-eabi/lib/thumb/v7-m/nofp\libc_nano.a(libc_a-memcpy-stub.o)
 .debug_frame   0x00003d48       0x38 D:/software/STM32CubeIDE_1.16.1/STM32CubeIDE/plugins/com.st.stm32cube.ide.mcu.externaltools.gnu-tools-for-stm32.12.3.rel1.win32_1.0.200.202406191623/tools/bin/../lib/gcc/arm-none-eabi/12.3.1/../../../../arm-none-eabi/lib/thumb/v7-m/nofp\libc_nano.a(libc_a-freer.o)
 .debug_frame   0x00003d80       0x50 D:/software/STM32CubeIDE_1.16.1/STM32CubeIDE/plugins/com.st.stm32cube.ide.mcu.externaltools.gnu-tools-for-stm32.12.3.rel1.win32_1.0.200.202406191623/tools/bin/../lib/gcc/arm-none-eabi/12.3.1/../../../../arm-none-eabi/lib/thumb/v7-m/nofp\libc_nano.a(libc_a-mallocr.o)
 .debug_frame   0x00003dd0       0x30 D:/software/STM32CubeIDE_1.16.1/STM32CubeIDE/plugins/com.st.stm32cube.ide.mcu.externaltools.gnu-tools-for-stm32.12.3.rel1.win32_1.0.200.202406191623/tools/bin/../lib/gcc/arm-none-eabi/12.3.1/../../../../arm-none-eabi/lib/thumb/v7-m/nofp\libc_nano.a(libc_a-mlock.o)